 cgamex86

 Timestamp is 54b6f9aa (Wed Jan 14 23:20:10 2015)

 Preferred load address is 30000000

 Start         Length     Name                   Class
 0001:00000000 0009c33fH .text$mn                CODE
 0002:00000000 00000100H .idata$5                DATA
 0002:00000100 00000004H .CRT$XCA                DATA
 0002:00000104 00000004H .CRT$XCZ                DATA
 0002:00000108 00000004H .CRT$XIA                DATA
 0002:0000010c 00000014H .CRT$XIC                DATA
 0002:00000120 00000004H .CRT$XIZ                DATA
 0002:00000124 00000004H .CRT$XPA                DATA
 0002:00000128 00000008H .CRT$XPX                DATA
 0002:00000130 00000004H .CRT$XPXA               DATA
 0002:00000134 00000004H .CRT$XPZ                DATA
 0002:00000138 00000004H .CRT$XTA                DATA
 0002:0000013c 00000004H .CRT$XTZ                DATA
 0002:00000140 0002bdd8H .rdata                  DATA
 0002:0002bf20 0000000cH .rdata$sxdata           DATA
 0002:0002bf2c 00000004H .rtc$IAA                DATA
 0002:0002bf30 00000004H .rtc$IZZ                DATA
 0002:0002bf34 00000004H .rtc$TAA                DATA
 0002:0002bf38 00000004H .rtc$TZZ                DATA
 0002:0002bf40 00000334H .xdata$x                DATA
 0002:0002c280 00000059H .edata                  DATA
 0002:0002c2dc 00000014H .idata$2                DATA
 0002:0002c2f0 00000014H .idata$3                DATA
 0002:0002c304 00000100H .idata$4                DATA
 0002:0002c404 00000490H .idata$6                DATA
 0003:00000000 0000cd54H .data                   DATA
 0003:0000cd60 00aa9108H .bss                    DATA
 0004:00000000 00000058H .rsrc$01                DATA
 0004:00000060 00000180H .rsrc$02                DATA

  Address         Publics by Value              Rva+Base       Lib:Object

 0000:00000000       __except_list              00000000     <absolute>
 0000:00000000       ___guard_fids_count        00000000     <absolute>
 0000:00000000       ___guard_flags             00000000     <absolute>
 0000:00000000       ___guard_fids_table        00000000     <absolute>
 0000:00000003       ___safe_se_handler_count   00000003     <absolute>
 0000:00000000       ___ImageBase               30000000     <linker-defined>
 0001:00000000       _G_SetAnimalVehicleFunctions 30001000 f   AnimalNPC.obj
 0001:000002e0       _BG_AttachToRancor         300012e0 f   bg_g2_utils.obj
 0001:00000540       _BG_GetRootSurfNameWithVariant 30001540 f   bg_g2_utils.obj
 0001:000005d0       _BG_AddPredictableEventToPlayerstate 300015d0 f   bg_misc.obj
 0001:00000610       _BG_Alloc                  30001610 f   bg_misc.obj
 0001:00000660       _BG_CanItemBeGrabbed       30001660 f   bg_misc.obj
 0001:000009e0       _BG_CanUseFPNow            300019e0 f   bg_misc.obj
 0001:00000af0       _BG_CycleForce             30001af0 f   bg_misc.obj
 0001:00000bd0       _BG_CycleInven             30001bd0 f   bg_misc.obj
 0001:00000ca0       _BG_EmplacedView           30001ca0 f   bg_misc.obj
 0001:00000d60       _BG_EvaluateTrajectory     30001d60 f   bg_misc.obj
 0001:00000fd0       _BG_EvaluateTrajectoryDelta 30001fd0 f   bg_misc.obj
 0001:000011e0       _BG_FileExists             300021e0 f   bg_misc.obj
 0001:00001230       _BG_FindItemForHoldable    30002230 f   bg_misc.obj
 0001:00001290       _BG_FindItemForPowerup     30002290 f   bg_misc.obj
 0001:000012f0       _BG_FindItemForWeapon      300022f0 f   bg_misc.obj
 0001:00001330       _BG_GetItemIndexByTag      30002330 f   bg_misc.obj
 0001:00001370       _BG_HasYsalamiri           30002370 f   bg_misc.obj
 0001:000013b0       _BG_IsItemSelectable       300023b0 f   bg_misc.obj
 0001:000013d0       _BG_IsUsingHeavyWeap       300023d0 f   bg_misc.obj
 0001:00001410       _BG_IsUsingMediumWeap      30002410 f   bg_misc.obj
 0001:00001440       _BG_IsValidCharacterModel  30002440 f   bg_misc.obj
 0001:000014b0       _BG_IsWhiteSpace           300024b0 f   bg_misc.obj
 0001:000014d0       _BG_ModelCache             300024d0 f   bg_misc.obj
 0001:00001500       _BG_ParseField             30002500 f   bg_misc.obj
 0001:00001640       _BG_PlayerStateToEntityState 30002640 f   bg_misc.obj
 0001:00001ae0       _BG_PlayerTouchesItem      30002ae0 f   bg_misc.obj
 0001:00001b70       _BG_ProperForceIndex       30002b70 f   bg_misc.obj
 0001:00001ba0       _BG_TempAlloc              30002ba0 f   bg_misc.obj
 0001:00001be0       _BG_TempFree               30002be0 f   bg_misc.obj
 0001:00001c30       _BG_TouchJumpPad           30002c30 f   bg_misc.obj
 0001:00001cb0       _BG_ValidateSkinForTeam    30002cb0 f   bg_misc.obj
 0001:00001ef0       _vectoyaw                  30002ef0 f   bg_misc.obj
 0001:00001fa0       _BG_AnimLength             30002fa0 f   bg_panimate.obj
 0001:00002000       _BG_AnimsetAlloc           30003000 f   bg_panimate.obj
 0001:00002030       _BG_BounceAnim             30003030 f   bg_panimate.obj
 0001:000020a0       _BG_CrouchAnim             300030a0 f   bg_panimate.obj
 0001:000021a0       _BG_FlippingAnim           300031a0 f   bg_panimate.obj
 0001:00002280       _BG_FullBodyTauntAnim      30003280 f   bg_panimate.obj
 0001:000022c0       _BG_GetLegsAnimPoint       300032c0 f   bg_panimate.obj
 0001:000023a0       _BG_GetTorsoAnimPoint      300033a0 f   bg_panimate.obj
 0001:00002480       _BG_InBackFlip             30003480 f   bg_panimate.obj
 0001:000024a0       _BG_InDeathAnim            300034a0 f   bg_panimate.obj
 0001:000024e0       _BG_InGrappleMove          300034e0 f   bg_panimate.obj
 0001:00002530       _BG_InKataAnim             30003530 f   bg_panimate.obj
 0001:00002550       _BG_InKnockDownOnly        30003550 f   bg_panimate.obj
 0001:00002570       _BG_InLedgeMove            30003570 f   bg_panimate.obj
 0001:00002590       _BG_InReboundHold          30003590 f   bg_panimate.obj
 0001:000025b0       _BG_InReboundJump          300035b0 f   bg_panimate.obj
 0001:000025d0       _BG_InRoll                 300035d0 f   bg_panimate.obj
 0001:00002660       _BG_InSaberLock            30003660 f   bg_panimate.obj
 0001:00002720       _BG_InSaberLockOld         30003720 f   bg_panimate.obj
 0001:00002760       _BG_InSaberStandAnim       30003760 f   bg_panimate.obj
 0001:000027a0       _BG_InSpecialJump          300037a0 f   bg_panimate.obj
 0001:000028a0       _BG_InitAnimsets           300038a0 f   bg_panimate.obj
 0001:000028c0       _BG_KickMove               300038c0 f   bg_panimate.obj
 0001:000028e0       _BG_KickingAnim            300038e0 f   bg_panimate.obj
 0001:00002940       _BG_ParseAnimationFile     30003940 f   bg_panimate.obj
 0001:00002c60       _BG_SaberInAttack          30003c60 f   bg_panimate.obj
 0001:00002c90       _BG_SaberInAttackPure      30003c90 f   bg_panimate.obj
 0001:00002cb0       _BG_SaberInIdle            30003cb0 f   bg_panimate.obj
 0001:00002cc0       _BG_SaberInKata            30003cc0 f   bg_panimate.obj
 0001:00002ce0       _BG_SaberInSpecial         30003ce0 f   bg_panimate.obj
 0001:00002d00       _BG_SaberInSpecialAttack   30003d00 f   bg_panimate.obj
 0001:00002e60       _BG_SaberInTransitionAny   30003e60 f   bg_panimate.obj
 0001:00002e90       _BG_SaberLockBreakAnim     30003e90 f   bg_panimate.obj
 0001:00002f50       _BG_SaberStartTransAnim    30003f50 f   bg_panimate.obj
 0001:000031d0       _BG_SetAnim                300041d0 f   bg_panimate.obj
 0001:000032f0       _BG_SetAnimFinal           300042f0 f   bg_panimate.obj
 0001:00003610       _BG_SpinningSaberAnim      30004610 f   bg_panimate.obj
 0001:000038b0       _BG_SuperBreakLoseAnim     300048b0 f   bg_panimate.obj
 0001:00003940       _BG_SuperBreakWinAnim      30004940 f   bg_panimate.obj
 0001:000039d0       _PM_AnimLength             300049d0 f   bg_panimate.obj
 0001:00003a50       _PM_CanRollFromSoulCal     30004a50 f   bg_panimate.obj
 0001:00003a80       _PM_ContinueLegsAnim       30004a80 f   bg_panimate.obj
 0001:00003ab0       _PM_ForceLegsAnim          30004ab0 f   bg_panimate.obj
 0001:00003b50       _PM_InCartwheel            30004b50 f   bg_panimate.obj
 0001:00003b80       _PM_InForceGetUp           30004b80 f   bg_panimate.obj
 0001:00003bb0       _PM_InGetUp                30004bb0 f   bg_panimate.obj
 0001:00003c20       _PM_InKnockDown            30004c20 f   bg_panimate.obj
 0001:00003c80       _PM_InOnGroundAnim         30004c80 f   bg_panimate.obj
 0001:00003cc0       _PM_InRollComplete         30004cc0 f   bg_panimate.obj
 0001:00003cf0       _PM_InSaberAnim            30004cf0 f   bg_panimate.obj
 0001:00003d10       _PM_JumpingAnim            30004d10 f   bg_panimate.obj
 0001:00003d30       _PM_KnockDownAnimExtended  30004d30 f   bg_panimate.obj
 0001:00003d70       _PM_LandingAnim            30004d70 f   bg_panimate.obj
 0001:00003dc0       _PM_LockedAnim             30004dc0 f   bg_panimate.obj
 0001:00003e10       _PM_PainAnim               30004e10 f   bg_panimate.obj
 0001:00003e30       _PM_SaberBounceForAttack   30004e30 f   bg_panimate.obj
 0001:00003eb0       _PM_SaberInKnockaway       30004eb0 f   bg_panimate.obj
 0001:00003ed0       _PM_SaberInParry           30004ed0 f   bg_panimate.obj
 0001:00003ef0       _PM_SaberInReflect         30004ef0 f   bg_panimate.obj
 0001:00003f10       _PM_SaberInReturn          30004f10 f   bg_panimate.obj
 0001:00003f30       _PM_SaberInStart           30004f30 f   bg_panimate.obj
 0001:00003f50       _PM_SaberInTransition      30004f50 f   bg_panimate.obj
 0001:00003f70       _PM_SaberReturnAnim        30004f70 f   bg_panimate.obj
 0001:00003fe0       _PM_SetAnim                30004fe0 f   bg_panimate.obj
 0001:00004010       _PM_StartTorsoAnim         30005010 f   bg_panimate.obj
 0001:00004040       _BG_AdjustClientSpeed      30005040 f   bg_pmove.obj
 0001:000043a0       _BG_BoneOrientationsForClass 300053a0 f   bg_pmove.obj
 0001:000044f0       _BG_ClassHasBadBones       300054f0 f   bg_pmove.obj
 0001:00004530       _BG_ClearRocketLock        30005530 f   bg_pmove.obj
 0001:00004570       _BG_CmdForRoll             30005570 f   bg_pmove.obj
 0001:00004780       _BG_G2ATSTAngles           30005780 f   bg_pmove.obj
 0001:000051f0       _BG_G2PlayerAngles         300061f0 f   bg_pmove.obj
 0001:00005f60       _BG_IK_MoveArm             30006f60 f   bg_pmove.obj
 0001:00006420       _BG_InKnockDown            30007420 f   bg_pmove.obj
 0001:00006470       _BG_InRoll2                30007470 f   bg_pmove.obj
 0001:00006500       _BG_InSlopeAnim            30007500 f   bg_pmove.obj
 0001:00006520       _BG_SabersOff              30007520 f   bg_pmove.obj
 0001:00006710       _BG_UnrestrainedPitchRoll  30007710 f   bg_pmove.obj
 0001:00006760       _BG_UpdateLookAngles       30007760 f   bg_pmove.obj
 0001:00006930       _BG_VehTraceFromCamPos     30007930 f   bg_pmove.obj
 0001:00006b80       _BG_VehicleAdjustBBoxForOrientation 30007b80 f   bg_pmove.obj
 0001:00007000       _BG_VehicleTurnRateForSpeed 30008000 f   bg_pmove.obj
 0001:000070c0       _JumpHeightDeduction       300080c0 f   bg_pmove.obj
 0001:00007140       _LedgeGrabableEntity       30008140 f   bg_pmove.obj
 0001:00007190       _LedgeTrace                30008190 f   bg_pmove.obj
 0001:00007540       _NumberOfWeapons           30008540 f   bg_pmove.obj
 0001:00007770       _PM_AddEvent               30008770 f   bg_pmove.obj
 0001:00007790       _PM_AddEventWithParm       30008790 f   bg_pmove.obj
 0001:000077b0       _PM_AddTouchEnt            300087b0 f   bg_pmove.obj
 0001:00007800       _PM_AdjustAngleForWallGrap 30008800 f   bg_pmove.obj
 0001:00007a80       _PM_AdjustAngleForWallJump 30008a80 f   bg_pmove.obj
 0001:00007f50       _PM_AdjustAngleForWallRun  30008f50 f   bg_pmove.obj
 0001:00008390       _PM_AdjustAngleForWallRunUp 30009390 f   bg_pmove.obj
 0001:000087d0       _PM_AdjustAnglesForKnockdown 300097d0 f   bg_pmove.obj
 0001:00008910       _PM_AdjustAttackStates     30009910 f   bg_pmove.obj
 0001:00008cb0       _PM_AdjustStandAnimForSlope 30009cb0 f   bg_pmove.obj
 0001:000096c0       _PM_BGEntForNum            3000a6c0 f   bg_pmove.obj
 0001:000096f0       _PM_BeginWeaponChange      3000a6f0 f   bg_pmove.obj
 0001:000097c0       _PM_CanForceFall           3000a7c0 f   bg_pmove.obj
 0001:000098c0       _PM_CanSetWeaponReadyAnim  3000a8c0 f   bg_pmove.obj
 0001:00009920       _PM_CheckDualForwardJumpDuck 3000a920 f   bg_pmove.obj
 0001:00009e50       _PM_CheckFixMins           3000ae50 f   bg_pmove.obj
 0001:0000a080       _PM_CheckGrab              3000b080 f   bg_pmove.obj
 0001:0000c0b0       _PM_CheckRollGetup         3000d0b0 f   bg_pmove.obj
 0001:0000c3a0       _PM_CheckRollSafety        3000d3a0 f   bg_pmove.obj
 0001:0000c730       _PM_ClipVelocity           3000d730 f   bg_pmove.obj
 0001:0000d500       _PM_CrouchGetup            3000e500 f   bg_pmove.obj
 0001:0000dc20       _PM_DoPunch                3000ec20 f   bg_pmove.obj
 0001:0000dcf0       _PM_FinishWeaponChange     3000ecf0 f   bg_pmove.obj
 0001:0000e1f0       _PM_FootSlopeTrace         3000f1f0 f   bg_pmove.obj
 0001:0000ee50       _PM_ForceJumpingUp         3000fe50 f   bg_pmove.obj
 0001:0000f170       _PM_GetOkWeaponForVehicle  30010170 f   bg_pmove.obj
 0001:0000f1b0       _PM_GetSaberStance         300101b0 f   bg_pmove.obj
 0001:0000f2b0       _PM_GetWeaponReadyAnim     300102b0 f i bg_pmove.obj
 0001:0000f2e0       _PM_GettingUpFromKnockDown 300102e0 f   bg_pmove.obj
 0001:0000f700       _PM_GrabWallForJump        30010700 f   bg_pmove.obj
 0001:0000fce0       _PM_HoverTrace             30010ce0 f   bg_pmove.obj
 0001:00010150       _PM_InForceFall            30011150 f   bg_pmove.obj
 0001:000102e0       _PM_LegsSlopeBackTransition 300112e0 f   bg_pmove.obj
 0001:00010380       _PM_MinGetUpTime           30011380 f   bg_pmove.obj
 0001:000103f0       _PM_MoveForKata            300113f0 f   bg_pmove.obj
 0001:00010550       _PM_MoveLock               30011550 f   bg_pmove.obj
 0001:000108e0       _PM_RocketLock             300118e0 f   bg_pmove.obj
 0001:00010cf0       _PM_RunningAnim            30011cf0 f   bg_pmove.obj
 0001:00010d40       _PM_SetForceJumpZStart     30011d40 f   bg_pmove.obj
 0001:00010e70       _PM_SetPMViewAngle         30011e70 f   bg_pmove.obj
 0001:00010ef0       _PM_SetSpecialMoveValues   30011ef0 f   bg_pmove.obj
 0001:00011310       _PM_SetVelocityforLedgeMove 30012310 f   bg_pmove.obj
 0001:00011a30       _PM_UpdateViewAngles       30012a30 f   bg_pmove.obj
 0001:00011c50       _PM_Use                    30012c50 f   bg_pmove.obj
 0001:00011cb0       _PM_VehFaceHyperspacePoint 30012cb0 f   bg_pmove.obj
 0001:00011f30       _PM_VehForcedTurning       30012f30 f   bg_pmove.obj
 0001:000120f0       _PM_VehicleViewAngles      300130f0 f   bg_pmove.obj
 0001:00012280       _PM_VehicleWeaponAnimate   30013280 f   bg_pmove.obj
 0001:00012c50       _PM_WalkingAnim            30013c50 f   bg_pmove.obj
 0001:00014b10       _PM_WeaponOkOnVehicle      30015b10 f   bg_pmove.obj
 0001:00014b30       _PM_pitch_roll_for_slope   30015b30 f   bg_pmove.obj
 0001:00014e80       _Pmove                     30015e80 f   bg_pmove.obj
 0001:00014f30       _PmoveSingle               30015f30 f   bg_pmove.obj
 0001:000164c0       _BG_AddFatigue             300174c0 f   bg_saber.obj
 0001:00016520       _BG_CheckIncrementLockAnim 30017520 f   bg_saber.obj
 0001:000165d0       _BG_EnoughForcePowerForMove 300175d0 f   bg_saber.obj
 0001:00016600       _BG_ForcePowerDrain        30017600 f   bg_saber.obj
 0001:00016680       _BG_InSlowBounce           30017680 f   bg_saber.obj
 0001:000166c0       _BG_MySaber                300176c0 f   bg_saber.obj
 0001:00016720       _BG_SaberFatigue           30017720 f   bg_saber.obj
 0001:000167e0       _PM_BrokenParryForParry    300177e0 f   bg_saber.obj
 0001:000168f0       _PM_CanBackstab            300178f0 f   bg_saber.obj
 0001:00016ad0       _PM_CanDoRollStab          30017ad0 f   bg_saber.obj
 0001:00016b40       _PM_CheckStabDown          30017b40 f   bg_saber.obj
 0001:00016d80       _PM_DoFake                 30017d80 f   bg_saber.obj
 0001:00016e80       _PM_DoKick                 30017e80 f   bg_saber.obj
 0001:00016fe0       _PM_GroundDistance         30017fe0 f   bg_saber.obj
 0001:000170c0       _PM_KickMoveForConditions  300180c0 f   bg_saber.obj
 0001:00017280       _PM_ReturnforQuad          30018280 f   bg_saber.obj
 0001:000172f0       _PM_SaberAnimTransitionAnim 300182f0 f   bg_saber.obj
 0001:00017530       _PM_SaberAttackForMovement 30018530 f   bg_saber.obj
 0001:00018420       _PM_SaberBackflipAttackMove 30019420 f   bg_saber.obj
 0001:00018530       _PM_SaberDroidWeapon       30019530 f   bg_saber.obj
 0001:00018670       _PM_SaberFlipOverAttackMove 30019670 f   bg_saber.obj
 0001:00018840       _PM_SaberInBounce          30019840 f   bg_saber.obj
 0001:00018870       _PM_SaberInBrokenParry     30019870 f   bg_saber.obj
 0001:000188b0       _PM_SaberJumpAttackMove    300198b0 f   bg_saber.obj
 0001:00018a60       _PM_SaberJumpAttackMove2   30019a60 f   bg_saber.obj
 0001:00018b70       _PM_SaberLockBreak         30019b70 f   bg_saber.obj
 0001:00018e10       _PM_SaberLockLoseAnim      30019e10 f   bg_saber.obj
 0001:00018ed0       _PM_SaberLockResultAnim    30019ed0 f   bg_saber.obj
 0001:00018fb0       _PM_SaberLockWinAnim       30019fb0 f   bg_saber.obj
 0001:00019110       _PM_SaberLocked            3001a110 f   bg_saber.obj
 0001:000194c0       _PM_SaberLungeAttackMove   3001a4c0 f   bg_saber.obj
 0001:000196b0       _PM_SaberPowerCheck        3001a6b0 f   bg_saber.obj
 0001:00019710       _PM_SaberThrowable         3001a710 f   bg_saber.obj
 0001:000197b0       _PM_SetSaberMove           3001a7b0 f   bg_saber.obj
 0001:0001a030       _PM_WalkableGroundDistance 3001b030 f   bg_saber.obj
 0001:0001a120       _PM_WeaponLightsaber       3001b120 f   bg_saber.obj
 0001:0001b020       _PM_irand_timesync         3001c020 f   bg_saber.obj
 0001:0001b080       _BG_ParseLiteral           3001c080 f   bg_saberLoad.obj
 0001:0001b0e0       _BG_SI_SetDesiredLength    3001c0e0 f   bg_saberLoad.obj
 0001:0001b130       _BG_SI_SetLength           3001c130 f   bg_saberLoad.obj
 0001:0001b170       _BG_SI_SetLengthGradual    3001c170 f   bg_saberLoad.obj
 0001:0001b290       _TranslateSaberColor       3001c290 f   bg_saberLoad.obj
 0001:0001b350       _TranslateSaberStyle       3001c350 f   bg_saberLoad.obj
 0001:0001b410       _WP_RemoveSaber            3001c410 f   bg_saberLoad.obj
 0001:0001b4a0       _WP_SaberBladeUseSecondBladeStyle 3001c4a0 f   bg_saberLoad.obj
 0001:0001b4d0       _WP_SaberLoadParms         3001c4d0 f   bg_saberLoad.obj
 0001:0001b610       _WP_SaberParseParm         3001c610 f   bg_saberLoad.obj
 0001:0001b750       _WP_SaberParseParms        3001c750 f   bg_saberLoad.obj
 0001:0001dc30       _WP_SaberSetDefaults       3001ec30 f   bg_saberLoad.obj
 0001:0001e100       _WP_SaberValidForPlayerInMP 3001f100 f   bg_saberLoad.obj
 0001:0001e160       _WP_SetSaber               3001f160 f   bg_saberLoad.obj
 0001:0001e210       _BG_GetNextValueGroup      3001f210 f   bg_saga.obj
 0001:0001e2d0       _BG_PrecacheSabersForSiegeTeam 3001f2d0 f   bg_saga.obj
 0001:0001e3b0       _BG_SiegeFindClassByName   3001f3b0 f   bg_saga.obj
 0001:0001e400       _BG_SiegeFindClassIndexByName 3001f400 f   bg_saga.obj
 0001:0001e450       _BG_SiegeFindTeamForTheme  3001f450 f   bg_saga.obj
 0001:0001e4b0       _BG_SiegeFindThemeForTeam  3001f4b0 f   bg_saga.obj
 0001:0001e4d0       _BG_SiegeGetPairedValue    3001f4d0 f   bg_saga.obj
 0001:0001e730       _BG_SiegeGetValueGroup     3001f730 f   bg_saga.obj
 0001:0001ea40       _BG_SiegeLoadClasses       3001fa40 f   bg_saga.obj
 0001:0001eb20       _BG_SiegeLoadTeams         3001fb20 f   bg_saga.obj
 0001:0001ee40       _BG_SiegeParseClassFile    3001fe40 f   bg_saga.obj
 0001:0001f720       _BG_SiegeSetTeamTheme      30020720 f   bg_saga.obj
 0001:0001f750       _BG_SiegeStripTabs         30020750 f   bg_saga.obj
 0001:0001f790       _BG_SiegeTranslateForcePowers 30020790 f   bg_saga.obj
 0001:0001f960       _BG_SiegeTranslateGenericTable 30020960 f   bg_saga.obj
 0001:0001fa50       _PM_GroundSlideOkay        30020a50 f   bg_slidemove.obj
 0001:0001fad0       _PM_SlideMove              30020ad0 f   bg_slidemove.obj
 0001:00020370       _PM_StepSlideMove          30021370 f   bg_slidemove.obj
 0001:00020970       _PM_VehicleImpact          30021970 f   bg_slidemove.obj
 0001:00021030       _AttachRidersGeneric       30022030 f   bg_vehicleLoad.obj
 0001:000210e0       _BG_GetVehicleModelName    300220e0 f   bg_vehicleLoad.obj
 0001:00021130       _BG_GetVehicleSkinName     30022130 f   bg_vehicleLoad.obj
 0001:00021770       _BG_SetSharedVehicleFunctions 30022770 f   bg_vehicleLoad.obj
 0001:000217d0       _BG_VehWeaponLoadParms     300227d0 f   bg_vehicleLoad.obj
 0001:00021950       _BG_VehicleClampData       30022950 f   bg_vehicleLoad.obj
 0001:000219f0       _BG_VehicleGetIndex        300229f0 f   bg_vehicleLoad.obj
 0001:00021a00       _BG_VehicleLoadParms       30022a00 f   bg_vehicleLoad.obj
 0001:00021d90       _BG_VehicleSetDefaults     30022d90 f   bg_vehicleLoad.obj
 0001:00021e20       _BG_VehicleUnloadParms     30022e20 f   bg_vehicleLoad.obj
 0001:00021e40       _VEH_LoadVehWeapon         30022e40 f   bg_vehicleLoad.obj
 0001:00022030       _VEH_LoadVehicle           30023030 f   bg_vehicleLoad.obj
 0001:00022890       _VEH_VehWeaponIndexForName 30023890 f   bg_vehicleLoad.obj
 0001:00022930       _VEH_VehicleIndexForName   30023930 f   bg_vehicleLoad.obj
 0001:000229d0       _CGCam_Disable             300239d0 f   cg_camera.obj
 0001:00022a90       _CGCam_DoFade              30023a90 f   cg_camera.obj
 0001:00022b10       _CGCam_Enable              30023b10 f   cg_camera.obj
 0001:00022b90       _CGCam_Fade                30023b90 f   cg_camera.obj
 0001:00022cb0       _CGCam_Follow              30023cb0 f   cg_camera.obj
 0001:00022d70       _CGCam_FollowUpdate        30023d70 f   cg_camera.obj
 0001:000231e0       _CGCam_Move                300241e0 f   cg_camera.obj
 0001:000232c0       _CGCam_Pan                 300242c0 f   cg_camera.obj
 0001:000234c0       _CGCam_RenderScene         300244c0 f   cg_camera.obj
 0001:000234e0       _CGCam_Shake               300244e0 f   cg_camera.obj
 0001:00023520       _CGCam_TrackUpdate         30024520 f   cg_camera.obj
 0001:000238e0       _CGCam_Update              300248e0 f   cg_camera.obj
 0001:00023f10       _CGCam_UpdateFade          30024f10 f   cg_camera.obj
 0001:00024000       _CGCam_UpdateShake         30025000 f   cg_camera.obj
 0001:000241a0       _CGCam_UpdateSmooth        300251a0 f   cg_camera.obj
 0001:00024300       _CGCam_Zoom                30025300 f   cg_camera.obj
 0001:00024360       _CG_CameraParse            30025360 f   cg_camera.obj
 0001:00024600       _CG_TargetCommand_f        30025600 f   cg_consolecmds.obj
 0001:00024ac0       _CG_ConsoleCommand         30025ac0 f   cg_consolecmds.obj
 0001:00024b00       _CG_InitConsoleCommands    30025b00 f   cg_consolecmds.obj
 0001:00024d10       _CG_AddLagometerFrameInfo  30025d10 f   cg_draw.obj
 0001:00024d40       _CG_AddLagometerSnapshotInfo 30025d40 f   cg_draw.obj
 0001:00024da0       _CG_BracketEntity          30025da0 f   cg_draw.obj
 0001:00025400       _CG_CalcEWebMuzzlePoint    30026400 f   cg_draw.obj
 0001:00025530       _CG_CalcVehicleMuzzlePoint 30026530 f   cg_draw.obj
 0001:00025720       _CG_CenterPrint            30026720 f   cg_draw.obj
 0001:00025790       _CG_ChatBox_AddString      30026790 f   cg_draw.obj
 0001:00025900       _CG_ChatBox_ArrayInsert    30026900 f   cg_draw.obj
 0001:00025ab0       _CG_ChatBox_StrInsert      30026ab0 f   cg_draw.obj
 0001:00025b30       _CG_CheckTargetVehicle     30026b30 f   cg_draw.obj
 0001:00025c70       _CG_DottedLine             30026c70 f   cg_draw.obj
 0001:00026f80       _CG_Draw3DModel            30027f80 f   cg_draw.obj
 0001:000270c0       _CG_DrawActive             300280c0 f   cg_draw.obj
 0001:000275b0       _CG_DrawArmor              300285b0 f   cg_draw.obj
 0001:00027810       _CG_DrawBracketedEntities  30028810 f   cg_draw.obj
 0001:00027a20       _CG_DrawCloakFuel          30028a20 f   cg_draw.obj
 0001:00028870       _CG_DrawDodge              30029870 f   cg_draw.obj
 0001:000289c0       _CG_DrawDuelistHealth      300299c0 f   cg_draw.obj
 0001:00028a80       _CG_DrawEWebHealth         30029a80 f   cg_draw.obj
 0001:00029160       _CG_DrawFlagModel          3002a160 f   cg_draw.obj
 0001:00029340       _CG_DrawFlagStatus         3002a340 f   cg_draw.obj
 0001:00029570       _CG_DrawForcePower         3002a570 f   cg_draw.obj
 0001:000296c0       _CG_DrawForceSelect        3002a6c0 f   cg_draw.obj
 0001:00029980       _CG_DrawGenericTimerBar    3002a980 f   cg_draw.obj
 0001:00029ab0       _CG_DrawHUD                3002aab0 f   cg_draw.obj
 0001:00029e70       _CG_DrawHaqrBar            3002ae70 f   cg_draw.obj
 0001:0002a030       _CG_DrawHealth             3002b030 f   cg_draw.obj
 0001:0002a130       _CG_DrawHealthBar          3002b130 f   cg_draw.obj
 0001:0002a2c0       _CG_DrawHealthBarRough     3002b2c0 f   cg_draw.obj
 0001:0002a4d0       _CG_DrawInvenSelect        3002b4d0 f   cg_draw.obj
 0001:0002a8a0       _CG_DrawJetpackFuel        3002b8a0 f   cg_draw.obj
 0001:0002b0b0       _CG_DrawRadar              3002c0b0 f   cg_draw.obj
 0001:0002cac0       _CG_DrawSiegeInfo          3002dac0 f   cg_draw.obj
 0001:0002ce40       _CG_DrawSiegeMessage       3002de40 f   cg_draw.obj
 0001:0002ce80       _CG_DrawSiegeMessageNonMenu 3002de80 f   cg_draw.obj
 0001:0002d550       _CG_DrawTeamBackground     3002e550 f   cg_draw.obj
 0001:0002dd70       _CG_DrawVehicleAmmo        3002ed70 f   cg_draw.obj
 0001:0002dee0       _CG_DrawVehicleAmmoLower   3002eee0 f   cg_draw.obj
 0001:0002e050       _CG_DrawVehicleAmmoUpper   3002f050 f   cg_draw.obj
 0001:0002e1c0       _CG_DrawVehicleArmor       3002f1c0 f   cg_draw.obj
 0001:0002e2f0       _CG_DrawVehicleDamage      3002f2f0 f   cg_draw.obj
 0001:0002e430       _CG_DrawVehicleDamageHUD   3002f430 f   cg_draw.obj
 0001:0002e720       _CG_DrawVehicleHud         3002f720 f   cg_draw.obj
 0001:0002e8f0       _CG_DrawVehicleShields     3002f8f0 f   cg_draw.obj
 0001:0002ea20       _CG_DrawVehicleSpeed       3002fa20 f   cg_draw.obj
 0001:0002eba0       _CG_DrawVehicleTurboRecharge 3002fba0 f   cg_draw.obj
 0001:0002ec90       _CG_DrawVehicleWeaponsLinked 3002fc90 f   cg_draw.obj
 0001:0002ff00       _CG_InATST                 30030f00 f   cg_draw.obj
 0001:0002ff40       _CG_InFighter              30030f40 f   cg_draw.obj
 0001:0002ff80       _CG_SaberClashFlare        30030f80 f   cg_draw.obj
 0001:00030180       _CG_SanitizeString         30031180 f   cg_draw.obj
 0001:000308a0       _CG_Text_Height            300318a0 f   cg_draw.obj
 0001:000308f0       _CG_Text_Paint             300318f0 f   cg_draw.obj
 0001:000309a0       _CG_Text_Width             300319a0 f   cg_draw.obj
 0001:000309f0       _CG_WorldCoordToScreenCoord 300319f0 f   cg_draw.obj
 0001:00030a30       _CG_WorldCoordToScreenCoordFloat 30031a30 f   cg_draw.obj
 0001:00030b70       _CG_ColorForGivenHealth    30031b70 f   cg_drawtools.obj
 0001:00030c00       _CG_ColorForHealth         30031c00 f   cg_drawtools.obj
 0001:00030c80       _CG_DrawBigString          30031c80 f   cg_drawtools.obj
 0001:00030cd0       _CG_DrawNumField           30031cd0 f   cg_drawtools.obj
 0001:00030fe0       _CG_DrawPic                30031fe0 f   cg_drawtools.obj
 0001:00031040       _CG_DrawRect               30032040 f   cg_drawtools.obj
 0001:000310d0       _CG_DrawRotatePic          300320d0 f   cg_drawtools.obj
 0001:00031140       _CG_DrawRotatePic2         30032140 f   cg_drawtools.obj
 0001:000311b0       _CG_DrawSides              300321b0 f   cg_drawtools.obj
 0001:00031290       _CG_DrawSmallString        30032290 f   cg_drawtools.obj
 0001:000312e0       _CG_DrawStringExt          300322e0 f   cg_drawtools.obj
 0001:000315d0       _CG_DrawStrlen             300325d0 f   cg_drawtools.obj
 0001:00031610       _CG_DrawTopBottom          30032610 f   cg_drawtools.obj
 0001:000316f0       _CG_FadeColor              300326f0 f   cg_drawtools.obj
 0001:00031770       _CG_FillRect               30032770 f   cg_drawtools.obj
 0001:000317f0       _CG_GetColorForHealth      300327f0 f   cg_drawtools.obj
 0001:000318d0       _CG_TileClear              300328d0 f   cg_drawtools.obj
 0001:00031b80       _UI_DrawProportionalString 30032b80 f   cg_drawtools.obj
 0001:00031c30       _UI_DrawScaledProportionalString 30032c30 f   cg_drawtools.obj
 0001:00031ce0       _CGDEBUG_SaberColor        30032ce0 f   cg_effects.obj
 0001:000324d0       _CG_Chunks                 300334d0 f   cg_effects.obj
 0001:00032bf0       _CG_DoGlass                30033bf0 f   cg_effects.obj
 0001:00033240       _CG_GlassShatter           30034240 f   cg_effects.obj
 0001:000332a0       _CG_InitGlass              300342a0 f   cg_effects.obj
 0001:00033370       _CG_MiscModelExplosion     30034370 f   cg_effects.obj
 0001:000335b0       _CG_ScorePlum              300345b0 f   cg_effects.obj
 0001:00033710       _CG_SmokePuff              30034710 f   cg_effects.obj
 0001:000338b0       _CG_TestLine               300348b0 f   cg_effects.obj
 0001:000339f0       _CG_AddBracketedEnt        300349f0 f   cg_ents.obj
 0001:00033bc0       _CG_AddPacketEntities      30034bc0 f   cg_ents.obj
 0001:00033f00       _CG_AddRadarEnt            30034f00 f   cg_ents.obj
 0001:00033f30       _CG_AdjustPositionForMover 30034f30 f   cg_ents.obj
 0001:00034020       _CG_Beam                   30035020 f   cg_ents.obj
 0001:00034130       _CG_CalcEntityLerpPositions 30035130 f   cg_ents.obj
 0001:00034260       _CG_Cube                   30035260 f   cg_ents.obj
 0001:00034410       _CG_Disintegration         30035410 f   cg_ents.obj
 0001:00036910       _CG_GreyItem               30037910 f   cg_ents.obj
 0001:00037630       _CG_ManualEntityRender     30038630 f   cg_ents.obj
 0001:00038290       _CG_PlayDoorLoopSound      30039290 f   cg_ents.obj
 0001:00038370       _CG_PlayDoorSound          30039370 f   cg_ents.obj
 0001:000385c0       _CG_PositionEntityOnTag    300395c0 f   cg_ents.obj
 0001:00038700       _CG_PositionRotatedEntityOnTag 30039700 f   cg_ents.obj
 0001:00038840       _CG_ROFF_NotetrackCallback 30039840 f   cg_ents.obj
 0001:00038db0       _CG_S_AddLoopingSound      30039db0 f   cg_ents.obj
 0001:00038e80       _CG_S_AddRealLoopingSound  30039e80 f   cg_ents.obj
 0001:00038e90       _CG_S_StopLoopingSound     30039e90 f   cg_ents.obj
 0001:00038f20       _CG_S_UpdateLoopingSounds  30039f20 f   cg_ents.obj
 0001:00038ff0       _CG_SetEntitySoundPosition 30039ff0 f   cg_ents.obj
 0001:00039080       _CG_SetGhoul2Info          3003a080 f   cg_ents.obj
 0001:000391b0       _CG_Special                3003a1b0 f   cg_ents.obj
 0001:000392b0       _FX_AddOrientedLine        3003a2b0 f   cg_ents.obj
 0001:00039400       _FX_DrawPortableShield     3003a400 f   cg_ents.obj
 0001:000395a0       _ScaleModelAxis            3003a5a0 f   cg_ents.obj
 0001:000396a0       _CG_CalcVehMuzzle          3003a6a0 f   cg_event.obj
 0001:000397c0       _CG_CheckEvents            3003a7c0 f   cg_event.obj
 0001:00039850       _CG_EntityEvent            3003a850 f   cg_event.obj
 0001:0003db50       _CG_G2MarkEvent            3003eb50 f   cg_event.obj
 0001:0003dde0       _CG_GetCTFMessageEvent     3003ede0 f   cg_event.obj
 0001:0003de50       _CG_GetStringForVoiceSound 3003ee50 f   cg_event.obj
 0001:0003dea0       _CG_InClientBitflags       3003eea0 f   cg_event.obj
 0001:0003e0b0       _CG_LocalTimingBar         3003f0b0 f   cg_event.obj
 0001:0003eb10       _CG_PainEvent              3003fb10 f   cg_event.obj
 0001:0003eb80       _CG_PlaceString            3003fb80 f   cg_event.obj
 0001:0003ed10       _CG_PrintCTFMessage        3003fd10 f   cg_event.obj
 0001:0003eec0       _CG_ReattachLimb           3003fec0 f   cg_event.obj
 0001:0003ef20       _CG_ToggleBinoculars       3003ff20 f   cg_event.obj
 0001:0003f0b0       _CG_VehMuzzleFireFX        300400b0 f   cg_event.obj
 0001:0003f1d0       _DoFall                    300401d0 f   cg_event.obj
 0001:0003f2f0       _CG_LoadHolsterData        300402f0 f   cg_holster.obj
 0001:0003f5d0       _InitHolsterData           300405d0 f   cg_holster.obj
 0001:0003f640       _CG_DrawInformation        30040640 f   cg_info.obj
 0001:00040060       _CG_LoadBar                30041060 f   cg_info.obj
 0001:00040160       _CG_LoadingClient          30041160 f   cg_info.obj
 0001:000401f0       _CG_LoadingItem            300411f0 f   cg_info.obj
 0001:00040260       _CG_LoadingString          30041260 f   cg_info.obj
 0001:000402c0       _CG_ClearLightStyles       300412c0 f   cg_light.obj
 0001:000403a0       _CG_RunLightStyles         300413a0 f   cg_light.obj
 0001:00040440       _CG_SetLightstyle          30041440 f   cg_light.obj
 0001:000405c0       _CG_AddFadeRGB             300415c0 f   cg_localents.obj
 0001:000408c0       _CG_AddFragment            300418c0 f   cg_localents.obj
 0001:00040ad0       _CG_AddLocalEntities       30041ad0 f   cg_localents.obj
 0001:00040db0       _CG_AddOLine               30041db0 f   cg_localents.obj
 0001:00040ff0       _CG_AddRefEntity           30041ff0 f   cg_localents.obj
 0001:00041160       _CG_AddScorePlum           30042160 f   cg_localents.obj
 0001:00041650       _CG_AllocLocalEntity       30042650 f   cg_localents.obj
 0001:000416d0       _CG_BloodTrail             300426d0 f   cg_localents.obj
 0001:000417a0       _CG_FragmentBounceMark     300427a0 f   cg_localents.obj
 0001:000417d0       _CG_FragmentBounceSound    300427d0 f   cg_localents.obj
 0001:00041860       _CG_FreeLocalEntity        30042860 f   cg_localents.obj
 0001:000418a0       _CG_InitLocalEntities      300428a0 f   cg_localents.obj
 0001:00041900       _CG_ReflectVelocity        30042900 f   cg_localents.obj
 0001:00041a40       _BG_GetTime                30042a40 f   cg_main.obj
 0001:00041af0       _CG_Argv                   30042af0 f   cg_main.obj
 0001:00041b10       _CG_AssetCache             30042b10 f   cg_main.obj
 0001:00041c20       _CG_Asset_Parse            30042c20 f   cg_main.obj
 0001:000420f0       _CG_BuildSpectatorString   300430f0 f   cg_main.obj
 0001:00042170       _CG_ConfigString           30043170 f   cg_main.obj
 0001:000421a0       _CG_CreateModelFromSpawnEnt 300431a0 f   cg_main.obj
 0001:000423c0       _CG_CreateWeatherZoneFromSpawnEnt 300433c0 f   cg_main.obj
 0001:000423f0       _CG_CrosshairPlayer        300433f0 f   cg_main.obj
 0001:00042700       _CG_DestroyAllGhoul2       30043700 f   cg_main.obj
 0001:000427a0       _CG_DrawMiscEnts           300437a0 f   cg_main.obj
 0001:000428c0       _CG_Error                  300438c0 f   cg_main.obj
 0001:00042c00       _CG_GetLocationString      30043c00 f   cg_main.obj
 0001:00042c30       _CG_GetStringEdString      30043c30 f   cg_main.obj
 0001:00042d60       _CG_Init                   30043d60 f   cg_main.obj
 0001:00043260       _CG_LastAttacker           30044260 f   cg_main.obj
 0001:00043280       _CG_LoadHudMenu            30044280 f   cg_main.obj
 0001:000434b0       _CG_LoadMenus              300444b0 f   cg_main.obj
 0001:000435e0       _CG_Load_Menu              300445e0 f   cg_main.obj
 0001:00043720       _CG_MiscEnt                30044720 f   cg_main.obj
 0001:000438c0       _CG_NewString              300448c0 f   cg_main.obj
 0001:00043970       _CG_NextForcePower_f       30044970 f   cg_main.obj
 0001:00043a30       _CG_NextInventory_f        30044a30 f   cg_main.obj
 0001:00043ac0       _CG_NoUseableForce         30044ac0 f   cg_main.obj
 0001:00043bf0       _CG_ParseSiegeState        30044bf0 f   cg_main.obj
 0001:00043cb0       _CG_ParseSpawnVars         30044cb0 f   cg_main.obj
 0001:00043e90       _CG_ParseWeatherEffect     30044e90 f   cg_main.obj
 0001:00043ed0       _CG_PrevForcePower_f       30044ed0 f   cg_main.obj
 0001:00043f90       _CG_PrevInventory_f        30044f90 f   cg_main.obj
 0001:00044020       _CG_Printf                 30045020 f   cg_main.obj
 0001:000441d0       _CG_RegisterCvars          300451d0 f   cg_main.obj
 0001:000465f0       _CG_SetScoreSelection      300475f0 f   cg_main.obj
 0001:00046690       _CG_Shutdown               30047690 f   cg_main.obj
 0001:000466d0       _CG_SiegeCountCvars        300476d0 f   cg_main.obj
 0001:00046910       _CG_SpawnCGameEntFromVars  30047910 f   cg_main.obj
 0001:00046ab0       _CG_StartMusic             30047ab0 f   cg_main.obj
 0001:00046bb0       _CG_Text_PaintWithCursor   30047bb0 f   cg_main.obj
 0001:00046c00       _CG_TransitionPermanent    30047c00 f   cg_main.obj
 0001:00046cc0       _CG_UpdateCvars            30047cc0 f   cg_main.obj
 0001:00047080       _Com_Error                 30048080 f   cg_main.obj
 0001:000470c0       _Com_Printf                300480c0 f   cg_main.obj
 0001:00047100       _vmMain                    30048100 f   cg_main.obj
 0001:00047470       _CG_AddMarks               30048470 f   cg_marks.obj
 0001:000475f0       _CG_AddParticleToScene     300485f0 f   cg_marks.obj
 0001:00049350       _CG_AddParticles           3004a350 f   cg_marks.obj
 0001:000496d0       _CG_AllocMark              3004a6d0 f   cg_marks.obj
 0001:00049760       _CG_ClearParticles         3004a760 f   cg_marks.obj
 0001:000497f0       _CG_ImpactMark             3004a7f0 f   cg_marks.obj
 0001:00049c60       _CG_InitMarkPolys          3004ac60 f   cg_marks.obj
 0001:00049cc0       _ItemParse_isSaber         3004acc0 f   ui_shared.obj
 0001:00049cc0       _ItemParse_isSaber2        3004acc0 f   ui_shared.obj
 0001:00049cc0       __matherr                  3004acc0 f   LIBCMT:matherr.obj
 0001:00049cc0       _CG_DeferMenuScript        3004acc0 f   cg_newDraw.obj
 0001:00049cd0       _CG_EventHandling          3004acd0 f   cg_newDraw.obj
 0001:00049d00       _CG_GameTypeString         3004ad00 f   cg_newDraw.obj
 0001:00049d70       _CG_GetGameStatusText      3004ad70 f   cg_newDraw.obj
 0001:00049e80       _CG_GetKillerText          3004ae80 f   cg_newDraw.obj
 0001:00049ec0       _CG_GetSelectedPlayer      3004aec0 f   cg_newDraw.obj
 0001:00049ee0       _CG_GetTeamColor           3004aee0 f   cg_newDraw.obj
 0001:00049f50       _CG_GetValue               3004af50 f   cg_newDraw.obj
 0001:0004a0c0       _CG_KeyEvent               3004b0c0 f   cg_newDraw.obj
 0001:0004a170       _CG_MouseEvent             3004b170 f   cg_newDraw.obj
 0001:0004a240       _CG_OtherTeamHasFlag       3004b240 f   cg_newDraw.obj
 0001:0004a280       _CG_OwnerDrawVisible       3004b280 f   cg_newDraw.obj
 0001:0004a3c0       _CG_StatusHandle           3004b3c0 f   cg_newDraw.obj
 0001:0004a420       _CG_YourTeamHasFlag        3004b420 f   cg_newDraw.obj
 0001:0004a460       _ApplyAxisRotation         3004b460 f   cg_players.obj
 0001:0004a820       _CG_ActualLoadDeferredPlayers 3004b820 f   cg_players.obj
 0001:0004aba0       _CG_AddGhoul2Mark          3004bba0 f   cg_players.obj
 0001:0004ad60       _CG_AddRefEntityWithPowerups 3004bd60 f   cg_players.obj
 0001:0004adb0       _CG_AddSaberBlade          3004bdb0 f   cg_players.obj
 0001:0004cb20       _CG_CacheG2AnimInfo        3004db20 f   cg_players.obj
 0001:0004cce0       _CG_CheckThirdPersonAlpha  3004dce0 f   cg_players.obj
 0001:0004cf90       _CG_CleanJetpackGhoul2     3004df90 f   cg_players.obj
 0001:0004d2c0       _CG_CreateNPCClient        3004e2c0 f   cg_players.obj
 0001:0004d2e0       _CG_CreateSaberMarks       3004e2e0 f   cg_players.obj
 0001:0004ddd0       _CG_CustomSound            3004edd0 f   cg_players.obj
 0001:0004e110       _CG_DestroyNPCClient       3004f110 f   cg_players.obj
 0001:0004e130       _CG_DoEp1Saber             3004f130 f   cg_players.obj
 0001:0004f7f0       _CG_DoEp2Saber             300507f0 f   cg_players.obj
 0001:00050fa0       _CG_DoEp3Saber             30051fa0 f   cg_players.obj
 0001:00052770       _CG_DoOTSaber              30053770 f   cg_players.obj
 0001:00053e80       _CG_DoSFXSaber             30054e80 f   cg_players.obj
 0001:000554f0       _CG_DoSaber                300564f0 f   cg_players.obj
 0001:00055ab0       _CG_DoSaberLight           30056ab0 f   cg_players.obj
 0001:00055f00       _CG_DrawPlayerSphere       30056f00 f   cg_players.obj
 0001:00057050       _CG_G2AnimEntModelLoad     30058050 f   cg_players.obj
 0001:00057700       _CG_G2Animated             30058700 f   cg_players.obj
 0001:00057d90       _CG_G2PlayerHeadAnims      30058d90 f   cg_players.obj
 0001:00058100       _CG_G2SaberEffects         30059100 f   cg_players.obj
 0001:00058230       _CG_G2ServerBoneAngles     30059230 f   cg_players.obj
 0001:00058550       _CG_G2SkelForModel         30059550 f   cg_players.obj
 0001:000585c0       _CG_G2TraceCollide         300595c0 f   cg_players.obj
 0001:00058780       _CG_HandleAppendedSkin     30059780 f   cg_players.obj
 0001:00058840       _CG_HolsteredWeaponRender  30059840 f   cg_players.obj
 0001:00058df0       _CG_InitJetpackGhoul2      30059df0 f   cg_players.obj
 0001:00058e50       _CG_IsMindTricked          30059e50 f   cg_players.obj
 0001:00058ef0       _CG_LoadCISounds           30059ef0 f   cg_players.obj
 0001:000592c0       _CG_LoadClientInfo         3005a2c0 f   cg_players.obj
 0001:00059600       _CG_LoadDeferredPlayers    3005a600 f   cg_players.obj
 0001:00059610       _CG_NewClientInfo          3005a610 f   cg_players.obj
 0001:0005a270       _CG_ParseAnimationEvtFile  3005b270 f   cg_players.obj
 0001:0005a600       _CG_ParseScriptedSaber     3005b600 f   cg_players.obj
 0001:0005a730       _CG_ParseSurfsFile         3005b730 f   cg_players.obj
 0001:0005a900       _CG_Player                 3005b900 f   cg_players.obj
 0001:0005f710       _CG_PlayerAmbientEvents    30060710 f   cg_players.obj
 0001:0005f870       _CG_PlayerAnimEventDo      30060870 f   cg_players.obj
 0001:0005fc30       _CG_PlayerAnimEvents       30060c30 f   cg_players.obj
 0001:00060920       _CG_PlayerShieldHit        30061920 f   cg_players.obj
 0001:00060e60       _CG_RadiusForCent          30061e60 f   cg_players.obj
 0001:00060f60       _CG_RagDoll                30061f60 f   cg_players.obj
 0001:00062780       _CG_ResetPlayerEntity      30063780 f   cg_players.obj
 0001:00062e40       _CG_SaberCompWork          30063e40 f   cg_players.obj
 0001:00063ce0       _CG_ThereIsAMaster         30064ce0 f   cg_players.obj
 0001:00063d10       _CG_TriggerAnimSounds      30064d10 f   cg_players.obj
 0001:00063e80       _CG_VehicleAttachDroidUnit 30064e80 f   cg_players.obj
 0001:00064940       _CG_VehicleShouldDrawShields 30065940 f   cg_players.obj
 0001:00064980       _CG_VisualWeaponsUpdate    30065980 f   cg_players.obj
 0001:000657e0       _CheckAnimFrameForEventType 300667e0 f   cg_players.obj
 0001:00065820       _FindGender                30066820 f   cg_players.obj
 0001:00065910       _ParseAnimationEvtBlock    30066910 f   cg_players.obj
 0001:000661f0       _ParseRGBSaber             300671f0 f   cg_players.obj
 0001:00066240       _RGB_AdjustPimpSaberColor  30067240 f   cg_players.obj
 0001:000663c0       _RGB_AdjustSciptedSaberColor 300673c0 f   cg_players.obj
 0001:00066520       _RGB_RandomRGB             30067520 f   cg_players.obj
 0001:00066580       _SmoothTrueView            30067580 f   cg_players.obj
 0001:00067200       _CG_CheckLocalSounds       30068200 f   cg_playerstate.obj
 0001:000673d0       _CG_CheckPlayerstateEvents 300683d0 f   cg_playerstate.obj
 0001:000674c0       _CG_DamageFeedback         300684c0 f   cg_playerstate.obj
 0001:00067810       _CG_Respawn                30068810 f   cg_playerstate.obj
 0001:00067840       _CG_TransitionPlayerState  30068840 f   cg_playerstate.obj
 0001:00067960       _CG_BuildSolidList         30068960 f   cg_predict.obj
 0001:00067f60       _CG_G2Trace                30068f60 f   cg_predict.obj
 0001:00068340       _CG_PmoveClientPointerUpdate 30069340 f   cg_predict.obj
 0001:000683d0       _CG_PointContents          300693d0 f   cg_predict.obj
 0001:00068450       _CG_PredictPlayerState     30069450 f   cg_predict.obj
 0001:00069850       _CG_Trace                  3006a850 f   cg_predict.obj
 0001:000698e0       _CG_UsingEWeb              3006a8e0 f   cg_predict.obj
 0001:000699c0       _CG_AdjustEyePos           3006a9c0 f   cg_saga.obj
 0001:00069a20       _CG_InitSiegeMode          3006aa20 f   cg_saga.obj
 0001:0006a100       _CG_ParseSiegeExtendedData 3006b100 f   cg_saga.obj
 0001:0006a2d0       _CG_ParseSiegeObjectiveStatus 3006b2d0 f   cg_saga.obj
 0001:0006a520       _CG_PrecachePlayersForSiegeTeam 3006b520 f   cg_saga.obj
 0001:0006a640       _CG_PrecacheSiegeObjectiveAssetsForTeam 3006b640 f   cg_saga.obj
 0001:0006a7f0       _CG_SetSiegeTimerCvar      3006b7f0 f   cg_saga.obj
 0001:0006a860       _CG_SiegeBriefingDisplay   3006b860 f   cg_saga.obj
 0001:0006acb0       _CG_SiegeGetObjectiveDescription 3006bcb0 f   cg_saga.obj
 0001:0006ad50       _CG_SiegeGetObjectiveFinal 3006bd50 f   cg_saga.obj
 0001:0006ae90       _CG_SiegeObjectiveCompleted 3006be90 f   cg_saga.obj
 0001:0006b030       _CG_SiegeRoundOver         3006c030 f   cg_saga.obj
 0001:0006b180       _CG_TrueViewInit           3006c180 f   cg_saga.obj
 0001:0006b210       _siege_Cvar_Set            3006c210 f   cg_saga.obj
 0001:0006b340       _siege_Cvar_VariableStringBuffer 3006c340 f   cg_saga.obj
 0001:0006b400       _siegecvarlist             3006c400 f   cg_saga.obj
 0001:0006bb40       _CG_DrawOldScoreboard      3006cb40 f   cg_scoreboard.obj
 0001:0006c490       _CG_GetClassCount          3006d490 f   cg_scoreboard.obj
 0001:0006c4e0       _CG_GetTeamCount           3006d4e0 f   cg_scoreboard.obj
 0001:0006c530       _CG_GetTeamNonScoreCount   3006d530 f   cg_scoreboard.obj
 0001:0006c890       _CG_CheckSVStringEdRef     3006d890 f   cg_servercmds.obj
 0001:0006cfd0       _CG_ExecuteNewServerCommands 3006dfd0 f   cg_servercmds.obj
 0001:0006d010       _CG_HandleNPCSounds        3006e010 f   cg_servercmds.obj
 0001:0006d4c0       _CG_KillCEntityG2          3006e4c0 f   cg_servercmds.obj
 0001:0006d670       _CG_KillCEntityInstances   3006e670 f   cg_servercmds.obj
 0001:0006db30       _CG_ParseServerinfo        3006eb30 f   cg_servercmds.obj
 0001:0006dfe0       _CG_PrecacheNPCSounds      3006efe0 f   cg_servercmds.obj
 0001:0006ef40       _CG_SetConfigValues        3006ff40 f   cg_servercmds.obj
 0001:0006f070       _CG_ShaderStateChanged     30070070 f   cg_servercmds.obj
 0001:0006f1e0       _SetCustomSoundForType     300701e0 f   cg_servercmds.obj
 0001:0006f280       _SetDuelistHealthsFromConfigString 30070280 f   cg_servercmds.obj
 0001:0006f350       _CG_ProcessSnapshots       30070350 f   cg_snapshot.obj
 0001:0006f5d0       _CG_SetInitialSnapshot     300705d0 f   cg_snapshot.obj
 0001:0006fa50       _strap_G2API_AnimateG2Models 30070a50 f   cg_strap.obj
 0001:0006fa60       _strap_G2API_GetBoltMatrix 30070a60 f   cg_strap.obj
 0001:0006fa70       _strap_G2API_GetBoltMatrix_NoRecNoRot 30070a70 f   cg_strap.obj
 0001:0006fa80       _strap_G2API_GetBoneAnim   30070a80 f   cg_strap.obj
 0001:0006fa90       _strap_G2API_IKMove        30070a90 f   cg_strap.obj
 0001:0006faa0       _strap_G2API_SetBoneAngles 30070aa0 f   cg_strap.obj
 0001:0006fab0       _strap_G2API_SetBoneAnim   30070ab0 f   cg_strap.obj
 0001:0006faf0       _strap_G2API_SetBoneIKState 30070af0 f   cg_strap.obj
 0001:0006fb00       _dllEntry                  30070b00 f   cg_syscalls.obj
 0001:0006fb10       _trap_AS_AddPrecacheEntry  30070b10 f   cg_syscalls.obj
 0001:0006fb30       _trap_AS_GetBModelSound    30070b30 f   cg_syscalls.obj
 0001:0006fb50       _trap_AS_ParseSets         30070b50 f   cg_syscalls.obj
 0001:0006fb60       _trap_AddCommand           30070b60 f   cg_syscalls.obj
 0001:0006fb80       _trap_AnyLanguage_ReadCharFromString 30070b80 f   cg_syscalls.obj
 0001:0006fba0       _trap_Argc                 30070ba0 f   cg_syscalls.obj
 0001:0006fbb0       _trap_Args                 30070bb0 f   cg_syscalls.obj
 0001:0006fbd0       _trap_Argv                 30070bd0 f   cg_syscalls.obj
 0001:0006fbf0       _trap_CG_RegisterSharedMemory 30070bf0 f   cg_syscalls.obj
 0001:0006fc10       _trap_CIN_DrawCinematic    30070c10 f   cg_syscalls.obj
 0001:0006fc30       _trap_CIN_PlayCinematic    30070c30 f   cg_syscalls.obj
 0001:0006fc60       _trap_CIN_RunCinematic     30070c60 f   cg_syscalls.obj
 0001:0006fc80       _trap_CIN_SetExtents       30070c80 f   cg_syscalls.obj
 0001:0006fcb0       _trap_CIN_StopCinematic    30070cb0 f   cg_syscalls.obj
 0001:0006fcd0       _trap_CM_BoxTrace          30070cd0 f   cg_syscalls.obj
 0001:0006fd00       _trap_CM_InlineModel       30070d00 f   cg_syscalls.obj
 0001:0006fd20       _trap_CM_LoadMap           30070d20 f   cg_syscalls.obj
 0001:0006fd40       _trap_CM_MarkFragments     30070d40 f   cg_syscalls.obj
 0001:0006fd70       _trap_CM_NumInlineModels   30070d70 f   cg_syscalls.obj
 0001:0006fd80       _trap_CM_PointContents     30070d80 f   cg_syscalls.obj
 0001:0006fda0       _trap_CM_TempBoxModel      30070da0 f   cg_syscalls.obj
 0001:0006fdc0       _trap_CM_TransformedBoxTrace 30070dc0 f   cg_syscalls.obj
 0001:0006fdf0       _trap_CM_TransformedPointContents 30070df0 f   cg_syscalls.obj
 0001:0006fe10       _trap_Cvar_Register        30070e10 f   cg_syscalls.obj
 0001:0006fe30       _trap_Cvar_Set             30070e30 f   cg_syscalls.obj
 0001:0006fe50       _trap_Cvar_Update          30070e50 f   cg_syscalls.obj
 0001:0006fe70       _trap_Cvar_VariableStringBuffer 30070e70 f   cg_syscalls.obj
 0001:0006fe90       _trap_Error                30070e90 f   cg_syscalls.obj
 0001:0006feb0       _trap_FS_FCloseFile        30070eb0 f   cg_syscalls.obj
 0001:0006fed0       _trap_FS_FOpenFile         30070ed0 f   cg_syscalls.obj
 0001:0006fef0       _trap_FS_GetFileList       30070ef0 f   cg_syscalls.obj
 0001:0006ff10       _trap_FS_Read              30070f10 f   cg_syscalls.obj
 0001:0006ff30       _trap_FX_AddBezier         30070f30 f   cg_syscalls.obj
 0001:0006ff50       _trap_FX_AddElectricity    30070f50 f   cg_syscalls.obj
 0001:0006ff70       _trap_FX_AddLine           30070f70 f   cg_syscalls.obj
 0001:00070000       _trap_FX_AddPoly           30071000 f   cg_syscalls.obj
 0001:00070020       _trap_FX_AddPrimitive      30071020 f   cg_syscalls.obj
 0001:00070040       _trap_FX_AddScheduledEffects 30071040 f   cg_syscalls.obj
 0001:00070060       _trap_FX_AddSprite         30071060 f   cg_syscalls.obj
 0001:00070080       _trap_FX_AdjustTime        30071080 f   cg_syscalls.obj
 0001:000700a0       _trap_FX_FreeSystem        300710a0 f   cg_syscalls.obj
 0001:000700b0       _trap_FX_InitSystem        300710b0 f   cg_syscalls.obj
 0001:000700d0       _trap_FX_PlayBoltedEffectID 300710d0 f   cg_syscalls.obj
 0001:00070100       _trap_FX_PlayEffectID      30071100 f   cg_syscalls.obj
 0001:00070130       _trap_FX_PlayEntityEffectID 30071130 f   cg_syscalls.obj
 0001:00070160       _trap_FX_PlayPortalEffectID 30071160 f   cg_syscalls.obj
 0001:00070180       _trap_FX_RegisterEffect    30071180 f   cg_syscalls.obj
 0001:000701a0       _trap_G2API_AbsurdSmoothing 300711a0 f   cg_syscalls.obj
 0001:000701c0       _trap_G2API_AddBolt        300711c0 f   cg_syscalls.obj
 0001:000701e0       _trap_G2API_AddSkinGore    300711e0 f   cg_syscalls.obj
 0001:00070200       _trap_G2API_AnimateG2Models 30071200 f   cg_syscalls.obj
 0001:00070220       _trap_G2API_AttachInstanceToEntNum 30071220 f   cg_syscalls.obj
 0001:00070240       _trap_G2API_CleanGhoul2Models 30071240 f   cg_syscalls.obj
 0001:00070260       _trap_G2API_ClearAttachedInstance 30071260 f   cg_syscalls.obj
 0001:00070280       _trap_G2API_ClearSkinGore  30071280 f   cg_syscalls.obj
 0001:000702a0       _trap_G2API_CollisionDetect 300712a0 f   cg_syscalls.obj
 0001:000702f0       _trap_G2API_CollisionDetectCache 300712f0 f   cg_syscalls.obj
 0001:00070340       _trap_G2API_CopySpecificGhoul2Model 30071340 f   cg_syscalls.obj
 0001:00070360       _trap_G2API_DuplicateGhoul2Instance 30071360 f   cg_syscalls.obj
 0001:00070380       _trap_G2API_GetBoltMatrix  30071380 f   cg_syscalls.obj
 0001:000703b0       _trap_G2API_GetBoltMatrix_NoRecNoRot 300713b0 f   cg_syscalls.obj
 0001:000703e0       _trap_G2API_GetBoneAnim    300713e0 f   cg_syscalls.obj
 0001:00070420       _trap_G2API_GetBoneFrame   30071420 f   cg_syscalls.obj
 0001:00070450       _trap_G2API_GetGLAName     30071450 f   cg_syscalls.obj
 0001:00070470       _trap_G2API_GetNumGoreMarks 30071470 f   cg_syscalls.obj
 0001:00070490       _trap_G2API_GetSurfaceRenderStatus 30071490 f   cg_syscalls.obj
 0001:000704b0       _trap_G2API_HasGhoul2ModelOnIndex 300714b0 f   cg_syscalls.obj
 0001:000704d0       _trap_G2API_IKMove         300714d0 f   cg_syscalls.obj
 0001:000704f0       _trap_G2API_InitGhoul2Model 300714f0 f   cg_syscalls.obj
 0001:00070520       _trap_G2API_RagEffectorGoal 30071520 f   cg_syscalls.obj
 0001:00070540       _trap_G2API_RagEffectorKick 30071540 f   cg_syscalls.obj
 0001:00070560       _trap_G2API_RagForceSolve  30071560 f   cg_syscalls.obj
 0001:00070580       _trap_G2API_RagPCJConstraint 30071580 f   cg_syscalls.obj
 0001:000705a0       _trap_G2API_RagPCJGradientSpeed 300715a0 f   cg_syscalls.obj
 0001:000705d0       _trap_G2API_RemoveGhoul2Model 300715d0 f   cg_syscalls.obj
 0001:000705f0       _trap_G2API_SetBoltInfo    300715f0 f   cg_syscalls.obj
 0001:00070610       _trap_G2API_SetBoneAngles  30071610 f   cg_syscalls.obj
 0001:00070650       _trap_G2API_SetBoneAnim    30071650 f   cg_syscalls.obj
 0001:000706a0       _trap_G2API_SetBoneIKState 300716a0 f   cg_syscalls.obj
 0001:000706d0       _trap_G2API_SetNewOrigin   300716d0 f   cg_syscalls.obj
 0001:000706f0       _trap_G2API_SetRagDoll     300716f0 f   cg_syscalls.obj
 0001:00070710       _trap_G2API_SetRootSurface 30071710 f   cg_syscalls.obj
 0001:00070730       _trap_G2API_SetSkin        30071730 f   cg_syscalls.obj
 0001:00070750       _trap_G2API_SetSurfaceOnOff 30071750 f   cg_syscalls.obj
 0001:00070770       _trap_G2API_SkinlessModel  30071770 f   cg_syscalls.obj
 0001:00070790       _trap_G2_HaveWeGhoul2Models 30071790 f   cg_syscalls.obj
 0001:000707b0       _trap_GetCurrentCmdNumber  300717b0 f   cg_syscalls.obj
 0001:000707c0       _trap_GetCurrentSnapshotNumber 300717c0 f   cg_syscalls.obj
 0001:000707e0       _trap_GetDefaultState      300717e0 f   cg_syscalls.obj
 0001:00070800       _trap_GetEntityToken       30071800 f   cg_syscalls.obj
 0001:00070820       _trap_GetGameState         30071820 f   cg_syscalls.obj
 0001:00070840       _trap_GetGlconfig          30071840 f   cg_syscalls.obj
 0001:00070860       _trap_GetServerCommand     30071860 f   cg_syscalls.obj
 0001:00070880       _trap_GetSnapshot          30071880 f   cg_syscalls.obj
 0001:000708a0       _trap_GetUserCmd           300718a0 f   cg_syscalls.obj
 0001:000708c0       _trap_Key_GetCatcher       300718c0 f   cg_syscalls.obj
 0001:000708d0       _trap_Key_SetCatcher       300718d0 f   cg_syscalls.obj
 0001:000708f0       _trap_Language_IsAsian     300718f0 f   cg_syscalls.obj
 0001:00070900       _trap_Language_UsesSpaces  30071900 f   cg_syscalls.obj
 0001:00070910       _trap_Milliseconds         30071910 f   cg_syscalls.obj
 0001:00070920       _trap_OpenUIMenu           30071920 f   cg_syscalls.obj
 0001:00070940       _trap_PC_FreeSource        30071940 f   cg_syscalls.obj
 0001:00070960       _trap_PC_LoadSource        30071960 f   cg_syscalls.obj
 0001:00070980       _trap_PC_ReadToken         30071980 f   cg_syscalls.obj
 0001:000709a0       _trap_PC_SourceFileAndLine 300719a0 f   cg_syscalls.obj
 0001:000709c0       _trap_Print                300719c0 f   cg_syscalls.obj
 0001:000709e0       _trap_ROFF_Clean           300719e0 f   cg_syscalls.obj
 0001:000709f0       _trap_ROFF_Play            300719f0 f   cg_syscalls.obj
 0001:00070a10       _trap_ROFF_UpdateEntities  30071a10 f   cg_syscalls.obj
 0001:00070a20       _trap_R_AddDecalToScene    30071a20 f   cg_syscalls.obj
 0001:00070a90       _trap_R_AddLightToScene    30071a90 f   cg_syscalls.obj
 0001:00070ae0       _trap_R_AddPolyToScene     30071ae0 f   cg_syscalls.obj
 0001:00070b00       _trap_R_AddRefEntityToScene 30071b00 f   cg_syscalls.obj
 0001:00070b20       _trap_R_AutomapElevAdj     30071b20 f   cg_syscalls.obj
 0001:00070b40       _trap_R_ClearDecals        30071b40 f   cg_syscalls.obj
 0001:00070b50       _trap_R_ClearScene         30071b50 f   cg_syscalls.obj
 0001:00070b60       _trap_R_DrawRotatePic      30071b60 f   cg_syscalls.obj
 0001:00070bf0       _trap_R_DrawRotatePic2     30071bf0 f   cg_syscalls.obj
 0001:00070c80       _trap_R_DrawStretchPic     30071c80 f   cg_syscalls.obj
 0001:00070d00       _trap_R_Font_DrawString    30071d00 f   cg_syscalls.obj
 0001:00070d30       _trap_R_Font_HeightPixels  30071d30 f   cg_syscalls.obj
 0001:00070d50       _trap_R_Font_StrLenChars   30071d50 f   cg_syscalls.obj
 0001:00070d70       _trap_R_Font_StrLenPixels  30071d70 f   cg_syscalls.obj
 0001:00070da0       _trap_R_GetBModelVerts     30071da0 f   cg_syscalls.obj
 0001:00070dc0       _trap_R_GetDistanceCull    30071dc0 f   cg_syscalls.obj
 0001:00070de0       _trap_R_GetRealRes         30071de0 f   cg_syscalls.obj
 0001:00070e00       _trap_R_InitWireframeAutomap 30071e00 f   cg_syscalls.obj
 0001:00070e10       _trap_R_LerpTag            30071e10 f   cg_syscalls.obj
 0001:00070e40       _trap_R_LoadWorldMap       30071e40 f   cg_syscalls.obj
 0001:00070e60       _trap_R_ModelBounds        30071e60 f   cg_syscalls.obj
 0001:00070e80       _trap_R_RegisterFont       30071e80 f   cg_syscalls.obj
 0001:00070ea0       _trap_R_RegisterModel      30071ea0 f   cg_syscalls.obj
 0001:00070ec0       _trap_R_RegisterShader     30071ec0 f   cg_syscalls.obj
 0001:00070ee0       _trap_R_RegisterShaderNoMip 30071ee0 f   cg_syscalls.obj
 0001:00070f00       _trap_R_RegisterSkin       30071f00 f   cg_syscalls.obj
 0001:00070f20       _trap_R_RemapShader        30071f20 f   cg_syscalls.obj
 0001:00070f40       _trap_R_RenderScene        30071f40 f   cg_syscalls.obj
 0001:00070f60       _trap_R_SetColor           30071f60 f   cg_syscalls.obj
 0001:00070f80       _trap_R_SetLightStyle      30071f80 f   cg_syscalls.obj
 0001:00070fa0       _trap_R_SetRangeFog        30071fa0 f   cg_syscalls.obj
 0001:00070fc0       _trap_R_SetRefractProp     30071fc0 f   cg_syscalls.obj
 0001:00071000       _trap_R_WeatherContentsOverride 30072000 f   cg_syscalls.obj
 0001:00071020       _trap_R_WorldEffectCommand 30072020 f   cg_syscalls.obj
 0001:00071040       _trap_R_inPVS              30072040 f   cg_syscalls.obj
 0001:00071060       _trap_SP_GetStringTextString 30072060 f   cg_syscalls.obj
 0001:00071080       _trap_S_AddLocalSet        30072080 f   cg_syscalls.obj
 0001:000710a0       _trap_S_AddLoopingSound    300720a0 f   cg_syscalls.obj
 0001:000710c0       _trap_S_AddRealLoopingSound 300720c0 f   cg_syscalls.obj
 0001:000710e0       _trap_S_ClearLoopingSounds 300720e0 f   cg_syscalls.obj
 0001:000710f0       _trap_S_GetVoiceVolume     300720f0 f   cg_syscalls.obj
 0001:00071110       _trap_S_MuteSound          30072110 f   cg_syscalls.obj
 0001:00071130       _trap_S_RegisterSound      30072130 f   cg_syscalls.obj
 0001:00071150       _trap_S_Respatialize       30072150 f   cg_syscalls.obj
 0001:00071170       _trap_S_ShutUp             30072170 f   cg_syscalls.obj
 0001:00071190       _trap_S_StartBackgroundTrack 30072190 f   cg_syscalls.obj
 0001:000711b0       _trap_S_StartLocalSound    300721b0 f   cg_syscalls.obj
 0001:000711d0       _trap_S_StartSound         300721d0 f   cg_syscalls.obj
 0001:000711f0       _trap_S_StopBackgroundTrack 300721f0 f   cg_syscalls.obj
 0001:00071200       _trap_S_UpdateAmbientSet   30072200 f   cg_syscalls.obj
 0001:00071220       _trap_S_UpdateEntityPosition 30072220 f   cg_syscalls.obj
 0001:00071240       _trap_SendClientCommand    30072240 f   cg_syscalls.obj
 0001:00071260       _trap_SendConsoleCommand   30072260 f   cg_syscalls.obj
 0001:00071280       _trap_SetClientForceAngle  30072280 f   cg_syscalls.obj
 0001:000712a0       _trap_SetUserCmdValue      300722a0 f   cg_syscalls.obj
 0001:00071300       _trap_SnapVector           30072300 f   cg_syscalls.obj
 0001:00071320       _trap_TrueFree             30072320 f   cg_syscalls.obj
 0001:00071340       _trap_TrueMalloc           30072340 f   cg_syscalls.obj
 0001:00071360       _trap_UpdateScreen         30072360 f   cg_syscalls.obj
 0001:00071370       _trap_WE_AddWeatherZone    30072370 f   cg_syscalls.obj
 0001:00071390       _CreepToPosition           30072390 f   cg_turret.obj
 0001:000714f0       _TurretClientRun           300724f0 f   cg_turret.obj
 0001:000718a0       _CGCam_SetMusicMult        300728a0 f   cg_view.obj
 0001:000718f0       _CG_AddBufferedSound       300728f0 f   cg_view.obj
 0001:00071930       _CG_AddRadarAutomapEnts    30072930 f   cg_view.obj
 0001:00071d50       _CG_CalcFOVFromX           30072d50 f   cg_view.obj
 0001:000728d0       _CG_CalcVrect              300738d0 f   cg_view.obj
 0001:000729a0       _CG_CheckPassengerTurretView 300739a0 f   cg_view.obj
 0001:00072cd0       _CG_DoCameraShake          30073cd0 f   cg_view.obj
 0001:00072d60       _CG_DrawActiveFrame        30073d60 f   cg_view.obj
 0001:00073410       _CG_DrawAutoMap            30074410 f   cg_view.obj
 0001:00073950       _CG_DrawSkyBoxPortal       30074950 f   cg_view.obj
 0001:00073dc0       _CG_EmplacedView           30074dc0 f   cg_view.obj
 0001:00073e80       _CG_GetVehicleCamPos       30074e80 f   cg_view.obj
 0001:00074c20       _CG_SE_UpdateMusic         30075c20 f   cg_view.obj
 0001:00074d60       _CG_TestGun_f              30075d60 f   cg_view.obj
 0001:00074d80       _CG_TestModelNextFrame_f   30075d80 f   cg_view.obj
 0001:00074da0       _CG_TestModelNextSkin_f    30075da0 f   cg_view.obj
 0001:00074dc0       _CG_TestModelPrevFrame_f   30075dc0 f   cg_view.obj
 0001:00074df0       _CG_TestModelPrevSkin_f    30075df0 f   cg_view.obj
 0001:00074e20       _CG_TestModel_f            30075e20 f   cg_view.obj
 0001:000752f0       _CG_UpdateSoundTrackers    300762f0 f   cg_view.obj
 0001:00075910       _CheckCameraLocation       30076910 f   cg_view.obj
 0001:00075980       _CG_RegisterWeapon         30076980 f   cg_weaponinit.obj
 0001:00076ba0       _CG_AddPlayerWeapon        30077ba0 f   cg_weapons.obj
 0001:000774b0       _CG_AddViewWeapon          300784b0 f   cg_weapons.obj
 0001:00077a40       _CG_CalcMuzzlePoint        30078a40 f   cg_weapons.obj
 0001:00077fb0       _CG_CheckPlayerG2Weapons   30078fb0 f   cg_weapons.obj
 0001:00078290       _CG_CopyG2WeaponInstance   30079290 f   cg_weapons.obj
 0001:00078410       _CG_DrawIconBackground     30079410 f   cg_weapons.obj
 0001:00078560       _CG_DrawWeaponSelect       30079560 f   cg_weapons.obj
 0001:000789a0       _CG_FireWeapon             300799a0 f   cg_weapons.obj
 0001:00078ba0       _CG_G2HolsterWeaponInstance 30079ba0 f   cg_weapons.obj
 0001:00078c20       _CG_G2WeaponInstance       30079c20 f   cg_weapons.obj
 0001:00078c90       _CG_G2WeaponInstance2      30079c90 f   cg_weapons.obj
 0001:00078d00       _CG_GetClientWeaponMuzzleBoltPoint 30079d00 f   cg_weapons.obj
 0001:00078db0       _CG_InitG2Weapons          30079db0 f   cg_weapons.obj
 0001:00079000       _CG_MissileHitPlayer       3007a000 f   cg_weapons.obj
 0001:000791b0       _CG_MissileHitWall         3007a1b0 f   cg_weapons.obj
 0001:00079360       _CG_NextWeapon_f           3007a360 f   cg_weapons.obj
 0001:00079420       _CG_OutOfAmmoChange        3007a420 f   cg_weapons.obj
 0001:00079420       _CG_OwnerDraw              3007a420 f   cg_newDraw.obj
 0001:00079420       _CG_RunMenuScript          3007a420 f   cg_newDraw.obj
 0001:00079420       _BG_ClearAnimsets          3007a420 f   bg_panimate.obj
 0001:00079430       _CG_PrevWeapon_f           3007a430 f   cg_weapons.obj
 0001:000794f0       _CG_RegisterItemVisuals    3007a4f0 f   cg_weapons.obj
 0001:000796a0       _CG_ShutDownG2Weapons      3007a6a0 f   cg_weapons.obj
 0001:000796e0       _CG_VehicleWeaponImpact    3007a6e0 f   cg_weapons.obj
 0001:00079750       _CG_WeaponCheck            3007a750 f   cg_weapons.obj
 0001:000797d0       _CG_WeaponClean_f          3007a7d0 f   cg_weapons.obj
 0001:000799a0       _CG_Weapon_f               3007a9a0 f   cg_weapons.obj
 0001:00079b40       _BG_FighterUpdate          3007ab40 f   FighterNPC.obj
 0001:00079f20       _FighterIsLanded           3007af20 f   FighterNPC.obj
 0001:00079f70       _FighterIsLanding          3007af70 f   FighterNPC.obj
 0001:0007a0b0       _FighterOverValidLandingSurface 3007b0b0 f   FighterNPC.obj
 0001:0007a0f0       _FighterPitchAdjust        3007b0f0 f   FighterNPC.obj
 0001:0007a380       _FighterYawAdjust          3007b380 f   FighterNPC.obj
 0001:0007a450       _G_SetFighterVehicleFunctions 3007b450 f   FighterNPC.obj
 0001:0007b770       _FX_BlasterProjectileThink 3007c770 f   fx_blaster.obj
 0001:0007b7d0       _FX_BlasterWeaponHitPlayer 3007c7d0 f   fx_blaster.obj
 0001:0007b810       _FX_BlasterWeaponHitWall   3007c810 f   fx_blaster.obj
 0001:0007b830       _FX_BowcasterHitWall       3007c830 f   fx_bowcaster.obj
 0001:0007b830       _FX_BowcasterHitPlayer     3007c830 f   fx_bowcaster.obj
 0001:0007b850       _FX_BowcasterProjectileThink 3007c850 f   fx_bowcaster.obj
 0001:0007b850       _FX_BowcasterAltProjectileThink 3007c850 f   fx_bowcaster.obj
 0001:0007b8b0       _FX_BryarAltHitWall        3007c8b0 f   fx_bryarpistol.obj
 0001:0007b930       _FX_BryarAltProjectileThink 3007c930 f   fx_bryarpistol.obj
 0001:0007b9d0       _FX_BryarHitWall           3007c9d0 f   fx_bryarpistol.obj
 0001:0007b9d0       _FX_TurretHitWall          3007c9d0 f   fx_bryarpistol.obj
 0001:0007b9f0       _FX_BryarProjectileThink   3007c9f0 f   fx_bryarpistol.obj
 0001:0007ba50       _FX_ConcAltShot            3007ca50 f   fx_bryarpistol.obj
 0001:0007bb30       _FX_ConcussionHitPlayer    3007cb30 f   fx_bryarpistol.obj
 0001:0007bb30       _FX_ConcussionHitWall      3007cb30 f   fx_bryarpistol.obj
 0001:0007bb50       _FX_ConcussionProjectileThink 3007cb50 f   fx_bryarpistol.obj
 0001:0007bbb0       _FX_BryarAltHitPlayer      3007cbb0 f   fx_bryarpistol.obj
 0001:0007bbb0       _FX_BryarHitPlayer         3007cbb0 f   fx_bryarpistol.obj
 0001:0007bbb0       _FX_TurretHitPlayer        3007cbb0 f   fx_bryarpistol.obj
 0001:0007bbf0       _FX_TurretProjectileThink  3007cbf0 f   fx_bryarpistol.obj
 0001:0007bc50       _FX_DEMP2_AltDetonate      3007cc50 f   fx_demp2.obj
 0001:0007bcf0       _FX_DEMP2_HitPlayer        3007ccf0 f   fx_demp2.obj
 0001:0007bd10       _FX_DEMP2_HitWall          3007cd10 f   fx_demp2.obj
 0001:0007bd30       _FX_DEMP2_ProjectileThink  3007cd30 f   fx_demp2.obj
 0001:0007bd90       _FX_DisruptorAltHit        3007cd90 f   fx_disruptor.obj
 0001:0007bdb0       _FX_DisruptorAltMiss       3007cdb0 f   fx_disruptor.obj
 0001:0007bf70       _FX_DisruptorAltShot       3007cf70 f   fx_disruptor.obj
 0001:0007c070       _FX_DisruptorHitPlayer     3007d070 f   fx_disruptor.obj
 0001:0007c090       _FX_DisruptorHitWall       3007d090 f   fx_disruptor.obj
 0001:0007c0b0       _FX_DisruptorMainShot      3007d0b0 f   fx_disruptor.obj
 0001:0007c120       _FX_FlechetteAltProjectileThink 3007d120 f   fx_flechette.obj
 0001:0007c180       _FX_FlechetteProjectileThink 3007d180 f   fx_flechette.obj
 0001:0007c1e0       _FX_FlechetteWeaponHitPlayer 3007d1e0 f   fx_flechette.obj
 0001:0007c200       _FX_FlechetteWeaponHitWall 3007d200 f   fx_flechette.obj
 0001:0007c420       _FX_RepeaterAltHitPlayer   3007d420 f   fx_heavyrepeater.obj
 0001:0007c420       _FX_RepeaterAltHitWall     3007d420 f   fx_heavyrepeater.obj
 0001:0007c440       _FX_RepeaterAltProjectileThink 3007d440 f   fx_heavyrepeater.obj
 0001:0007c4b0       _FX_RepeaterHitPlayer      3007d4b0 f   fx_heavyrepeater.obj
 0001:0007c4d0       _FX_RepeaterHitWall        3007d4d0 f   fx_heavyrepeater.obj
 0001:0007c4f0       _FX_RepeaterProjectileThink 3007d4f0 f   fx_heavyrepeater.obj
 0001:0007c550       _FX_RocketAltProjectileThink 3007d550 f   fx_rocketlauncher.obj
 0001:0007c550       _FX_RocketProjectileThink  3007d550 f   fx_rocketlauncher.obj
 0001:0007c5b0       _FX_RocketHitPlayer        3007d5b0 f   fx_rocketlauncher.obj
 0001:0007c5b0       _FX_RocketHitWall          3007d5b0 f   fx_rocketlauncher.obj
 0001:0007c5d0       _AngleDelta                3007d5d0 f   q_math.obj
 0001:0007c630       _AngleMod                  3007d630 f   q_math.obj
 0001:0007c630       _AngleNormalize360         3007d630 f   q_math.obj
 0001:0007c670       _AngleNormalize180         3007d670 f   q_math.obj
 0001:0007c6d0       _AngleSubtract             3007d6d0 f   q_math.obj
 0001:0007c750       _AngleVectors              3007d750 f   q_math.obj
 0001:0007c910       _AnglesSubtract            3007d910 f   q_math.obj
 0001:0007ca60       _AnglesToAxis              3007da60 f   q_math.obj
 0001:0007cac0       _AxisClear                 3007dac0 f   q_math.obj
 0001:0007cb10       _AxisCopy                  3007db10 f   q_math.obj
 0001:0007cb50       _ByteToDir                 3007db50 f   q_math.obj
 0001:0007cbd0       _G_FindClosestPointOnLineSegment 3007dbd0 f   q_math.obj
 0001:0007d0c0       _LerpAngle                 3007e0c0 f   q_math.obj
 0001:0007d120       _MatrixMultiply            3007e120 f   q_math.obj
 0001:0007d2b0       _PerpendicularVector       3007e2b0 f   q_math.obj
 0001:0007d470       _Q_fabs                    3007e470 f   q_math.obj
 0001:0007d480       _Q_irand                   3007e480 f   q_math.obj
 0001:0007d4b0       _Q_random                  3007e4b0 f   q_math.obj
 0001:0007d4e0       _RotateAroundDirection     3007e4e0 f   q_math.obj
 0001:0007d740       _RotatePointAroundVector   3007e740 f   q_math.obj
 0001:0007dd00       _ShortestLineSegBewteen2LineSegs 3007ed00 f   q_math.obj
 0001:0007e490       _VectorNormalize           3007f490 f   q_math.obj
 0001:0007e550       _VectorNormalize2          3007f550 f   q_math.obj
 0001:0007e600       _flrand                    3007f600 f   q_math.obj
 0001:0007e660       _vectoangles               3007f660 f   q_math.obj
 0001:0007e7e0       _COM_BeginParseSession     3007f7e0 f   q_shared.obj
 0001:0007e810       _COM_BitCheck              3007f810 f   q_shared.obj
 0001:0007e850       _COM_Compress              3007f850 f   q_shared.obj
 0001:0007e960       _COM_Parse                 3007f960 f   q_shared.obj
 0001:0007e980       _COM_ParseExt              3007f980 f   q_shared.obj
 0001:0007eaf0       _COM_ParseFloat            3007faf0 f   q_shared.obj
 0001:0007eb30       _COM_ParseInt              3007fb30 f   q_shared.obj
 0001:0007eb70       _COM_ParseString           3007fb70 f   q_shared.obj
 0001:0007ebb0       _COM_StripExtension        3007fbb0 f   q_shared.obj
 0001:0007ebe0       _Com_sprintf               3007fbe0 f   q_shared.obj
 0001:0007ec30       _GetIDForString            3007fc30 f   q_shared.obj
 0001:0007ec80       _GetStringForID            3007fc80 f   q_shared.obj
 0001:0007ecc0       _Info_ValueForKey          3007fcc0 f   q_shared.obj
 0001:0007edb0       _Q_CleanStr                3007fdb0 f   q_shared.obj
 0001:0007ee00       _Q_strcat                  3007fe00 f   q_shared.obj
 0001:0007ee90       _Q_stricmp                 3007fe90 f   q_shared.obj
 0001:0007eec0       _Q_stricmpn                3007fec0 f   q_shared.obj
 0001:0007ef40       _Q_strncmp                 3007ff40 f   q_shared.obj
 0001:0007ef90       _Q_strncpyz                3007ff90 f   q_shared.obj
 0001:0007eff0       _Q_strrchr                 3007fff0 f   q_shared.obj
 0001:0007f020       _Q_strupr                  30080020 f   q_shared.obj
 0001:0007f050       _SkipBracedSection         30080050 f   q_shared.obj
 0001:0007f1b0       _SkipRestOfLine            300801b0 f   q_shared.obj
 0001:0007f1e0       _va                        300801e0 f   q_shared.obj
 0001:0007f260       _G_CreateAnimalNPC         30080260 f   AnimalNPC.obj
 0001:0007f260       _G_CreateWalkerNPC         30080260 f   WalkerNPC.obj
 0001:0007f260       _G_CreateSpeederNPC        30080260 f   SpeederNPC.obj
 0001:0007f260       _G_CreateFighterNPC        30080260 f   FighterNPC.obj
 0001:0007f2b0       _G_SetSpeederVehicleFunctions 300802b0 f   SpeederNPC.obj
 0001:0007f5d0       _ProcessOrientCommands     300805d0 f   SpeederNPC.obj
 0001:0007f710       _ItemParse_name            30080710 f   ui_shared.obj
 0001:0007f730       _ItemParse_focusSound      30080730 f   ui_shared.obj
 0001:0007f780       _ItemParse_text            30080780 f   ui_shared.obj
 0001:0007f7a0       _ItemParse_descText        300807a0 f   ui_shared.obj
 0001:0007f7c0       _ItemParse_text2alignx     300807c0 f   ui_shared.obj
 0001:0007f7e0       _ItemParse_text2aligny     300807e0 f   ui_shared.obj
 0001:0007f800       _ItemParse_group           30080800 f   ui_shared.obj
 0001:0007f820       _MenuParse_font            30080820 f   ui_shared.obj
 0001:0007f880       _MenuParse_name            30080880 f   ui_shared.obj
 0001:0007f8c0       _MenuParse_fullscreen      300808c0 f   ui_shared.obj
 0001:0007f8e0       _ItemParse_asset_model     300808e0 f   ui_shared.obj
 0001:0007f910       _MenuParse_rect            30080910 f   ui_shared.obj
 0001:0007f970       _ItemParse_asset_shader    30080970 f   ui_shared.obj
 0001:0007f9c0       _MenuParse_style           300809c0 f   ui_shared.obj
 0001:0007fa00       _ItemParse_model_origin    30080a00 f   ui_shared.obj
 0001:0007fa60       _ItemParse_visible         30080a60 f   ui_shared.obj
 0001:0007fa60       _MenuParse_visible         30080a60 f   ui_shared.obj
 0001:0007faa0       _MenuParse_onOpen          30080aa0 f   ui_shared.obj
 0001:0007fac0       _ItemParse_model_fovy      30080ac0 f   ui_shared.obj
 0001:0007fac0       _ItemParse_elementheight   30080ac0 f   ui_shared.obj
 0001:0007faf0       _MenuParse_onClose         30080af0 f   ui_shared.obj
 0001:0007fb10       _ItemParse_model_rotation  30080b10 f   ui_shared.obj
 0001:0007fb40       _MenuParse_onAccept        30080b40 f   ui_shared.obj
 0001:0007fb60       _ItemParse_model_angle     30080b60 f   ui_shared.obj
 0001:0007fb90       _MenuParse_onESC           30080b90 f   ui_shared.obj
 0001:0007fbb0       _ItemParse_model_g2mins    30080bb0 f   ui_shared.obj
 0001:0007fc10       _MenuParse_border          30080c10 f   ui_shared.obj
 0001:0007fc10       _ItemParse_border          30080c10 f   ui_shared.obj
 0001:0007fc30       _ItemParse_model_g2maxs    30080c30 f   ui_shared.obj
 0001:0007fc90       _ItemParse_model_g2scale   30080c90 f   ui_shared.obj
 0001:0007fcf0       _MenuParse_backcolor       30080cf0 f   ui_shared.obj
 0001:0007fda0       _ItemParse_model_g2skin    30080da0 f   ui_shared.obj
 0001:0007fe00       _MenuParse_descAlignment   30080e00 f   ui_shared.obj
 0001:0007fe40       _ItemParse_model_g2anim    30080e40 f   ui_shared.obj
 0001:0007fee0       _MenuParse_descX           30080ee0 f   ui_shared.obj
 0001:0007ff00       _MenuParse_descY           30080f00 f   ui_shared.obj
 0001:0007ff20       _MenuParse_descScale       30080f20 f   ui_shared.obj
 0001:0007ff40       _MenuParse_descColor       30080f40 f   ui_shared.obj
 0001:00080000       _ItemParse_rectcvar        30081000 f   ui_shared.obj
 0001:00080130       _MenuParse_forecolor       30081130 f   ui_shared.obj
 0001:00080220       _ItemParse_rect            30081220 f   ui_shared.obj
 0001:00080280       _MenuParse_bordercolor     30081280 f   ui_shared.obj
 0001:00080340       _ItemParse_flag            30081340 f   ui_shared.obj
 0001:000803e0       _MenuParse_focuscolor      300813e0 f   ui_shared.obj
 0001:000804a0       _Script_SetColor           300814a0 f   ui_shared.obj
 0001:00080580       _ItemParse_style           30081580 f   ui_shared.obj
 0001:000805c0       _MenuParse_disablecolor    300815c0 f   ui_shared.obj
 0001:00080680       _ItemParse_decoration      30081680 f   ui_shared.obj
 0001:000806a0       _ItemParse_notselectable   300816a0 f   ui_shared.obj
 0001:000806e0       _Script_SetAsset           300816e0 f   ui_shared.obj
 0001:00080710       _ItemParse_scrollhidden    30081710 f   ui_shared.obj
 0001:00080750       _Script_SetBackground      30081750 f   ui_shared.obj
 0001:000807a0       _MenuParse_background      300817a0 f   ui_shared.obj
 0001:000807a0       _ItemParse_background      300817a0 f   ui_shared.obj
 0001:000807f0       _ItemParse_wrapped         300817f0 f   ui_shared.obj
 0001:00080810       _Script_SetItemRectCvar    30081810 f   ui_shared.obj
 0001:00080a00       _ItemParse_autowrapped     30081a00 f   ui_shared.obj
 0001:00080a20       _MenuParse_cinematic       30081a20 f   ui_shared.obj
 0001:00080a20       _ItemParse_cinematic       30081a20 f   ui_shared.obj
 0001:00080a40       _ItemParse_horizontalscroll 30081a40 f   ui_shared.obj
 0001:00080a60       _MenuParse_ownerdrawFlag   30081a60 f   ui_shared.obj
 0001:00080a60       _ItemParse_ownerdrawFlag   30081a60 f   ui_shared.obj
 0001:00080a90       _ItemParse_type            30081a90 f   ui_shared.obj
 0001:00080ad0       _ItemParse_model_fovx      30081ad0 f   ui_shared.obj
 0001:00080ad0       _ItemParse_elementwidth    30081ad0 f   ui_shared.obj
 0001:00080b00       _MenuParse_ownerdraw       30081b00 f   ui_shared.obj
 0001:00080b20       _Script_SetItemBackground  30081b20 f   ui_shared.obj
 0001:00080ba0       _MenuParse_popup           30081ba0 f   ui_shared.obj
 0001:00080bc0       _Script_SetItemText        30081bc0 f   ui_shared.obj
 0001:00080c40       _MenuParse_outOfBounds     30081c40 f   ui_shared.obj
 0001:00080c60       _ItemParse_elementtype     30081c60 f   ui_shared.obj
 0001:00080ca0       _MenuParse_soundLoop       30081ca0 f   ui_shared.obj
 0001:00080ca0       _ItemParse_text2           30081ca0 f   ui_shared.obj
 0001:00080cc0       _MenuParse_fadeClamp       30081cc0 f   ui_shared.obj
 0001:00080ce0       _ItemParse_columns         30081ce0 f   ui_shared.obj
 0001:00080da0       _Script_SetTeamColor       30081da0 f   ui_shared.obj
 0001:00080de0       _Script_SetItemColor       30081de0 f   ui_shared.obj
 0001:00080f50       _ItemParse_align           30081f50 f   ui_shared.obj
 0001:00080f50       _MenuParse_fadeCycle       30081f50 f   ui_shared.obj
 0001:00080f70       _MenuParse_itemDef         30081f70 f   ui_shared.obj
 0001:00081040       _ItemParse_bordersize      30082040 f   ui_shared.obj
 0001:00081040       _MenuParse_borderSize      30082040 f   ui_shared.obj
 0001:00081060       _MenuParse_appearanceIncrement 30082060 f   ui_shared.obj
 0001:00081080       _ItemParse_ownerdraw       30082080 f   ui_shared.obj
 0001:000810b0       _Script_SetItemColorCvar   300820b0 f   ui_shared.obj
 0001:00081300       _ItemParse_isCharacter     30082300 f   ui_shared.obj
 0001:00081350       _ItemParse_textalign       30082350 f   ui_shared.obj
 0001:00081390       _ItemParse_textalignx      30082390 f   ui_shared.obj
 0001:00081390       _MenuParse_fadeAmount      30082390 f   ui_shared.obj
 0001:000813b0       _ItemParse_textaligny      300823b0 f   ui_shared.obj
 0001:000813d0       _ItemParse_textscale       300823d0 f   ui_shared.obj
 0001:000813f0       _ItemParse_textstyle       300823f0 f   ui_shared.obj
 0001:00081410       _Script_SetItemRect        30082410 f   ui_shared.obj
 0001:000814e0       _ItemParse_invertyesno     300824e0 f   ui_shared.obj
 0001:00081500       _ItemParse_xoffset         30082500 f   ui_shared.obj
 0001:00081520       _ItemParse_backcolor       30082520 f   ui_shared.obj
[...]
 0002:00029cde       _log2max                   300c7cde     LIBCMT:87tran.obj
 0002:00029ce8       _smallarg                  300c7ce8     LIBCMT:87tran.obj
 0002:00029cf2       _half                      300c7cf2     LIBCMT:87tran.obj
 0002:00029d20       Ctable                     300c7d20     LIBCMT:tan_pentium4.obj
 0002:0002b320       PI32INV                    300c9320     LIBCMT:tan_pentium4.obj
 0002:0002b330       SHIFTER                    300c9330     LIBCMT:tan_pentium4.obj
 0002:0002b340       P_1                        300c9340     LIBCMT:tan_pentium4.obj
 0002:0002b350       P_2                        300c9350     LIBCMT:tan_pentium4.obj
 0002:0002b360       P_3                        300c9360     LIBCMT:tan_pentium4.obj
 0002:0002b370       QQ_2                       300c9370     LIBCMT:tan_pentium4.obj
 0002:0002b378       ONE                        300c9378     LIBCMT:tan_pentium4.obj
 0002:0002b380       MASK_35                    300c9380     LIBCMT:tan_pentium4.obj
 0002:0002b390       sign_mask                  300c9390     LIBCMT:tan_pentium4.obj
 0002:0002b398       TWO_POW_55                 300c9398     LIBCMT:tan_pentium4.obj
 0002:0002b3a0       TWO_POW_M55                300c93a0     LIBCMT:tan_pentium4.obj
 0002:0002b3a8       TWO_POW_M53                300c93a8     LIBCMT:tan_pentium4.obj
 0002:0002b3b0       INF                        300c93b0     LIBCMT:tan_pentium4.obj
 0002:0002b3c0       _rterrs                    300c93c0     LIBCMT:crt0msg.obj
 0002:0002bf40       __sehtable$__CRT_INIT@12   300c9f40     LIBCMT:dllcrt0.obj
 0002:0002bf60       __sehtable$___DllMainCRTStartup 300c9f60     LIBCMT:dllcrt0.obj
 0002:0002bf80       __sehtable$___updatetlocinfo 300c9f80     LIBCMT:localref.obj
 0002:0002bfa0       __sehtable$___updatetmbcinfo 300c9fa0     LIBCMT:mbctype.obj
 0002:0002bfc0       __sehtable$__setmbcp       300c9fc0     LIBCMT:mbctype.obj
 0002:0002bfe0       __sehtable$__freefls@4     300c9fe0     LIBCMT:tidtable.obj
 0002:0002c008       __sehtable$__initptd       300ca008     LIBCMT:tidtable.obj
 0002:0002c030       __sehtable$__locterm       300ca030     LIBCMT:wsetloca.obj
 0002:0002c050       __sehtable$_doexit         300ca050     LIBCMT:crt0dat.obj
 0002:0002c070       __sehtable$__ioinit        300ca070     LIBCMT:ioinit.obj
 0002:0002c090       __sehtable$__mtinitlocknum 300ca090     LIBCMT:mlock.obj
 0002:0002c0b0       __sehtable$___set_fpsr_sse2 300ca0b0     LIBCMT:fpctrl.obj
 0002:0002c0d0       __sehtable$__write         300ca0d0     LIBCMT:write.obj
 0002:0002c0f0       __sehtable$__lseeki64      300ca0f0     LIBCMT:lseeki64.obj
 0002:0002c110       __sehtable$__IsNonwritableInCurrentImage 300ca110     LIBCMT:pesect.obj
 0002:0002c130       __sehtable$__onexit        300ca130     LIBCMT:onexit.obj
 0002:0002c150       __sehtable$?terminate@@YAXXZ 300ca150     LIBCMT:hooks.obj
 0002:0002c170       __sehtable$_raise          300ca170     LIBCMT:winsig.obj
 0002:0002c190       __sehtable$__read          300ca190     LIBCMT:read.obj
 0002:0002c1b0       __sehtable$__fcloseall     300ca1b0     LIBCMT:closeall.obj
 0002:0002c1d0       __sehtable$_flsall         300ca1d0     LIBCMT:fflush.obj
 0002:0002c1f8       __sehtable$___lock_fhandle 300ca1f8     LIBCMT:osfinfo.obj
 0002:0002c218       __sehtable$_fclose         300ca218     LIBCMT:fclose.obj
 0002:0002c238       __sehtable$__commit        300ca238     LIBCMT:commit.obj
 0002:0002c258       __sehtable$__close         300ca258     LIBCMT:close.obj
 0002:0002c280       .edata                     300ca280     cgamex86.exp
 0002:0002c2a8       rgpv                       300ca2a8     cgamex86.exp
 0002:0002c2b0       rgszName                   300ca2b0     cgamex86.exp
 0002:0002c2b8       rgwOrd                     300ca2b8     cgamex86.exp
 0002:0002c2bc       szName                     300ca2bc     cgamex86.exp
 0002:0002c2c9       $N00001                    300ca2c9     cgamex86.exp
 0002:0002c2d2       $N00002                    300ca2d2     cgamex86.exp
 0002:0002c886       .idata$6                   300ca886     kernel32:KERNEL32.dll
 0003:0000009c       _bg_poolTail               300cb09c     bg_misc.obj
 0003:0000465c       ?headClampMinAngles@?1??BG_G2PlayerAngles@@9@9 300cf65c     bg_pmove.obj
 0003:00004668       ?headClampMaxAngles@?1??BG_G2PlayerAngles@@9@9 300cf668     bg_pmove.obj
 0003:00007c70       _commands                  300d2c70     cg_consolecmds.obj
 0003:00007ebc       ?flip@?1??CG_DrawZoomMask@@9@9 300d2ebc     cg_draw.obj
 0003:00007ec4       ?seed@?1??CG_SmokePuff@@9@9 300d2ec4     cg_effects.obj
 0003:00008258       _cvarTable                 300d3258     cg_main.obj
 0003:00008fc8       _cvarTableSize             300d3fc8     cg_main.obj
 0003:00008fcc       ?drawTeamOverlayModificationCount@?1??CG_UpdateCvars@@9@9 300d3fcc     cg_main.obj
 0003:000090b0       ?sb_nums@?1??CG_RegisterGraphics@@9@9 300d40b0     cg_main.obj
 0003:000090dc       ?sb_t_nums@?1??CG_RegisterGraphics@@9@9 300d40dc     cg_main.obj
 0003:00009150       ?sb_c_nums@?1??CG_RegisterGraphics@@9@9 300d4150     cg_main.obj
 0003:00009180       _shaderAnimNames           300d4180     cg_marks.obj
 0003:00009200       _shaderAnimCounts          300d4200     cg_marks.obj
 0003:00009280       _shaderAnimSTRatio         300d4280     cg_marks.obj
 0003:00009304       ?s@?1??CG_GetKillerText@@9@9 300d4304     cg_newDraw.obj
 0003:00009308       ?s@?1??CG_GetGameStatusText@@9@9 300d4308     cg_newDraw.obj
 0003:00009310       _cg_effectorStringTable    300d4310     cg_players.obj
 0003:00009334       _cg_pushBoneNames          300d4334     cg_players.obj
 0003:0000a00c       _cg_vehThirdPersonAlpha    300d500c     cg_players.obj
 0003:0000a010       _syscall                   300d5010     cg_syscalls.obj
 0003:0000a024       _cg_siegeClassIndex        300d5024     cg_view.obj
 0003:0000a028       _cameramins                300d5028     cg_view.obj
 0003:0000a034       _cameramaxs                300d5034     cg_view.obj
 0003:0000a040       _WHITE                     300d5040     fx_bryarpistol.obj
 0003:0000a04c       _BRIGHT                    300d504c     fx_bryarpistol.obj
 0003:0000a058       _WHITE                     300d5058     fx_disruptor.obj
 0003:0000a068       _holdrand                  300d5068     q_math.obj
 0003:0000a97c       ?squiggy@?1??PC_String_Parse@@9@9 300d597c     ui_shared.obj
 0003:0000a980       _g_bindings                300d5980     ui_shared.obj
 0003:0000b4b4       ?staticNULL@?1??String_Alloc@@9@9 300d64b4     ui_shared.obj
 0003:0000ba40       _errtable                  300d6a40     LIBCMT:dosmap.obj
 0003:0000bba8       _ErrnoNoMem                300d6ba8     LIBCMT:dosmap.obj
 0003:0000bbac       _DoserrorNoMem             300d6bac     LIBCMT:dosmap.obj
 0003:0000bfd8       ___rgctypeflag             300d6fd8     LIBCMT:mbctype.obj
 0003:0000bfe0       ___rgcode_page_info        300d6fe0     LIBCMT:mbctype.obj
 0003:0000c320       _NAME_                     300d7320     LIBCMT:cos.obj
 0003:0000c330       _NAME_                     300d7330     LIBCMT:sin.obj
 0003:0000c338       _newcw                     300d7338     LIBCMT:ceil.obj
 0003:0000c33c       _newcw                     300d733c     LIBCMT:floor.obj
 0003:0000c340       _NAME_                     300d7340     LIBCMT:sqrt.obj
 0003:0000c348       __ctype_loc_style          300d7348     LIBCMT:wsetloca.obj
 0003:0000c370       _NAME_                     300d7370     LIBCMT:acos.obj
 0003:0000c388       POW_name                   300d7388     LIBCMT:pow.obj
 0003:0000c390       _NAME_                     300d7390     LIBCMT:tan.obj
 0003:0000c3e0       ?isPackaged@?1??__crtIsPackagedApp@@9@9 300d73e0     LIBCMT:winapisupp.obj
 0003:0000c3f0       _DoubleFormat              300d73f0     LIBCMT:intrncvt.obj
 0003:0000c408       _FloatFormat               300d7408     LIBCMT:intrncvt.obj
 0003:0000c6e0       __locktable                300d76e0     LIBCMT:mlock.obj
 0003:0000c878       ?_names@?1??_get_fname@@9@9 300d7878     LIBCMT:fpexcept.obj
 0003:0000c988       _over                      300d7988     LIBCMT:fpctrl.obj
 0003:0000c994       _under                     300d7994     LIBCMT:fpctrl.obj
 0003:0000c9a0       ?__DAZ_ENABLED@?1??__set_fpsr_sse2@@9@9 300d79a0     LIBCMT:fpctrl.obj
 0003:0000cd60       _bg_poolSize               300d7d60     bg_misc.obj
 0003:0000cd64       ?i@?1??SnapVector@@9@9     300d7d64     bg_misc.obj
 0003:0000cd68       ?f@?1??SnapVector@@9@9     300d7d68     bg_misc.obj
 0003:0000cd70       _bg_pool                   300d7d70     bg_misc.obj
 0003:00200d88       _pm_flying                 302cbd88     bg_pmove.obj
 0003:00200d8c       ?thoracicAngles@?1??BG_G2PlayerAngles@@9@9 302cbd8c     bg_pmove.obj
 0003:00200d98       ?oldLookAngles@?1??BG_UpdateLookAngles@@9@9 302cbd98     bg_pmove.obj
 0003:00200da4       ?lookAnglesDiff@?1??BG_UpdateLookAngles@@9@9 302cbda4     bg_pmove.obj
 0003:00200db0       ?ang@?1??BG_UpdateLookAngles@@9@9 302cbdb0     bg_pmove.obj
 0003:00200db4       ?dir@?1??BG_G2PlayerAngles@@9@9 302cbdb4     bg_pmove.obj
 0003:00200db8       ?i@?1??BG_G2PlayerAngles@@9@9 302cbdb8     bg_pmove.obj
 0003:00200dbc       ?dif@?1??BG_G2PlayerAngles@@9@9 302cbdbc     bg_pmove.obj
 0003:00200dc0       ?dest@?1??BG_G2PlayerAngles@@9@9 302cbdc0     bg_pmove.obj
 0003:00200dc4       ?speed@?1??BG_G2PlayerAngles@@9@9 302cbdc4     bg_pmove.obj
 0003:00200dc8       ?eyeAngles@?1??BG_G2PlayerAngles@@9@9 302cbdc8     bg_pmove.obj
 0003:00200dd4       ?neckAngles@?1??BG_G2PlayerAngles@@9@9 302cbdd4     bg_pmove.obj
 0003:00200de0       ?velocity@?1??BG_G2PlayerAngles@@9@9 302cbde0     bg_pmove.obj
 0003:00200dec       ?torsoAngles@?1??BG_G2PlayerAngles@@9@9 302cbdec     bg_pmove.obj
 0003:00200df8       ?headAngles@?1??BG_G2PlayerAngles@@9@9 302cbdf8     bg_pmove.obj
 0003:00200e04       ?velPos@?1??BG_G2PlayerAngles@@9@9 302cbe04     bg_pmove.obj
 0003:00200e10       ?velAng@?1??BG_G2PlayerAngles@@9@9 302cbe10     bg_pmove.obj
 0003:00200e1c       ?ulAngles@?1??BG_G2PlayerAngles@@9@9 302cbe1c     bg_pmove.obj
 0003:00200e28       ?llAngles@?1??BG_G2PlayerAngles@@9@9 302cbe28     bg_pmove.obj
 0003:00200e34       ?viewAngles@?1??BG_G2PlayerAngles@@9@9 302cbe34     bg_pmove.obj
 0003:00200e40       ?angles@?1??BG_G2PlayerAngles@@9@9 302cbe40     bg_pmove.obj
 0003:00200e50       _SaberParms                302cbe50     bg_saberLoad.obj
 0003:00280e50       _bgSaberParseTBuffer       3034be50     bg_saberLoad.obj
 0003:003010f8       ?oldDif@?1??CG_DrawRocketLocking@@9@9 303cc0f8     cg_draw.obj
 0003:003010fc       _radarLockSoundDebounceTime 303cc0fc     cg_draw.obj
 0003:00301100       _impactSoundDebounceTime   303cc100     cg_draw.obj
 0003:00301104       ?previousTimes@?1??CG_DrawFPS@@9@9 303cc104     cg_draw.obj
 0003:00301124       ?index@?1??CG_DrawFPS@@9@9 303cc124     cg_draw.obj
 0003:00301128       ?previous@?1??CG_DrawFPS@@9@9 303cc128     cg_draw.obj
 0003:0030112c       ?lastupdate@?1??CG_DrawFPS@@9@9 303cc12c     cg_draw.obj
 0003:00301130       ?color@?1??CG_FadeColor@@9@9 303cc130     cg_drawtools.obj
 0003:00301140       _offX                      303cc140     cg_effects.obj
 0003:00301780       _offZ                      303cc780     cg_effects.obj
 0003:00301dc0       ?lastPos@?1??CG_ScorePlum@@9@9 303ccdc0     cg_effects.obj
 0003:00301dd0       ?str@?1??CG_PlaceString@@9@9 303ccdd0     cg_event.obj
 0003:00301e10       _cl_lightstyle             303cce10     cg_light.obj
 0003:00306010       _lastofs                   303d1010     cg_light.obj
 0003:00306018       _NumMiscEnts               303d1018     cg_main.obj
 0003:0030601c       ?index@?1??CG_GetStringEdString@@9@9 303d101c     cg_main.obj
 0003:00306024       _cg_strPoolSize            303d1024     cg_main.obj
 0003:00306038       ?text@?1??CG_GetLocationString@@9@9 303d1038     cg_main.obj
 0003:00306438       _MiscEnts                  303d1438     cg_main.obj
 0003:003d54b8       _Radius                    304a04b8     cg_main.obj
 0003:003d9338       _zOffset                   304a4338     cg_main.obj
 0003:003dd1b8       ?buffer@?1??CG_Argv@@9@9   304a81b8     cg_main.obj
 0003:003dd5b8       ?intext@?1??CG_GetStringEdString@@9@9 304a85b8     cg_main.obj
 0003:003e52b8       ?translation@?1??CG_GetStringEdString@@9@9 304b02b8     cg_main.obj
 0003:003ecfb8       ?string@?1??CG_GetStringEdString@@9@9 304b7fb8     cg_main.obj
 0003:003f4cb8       ?buf@?1??CG_GetMenuBuffer@@9@9 304bfcb8     cg_main.obj
 0003:003fccb8       ?buf@?1??CG_LoadMenus@@9@9 304c7cb8     cg_main.obj
 0003:003fdcb8       _cg_strPool                304c8cb8     cg_main.obj
 0003:00405cb8       _cg_numSpawnVars           304d0cb8     cg_main.obj
 0003:00405cbc       _cg_numSpawnVarChars       304d0cbc     cg_main.obj
 0003:00405cc0       _cg_spawnVars              304d0cc0     cg_main.obj
 0003:00405ec0       _cg_spawnVarChars          304d0ec0     cg_main.obj
 0003:00406ec0       ?item@?1??CG_Init@@9@9     304d1ec0     cg_main.obj
 0003:00406ec8       _roll                      304d1ec8     cg_marks.obj
 0003:00406ed0       _markTotal                 304d1ed0     cg_marks.obj
 0003:00406ed4       _numShaderAnims            304d1ed4     cg_marks.obj
 0003:00406ed8       _shaderAnims               304d1ed8     cg_marks.obj
 0003:00408ee8       _lastFlyBySound            304d3ee8     cg_players.obj
 0003:00409ee8       _cg_animParseIncluding     304d4ee8     cg_players.obj
 0003:00409ef4       _cg_numSolidEntities       304d4ef4     cg_predict.obj
 0003:00409ef8       _cg_pmove                  304d4ef8     cg_predict.obj
 0003:0040a024       _cg_numTriggerEntities     304d5024     cg_predict.obj
 0003:0040a028       _cg_solidEntities          304d5028     cg_predict.obj
 0003:0040a428       _cg_triggerEntities        304d5428     cg_predict.obj
 0003:0040a840       _team1                     304d5840     cg_saga.obj
 0003:0040aa40       _team2                     304d5a40     cg_saga.obj
 0003:0040ac40       _cgParseObjectives         304d5c40     cg_saga.obj
 0003:0040ec40       ?cur@?1??siege_Str@@9@9    304d9c40     cg_saga.obj
 0003:0040ec48       ?strings@?1??siege_Str@@9@9 304d9c48     cg_saga.obj
 0003:0044ec48       ?buf@?1??CG_SiegeObjectiveBuffer@@9@9 30519c48     cg_saga.obj
 0003:00450c4c       _localClient               3051bc4c     cg_scoreboard.obj
 0003:00450c60       _cg_rangedFogging          3051bc60     cg_view.obj
 0003:00450c68       ?veh@?1??CG_DrawActiveFrame@@9@9 3051bc68     cg_view.obj
 0003:00450ca8       ?zoomSoundTime@?BG@??CG_CalcFov@@9@9 3051bca8     cg_view.obj
 0003:00450cbc       ?lastfov@?1??CG_DrawSkyBoxPortal@@9@9 3051bcbc     cg_view.obj
 0003:00450cc0       _cgWeapFrame               3051bcc0     cg_weapons.obj
 0003:00450cc4       _cgWeapFrameTime           3051bcc4     cg_weapons.obj
 0003:00450cc8       _g2WeaponInstances         3051bcc8     cg_weapons.obj
 0003:00450d18       _g2WeaponInstances2        3051bd18     cg_weapons.obj
 0003:00450d80       ?bops_initialized@?1??BoxOnPlaneSide@@9@9 3051bd80     q_math.obj
 0003:00450d84       ?Ljmptab@?1??BoxOnPlaneSide@@9@9 3051bd84     q_math.obj
 0003:00450da4       ?sr@?1??AngleVectors@@9@9  3051bda4     q_math.obj
 0003:00450da8       ?sp@?1??AngleVectors@@9@9  3051bda8     q_math.obj
 0003:00450dac       ?sy@?1??AngleVectors@@9@9  3051bdac     q_math.obj
 0003:00450db0       ?cr@?1??AngleVectors@@9@9  3051bdb0     q_math.obj
 0003:00450db4       ?cp@?1??AngleVectors@@9@9  3051bdb4     q_math.obj
 0003:00450db8       ?cy@?1??AngleVectors@@9@9  3051bdb8     q_math.obj
 0003:00450dc0       ?final@?1??Q_StrReplace@@9@9 3051bdc0     q_shared.obj
 0003:004511c0       ?index@?1??va@@9@9         3051c1c0     q_shared.obj
 0003:004511c4       ?valueindex@?1??Info_ValueForKey@@9@9 3051c1c4     q_shared.obj
 0003:004511c8       _com_token                 3051c1c8     q_shared.obj
 0003:004515c8       _com_parsename             3051c5c8     q_shared.obj
 0003:004519c8       _com_lines                 3051c9c8     q_shared.obj
 0003:004519d0       ?string@?1??COM_ParseError@@9@9 3051c9d0     q_shared.obj
 0003:004529d0       ?string@?1??COM_ParseWarning@@9@9 3051d9d0     q_shared.obj
 0003:004539d0       ?temp_buffer@?1??va@@9@9   3051e9d0     q_shared.obj
 0003:0045b6d0       ?string@?1??va@@9@9        305266d0     q_shared.obj
 0003:004633d0       ?value@?1??Info_ValueForKey@@9@9 3052e3d0     q_shared.obj
 0003:004673d8       _captureFunc               305323d8     ui_shared.obj
 0003:004673dc       _captureData               305323dc     ui_shared.obj
 0003:004673e0       _itemCapture               305323e0     ui_shared.obj
 0003:004673e8       _g_waitingForKey           305323e8     ui_shared.obj
 0003:004673ec       _g_editingField            305323ec     ui_shared.obj
 0003:004673f0       _g_bindItem                305323f0     ui_shared.obj
 0003:004673f4       _g_editItem                305323f4     ui_shared.obj
 0003:00467400       _debugMode                 30532400     ui_shared.obj
 0003:00467404       _lastListBoxClickTime      30532404     ui_shared.obj
 0003:00467408       _strPoolIndex              30532408     ui_shared.obj
 0003:0046740c       _strHandleCount            3053240c     ui_shared.obj
 0003:00467410       ?inHandleKey@?9??Menu_HandleKey@@9@9 30532410     ui_shared.obj
 0003:00467414       _scrollInfo                30532414     ui_shared.obj
 0003:00467434       _allocPoint                30532434     ui_shared.obj
 0003:00467438       _memoryPool                30532438     ui_shared.obj
 0003:00487438       _outOfMemory               30552438     ui_shared.obj
 0003:00487440       _strPool                   30552440     ui_shared.obj
 0003:004a7440       _strHandle                 30572440     ui_shared.obj
 0003:004a9440       ?string@?1??PC_SourceWarning@@9@9 30574440     ui_shared.obj
 0003:004aa440       ?string@?1??PC_SourceError@@9@9 30575440     ui_shared.obj
 0003:004ab444       ___proc_attached           30576444     LIBCMT:dllcrt0.obj
 0003:004ab474       _fSystemSet                30576474     LIBCMT:mbctype.obj
 0003:004ab478       __pmatherr_set             30576478     LIBCMT:libm_error.obj
 0003:004ab5b8       ?_pgmname@?1??_setargv@@9@9 305765b8     LIBCMT:stdargv.obj
 0003:004ab6c8       _lclcritsects              305766c8     LIBCMT:mlock.obj
 0003:004ab820       _GS_ExceptionRecord        30576820     LIBCMT:gs_report.obj
 0003:004ab870       _GS_ContextRecord          30576870     LIBCMT:gs_report.obj
 0003:004abb3c       _DebuggerWasPresent        30576b3c     LIBCMT:gs_report.obj
 0003:004abb40       ___crtCallProc             30576b40     LIBCMT:winapinls.obj
 0003:004abb48       ___enable_percent_n        30576b48     LIBCMT:printf.obj
 0003:004abb58       ?outmsg@?8??_NMSG_WRITE@@9@9 30576b58     LIBCMT:crt0msg.obj
 0003:004ac18c       _ctrlc_action              3057718c     LIBCMT:winsig.obj
 0003:004ac190       _ctrlbreak_action          30577190     LIBCMT:winsig.obj
 0003:004ac194       _abort_action              30577194     LIBCMT:winsig.obj
 0003:004ac198       _term_action               30577198     LIBCMT:winsig.obj
 0003:004ac19c       _ConsoleCtrlHandler_Installed 3057719c     LIBCMT:winsig.obj
 0003:004ac1a0       _g_pfnRtlGenRandom         305771a0     LIBCMT:rand_s.obj
 0003:004ac1b4       ?pfnMessageBox@?1??__crtMessageBoxW@@9@9 305771b4     LIBCMT:crtmboxw.obj
 0003:004ac1b8       ?pfnGetActiveWindow@?1??__crtMessageBoxW@@9@9 305771b8     LIBCMT:crtmboxw.obj
 0003:004ac1bc       ?pfnGetLastActivePopup@?1??__crtMessageBoxW@@9@9 305771bc     LIBCMT:crtmboxw.obj
 0003:004ac1c0       ?pfnGetProcessWindowStation@?1??__crtMessageBoxW@@9@9 305771c0     LIBCMT:crtmboxw.obj
 0003:004ac1c4       ?pfnGetUserObjectInformation@?1??__crtMessageBoxW@@9@9 305771c4     LIBCMT:crtmboxw.obj
 0004:00000060       $R000000                   30b81060     * linker generated manifest res *
