 uix86

 Timestamp is 560d7b29 (Thu Oct 01 19:27:53 2015)

 Preferred load address is 40000000

 Start         Length     Name                   Class
 0001:00000000 0003905cH .text$mn                CODE
 0002:00000000 000000f8H .idata$5                DATA
 0002:000000f8 00000004H .CRT$XCA                DATA
 0002:000000fc 00000004H .CRT$XCZ                DATA
 0002:00000100 00000004H .CRT$XIA                DATA
 0002:00000104 00000014H .CRT$XIC                DATA
 0002:00000118 00000004H .CRT$XIZ                DATA
 0002:0000011c 00000004H .CRT$XPA                DATA
 0002:00000120 00000008H .CRT$XPX                DATA
 0002:00000128 00000004H .CRT$XPXA               DATA
 0002:0000012c 00000004H .CRT$XPZ                DATA
 0002:00000130 00000004H .CRT$XTA                DATA
 0002:00000134 00000004H .CRT$XTZ                DATA
 0002:00000140 0001b788H .rdata                  DATA
 0002:0001b8d0 0000000cH .rdata$sxdata           DATA
 0002:0001b8dc 00000004H .rtc$IAA                DATA
 0002:0001b8e0 00000004H .rtc$IZZ                DATA
 0002:0001b8e4 00000004H .rtc$TAA                DATA
 0002:0001b8e8 00000004H .rtc$TZZ                DATA
 0002:0001b8f0 00000314H .xdata$x                DATA
 0002:0001bc10 00000056H .edata                  DATA
 0002:0001bc68 00000014H .idata$2                DATA
 0002:0001bc7c 00000014H .idata$3                DATA
 0002:0001bc90 000000f8H .idata$4                DATA
 0002:0001bd88 00000474H .idata$6                DATA
 0003:00000000 00008e60H .data                   DATA
 0003:00008e60 00485108H .bss                    DATA
 0004:00000000 00000058H .rsrc$01                DATA
 0004:00000060 00000180H .rsrc$02                DATA

  Address         Publics by Value              Rva+Base       Lib:Object

 0000:00000000       ___guard_fids_count        00000000     <absolute>
 0000:00000000       __except_list              00000000     <absolute>
 0000:00000000       ___guard_flags             00000000     <absolute>
 0000:00000000       ___guard_fids_table        00000000     <absolute>
 0000:00000003       ___safe_se_handler_count   00000003     <absolute>
 0000:00000000       ___ImageBase               40000000     <linker-defined>
 0001:00000000       _BG_Alloc                  40001000 f   bg_misc.obj
 0001:00000050       _BG_FindItemForHoldable    40001050 f   bg_misc.obj
 0001:000000b0       _BG_FindItemForWeapon      400010b0 f   bg_misc.obj
 0001:000000f0       _BG_LegalizedForcePowers   400010f0 f   bg_misc.obj
 0001:00000720       _BG_GetClassOnBaseClass    40001720 f   bg_saga.obj
 0001:000007a0       _BG_GetUIPortrait          400017a0 f   bg_saga.obj
 0001:00000830       _BG_GetUIPortraitFile      40001830 f   bg_saga.obj
 0001:000008c0       _BG_SiegeCountBaseClass    400018c0 f   bg_saga.obj
 0001:00000920       _BG_SiegeFindTeamForTheme  40001920 f   bg_saga.obj
 0001:00000980       _BG_SiegeFindThemeForTeam  40001980 f   bg_saga.obj
 0001:000009a0       _BG_SiegeGetPairedValue    400019a0 f   bg_saga.obj
 0001:00000c00       _BG_SiegeGetValueGroup     40001c00 f   bg_saga.obj
 0001:00000f10       _BG_SiegeLoadClasses       40001f10 f   bg_saga.obj
 0001:00000ff0       _BG_SiegeLoadTeams         40001ff0 f   bg_saga.obj
 0001:000012d0       _BG_SiegeParseClassFile    400022d0 f   bg_saga.obj
 0001:00001bb0       _BG_SiegeSetTeamTheme      40002bb0 f   bg_saga.obj
 0001:00001be0       _BG_SiegeStripTabs         40002be0 f   bg_saga.obj
 0001:00001c20       _BG_SiegeTranslateForcePowers 40002c20 f   bg_saga.obj
 0001:00001df0       _BG_SiegeTranslateGenericTable 40002df0 f   bg_saga.obj
 0001:00001ee0       _AngleVectors              40002ee0 f   q_math.obj
 0001:000020a0       _AnglesToAxis              400030a0 f   q_math.obj
 0001:00002100       _AxisClear                 40003100 f   q_math.obj
 0001:00002150       _Q_irand                   40003150 f   q_math.obj
 0001:00002180       _VectorNormalize           40003180 f   q_math.obj
 0001:00002240       _COM_BeginParseSession     40003240 f   q_shared.obj
 0001:00002270       _COM_Compress              40003270 f   q_shared.obj
 0001:00002380       _COM_Parse                 40003380 f   q_shared.obj
 0001:000023a0       _COM_ParseExt              400033a0 f   q_shared.obj
 0001:00002510       _COM_ParseFloat            40003510 f   q_shared.obj
 0001:00002550       _COM_ParseString           40003550 f   q_shared.obj
 0001:00002590       _COM_StripExtension        40003590 f   q_shared.obj
 0001:000025c0       _Com_Clamp                 400035c0 f   q_shared.obj
 0001:000025f0       _Com_sprintf               400035f0 f   q_shared.obj
 0001:00002640       _GetIDForString            40003640 f   q_shared.obj
 0001:00002690       _Info_RemoveKey            40003690 f   q_shared.obj
 0001:00002780       _Info_SetValueForKey       40003780 f   q_shared.obj
 0001:00002930       _Info_ValueForKey          40003930 f   q_shared.obj
 0001:00002a20       _Q_CleanStr                40003a20 f   q_shared.obj
 0001:00002a70       _Q_strcat                  40003a70 f   q_shared.obj
 0001:00002b00       _Q_stricmp                 40003b00 f   q_shared.obj
 0001:00002b30       _Q_stricmpn                40003b30 f   q_shared.obj
 0001:00002bb0       _Q_strncpyz                40003bb0 f   q_shared.obj
 0001:00002c10       _Q_strrchr                 40003c10 f   q_shared.obj
 0001:00002c40       _Q_strupr                  40003c40 f   q_shared.obj
 0001:00002c70       _SkipBracedSection         40003c70 f   q_shared.obj
 0001:00002dd0       _SkipRestOfLine            40003dd0 f   q_shared.obj
 0001:00002e00       _va                        40003e00 f   q_shared.obj
 0001:00002e80       _Com_Error                 40003e80 f   ui_atoms.obj
 0001:00002ec0       _Com_Printf                40003ec0 f   ui_atoms.obj
 0001:00003400       _UI_ClearScores            40004400 f   ui_atoms.obj
 0001:00003650       _UI_ConsoleCommand         40004650 f   ui_atoms.obj
 0001:000037e0       _UI_Cvar_VariableString    400047e0 f   ui_atoms.obj
 0001:00003800       _UI_DrawHandlePic          40004800 f   ui_atoms.obj
 0001:000038a0       _UI_FillRect               400048a0 f   ui_atoms.obj
 0001:00003920       _UI_LoadBestScores         40004920 f   ui_atoms.obj
 0001:00003a10       _UI_SetBestScores          40004a10 f   ui_atoms.obj
 0001:00003d30       _UI_SetColor               40004d30 f   ui_atoms.obj
 0001:00003d40       _UI_DrawForceStars         40004d40 f   ui_force.obj
 0001:00003e80       _UI_ForceConfigHandle      40004e80 f   ui_force.obj
 0001:000042e0       _UI_ForceMaxRank_HandleKey 400052e0 f   ui_force.obj
 0001:00004360       _UI_ForcePowerRank_HandleKey 40005360 f   ui_force.obj
 0001:00004500       _UI_ForceSide_HandleKey    40005500 f   ui_force.obj
 0001:000045e0       _UI_InitForceShaders       400055e0 f   ui_force.obj
 0001:00004790       _UI_JediNonJedi_HandleKey  40005790 f   ui_force.obj
 0001:000048c0       _UI_ReadLegalForce         400058c0 f   ui_force.obj
 0001:00004be0       _UI_SaveForceTemplate      40005be0 f   ui_force.obj
 0001:00004db0       _UI_SkinColor_HandleKey    40005db0 f   ui_force.obj
 0001:00004e20       _UI_UpdateClientForcePowers 40005e20 f   ui_force.obj
 0001:00004f00       _UI_UpdateForcePowers      40005f00 f   ui_force.obj
 0001:00005130       _UpdateForceUsed           40006130 f   ui_force.obj
 0001:000058b0       _UI_GetBotNameByNumber     400068b0 f   ui_gameinfo.obj
 0001:00005900       _UI_GetNumBots             40006900 f   ui_gameinfo.obj
 0001:00005910       _UI_LoadArenas             40006910 f   ui_gameinfo.obj
 0001:00005d60       _UI_LoadBots               40006d60 f   ui_gameinfo.obj
 0001:00005f70       _UI_ParseInfos             40006f70 f   ui_gameinfo.obj
 0001:00006160       _AssetCache                40007160 f   ui_main.obj
 0001:000062f0       _Asset_Parse               400072f0 f   ui_main.obj
 0001:00006ca0       _GetMenuBuffer             40007ca0 f   ui_main.obj
 0001:00006f60       _Text_Height               40007f60 f   ui_main.obj
 0001:00006ff0       _Text_Paint                40007ff0 f   ui_main.obj
 0001:000070b0       _Text_PaintCenter          400080b0 f   ui_main.obj
 0001:00007190       _Text_PaintWithCursor      40008190 f   ui_main.obj
 0001:00007520       _Text_Width                40008520 f   ui_main.obj
 0001:00007600       _UI_AllocMem               40008600 f   ui_main.obj
 0001:00007620       _UI_AnimsetAlloc           40008620 f   ui_main.obj
 0001:00008ec0       _UI_ClampMaxPlayers        40009ec0 f   ui_main.obj
 0001:00009be0       _UI_DrawConnectScreen      4000abe0 f   ui_main.obj
 0001:0000d2d0       _UI_FeederSelection        4000e2d0 f   ui_main.obj
 0001:0000dc10       _UI_FindCurrentSiegeTeamClass 4000ec10 f   ui_main.obj
 0001:0000dcf0       _UI_FreeMem                4000ecf0 f   ui_main.obj
 0001:0000e7a0       _UI_GetStringEdString      4000f7a0 f   ui_main.obj
 0001:0000e7f0       _UI_GetVideoSetup          4000f7f0 f   ui_main.obj
 0001:0000eb70       _UI_HasSetSaberOnly        4000fb70 f   ui_main.obj
 0001:0000ede0       _UI_Load                   4000fde0 f   ui_main.obj
 0001:0000efa0       _UI_LoadForceConfig_List   4000ffa0 f   ui_main.obj
 0001:0000f0c0       _UI_LoadMenus              400100c0 f   ui_main.obj
 0001:0000f380       _UI_LoadSingleMenuFile     40010380 f   ui_main.obj
 0001:00010c00       _UI_ParseAnimationFile     40011c00 f   ui_main.obj
 0001:00011100       _UI_ParseMenu              40012100 f   ui_main.obj
 0001:00011370       _UI_ReaAllocMem            40012370 f   ui_main.obj
 0001:00011540       _UI_Report                 40012540 f   ui_main.obj
 0001:00013d60       _UI_SetSiegeObjectiveGraphicPos 40014d60 f   ui_main.obj
 0001:00013e50       _UI_SetSiegeTeams          40014e50 f   ui_main.obj
 0001:00014130       _UI_ShowPostGame           40015130 f   ui_main.obj
 0001:00014270       _UI_SiegeClassNum          40015270 f   ui_main.obj
 0001:000142a0       _UI_SiegeInit              400152a0 f   ui_main.obj
 0001:00014310       _UI_SiegeSetCvarsForClass  40015310 f   ui_main.obj
 0001:000154a0       _UI_TeamName               400164a0 f   ui_main.obj
 0001:00015560       _UI_TrueJediEnabled        40016560 f   ui_main.obj
 0001:00015e40       _UI_UpdateCharacterSkin    40016e40 f   ui_main.obj
 0001:00015f10       _UI_UpdateCvarsForClass    40016f10 f   ui_main.obj
 0001:00016270       _UI_UpdateSiegeObjectiveGraphics 40017270 f   ui_main.obj
 0001:000163b0       _UI_UpdateSiegeStatusIcons 400173b0 f   ui_main.obj
 0001:000164a0       _UI_UpdateVideoSetup       400174a0 f   ui_main.obj
 0001:00016680       _UpdateBotButtons          40017680 f   ui_main.obj
 0001:000166e0       _UpdateForceStatus         400176e0 f   ui_main.obj
 0001:00016a70       __UI_DrawRect              40017a70 f   ui_main.obj
 0001:00016b00       __UI_DrawSides             40017b00 f   ui_main.obj
 0001:00016be0       __UI_DrawTopBottom         40017be0 f   ui_main.obj
 0001:00016cd0       __UI_Init                  40017cd0 f   ui_main.obj
 0001:00017210       __UI_KeyEvent              40018210 f   ui_main.obj
 0001:00017290       __UI_MouseEvent            40018290 f   ui_main.obj
 0001:00017300       __UI_Refresh               40018300 f   ui_main.obj
 0001:00017550       __UI_SetActiveMenu         40018550 f   ui_main.obj
 0001:000177f0       _siege_Cvar_Set            400187f0 f   ui_main.obj
 0001:000178d0       _siege_Cvar_VariableStringBuffer 400188d0 f   ui_main.obj
 0001:00017950       _siege_Cvar_VariableValue  40018950 f   ui_main.obj
 0001:00017a60       _vmMain                    40018a60 f   ui_main.obj
 0001:00017b90       _ParseRGBSaber             40018b90 f   ui_saber.obj
 0001:00017be0       _RGB_AdjustPimpSaberColor  40018be0 f   ui_saber.obj
 0001:00017d60       _RGB_AdjustSciptedSaberColor 40018d60 f   ui_saber.obj
 0001:00017f10       _RGB_RandomRGB             40018f10 f   ui_saber.obj
 0001:00017f70       _SaberColorToString        40018f70 f   ui_saber.obj
 0001:00018000       _TranslateSaberColor       40019000 f   ui_saber.obj
 0001:00018150       _TranslateSaberType        40019150 f   ui_saber.obj
 0001:00018290       _UI_CacheSaberGlowGraphics 40019290 f   ui_saber.obj
 0001:00018390       _UI_DoSaber                40019390 f   ui_saber.obj
 0001:00018930       _UI_FreeSabers             40019930 f   ui_saber.obj
 0001:00018950       _UI_GetSaberCount          40019950 f   ui_saber.obj
 0001:00018970       _UI_GetSaberForMenu        40019970 f   ui_saber.obj
 0001:00018b00       _UI_GetSaberHiltInfo       40019b00 f   ui_saber.obj
 0001:00018b20       _UI_ParseLiteral           40019b20 f   ui_saber.obj
 0001:00018b80       _UI_ParseScriptedSaber     40019b80 f   ui_saber.obj
 0001:00018ca0       _UI_SaberAttachToChar      40019ca0 f   ui_saber.obj
 0001:00018de0       _UI_SaberBladeLengthForSaber 40019de0 f   ui_saber.obj
 0001:00018e90       _UI_SaberBladeRadiusForSaber 40019e90 f   ui_saber.obj
 0001:00018f50       _UI_SaberDrawBlade         40019f50 f   ui_saber.obj
 0001:00019950       _UI_SaberDrawBlades        4001a950 f   ui_saber.obj
 0001:00019b90       _UI_SaberGetHiltInfo       4001ab90 f   ui_saber.obj
 0001:00019d00       _UI_SaberLoadParms         4001ad00 f   ui_saber.obj
 0001:00019f40       _UI_SaberModelForSaber     4001af40 f   ui_saber.obj
 0001:00019f60       _UI_SaberParseParm         4001af60 f   ui_saber.obj
 0001:0001a0a0       _UI_SaberProperNameForSaber 4001b0a0 f   ui_saber.obj
 0001:0001a120       _UI_SaberShouldDrawBlade   4001b120 f   ui_saber.obj
 0001:0001a1c0       _UI_SaberSkinForSaber      4001b1c0 f   ui_saber.obj
 0001:0001a1e0       _UI_SaberTypeForSaber      4001b1e0 f   ui_saber.obj
 0001:0001a200       _MenuParse_focuscolor      4001b200 f   ui_shared.obj
 0001:0001a2c0       _ItemParse_notselectable   4001b2c0 f   ui_shared.obj
 0001:0001a300       _ItemParse_scrollhidden    4001b300 f   ui_shared.obj
 0001:0001a340       _MenuParse_disablecolor    4001b340 f   ui_shared.obj
 0001:0001a400       _ItemParse_wrapped         4001b400 f   ui_shared.obj
 0001:0001a420       _Script_SetTeamColor       4001b420 f   ui_shared.obj
 0001:0001a460       _ItemParse_autowrapped     4001b460 f   ui_shared.obj
 0001:0001a480       _ItemParse_horizontalscroll 4001b480 f   ui_shared.obj
 0001:0001a4a0       _Script_SetItemColor       4001b4a0 f   ui_shared.obj
 0001:0001a610       _ItemParse_type            4001b610 f   ui_shared.obj
 0001:0001a650       _MenuParse_ownerdraw       4001b650 f   ui_shared.obj
 0001:0001a670       _Script_SetItemColorCvar   4001b670 f   ui_shared.obj
 0001:0001a8c0       _ItemParse_elementtype     4001b8c0 f   ui_shared.obj
 0001:0001a900       _MenuParse_popup           4001b900 f   ui_shared.obj
 0001:0001a920       _ItemParse_columns         4001b920 f   ui_shared.obj
 0001:0001a9e0       _MenuParse_outOfBounds     4001b9e0 f   ui_shared.obj
 0001:0001aa00       _MenuParse_fadeClamp       4001ba00 f   ui_shared.obj
 0001:0001aa20       _MenuParse_fadeAmount      4001ba20 f   ui_shared.obj
 0001:0001aa20       _ItemParse_textalignx      4001ba20 f   ui_shared.obj
 0001:0001aa40       _ItemParse_visible         4001ba40 f   ui_shared.obj
 0001:0001aa40       _MenuParse_visible         4001ba40 f   ui_shared.obj
 0001:0001aa80       _Script_SetItemRect        4001ba80 f   ui_shared.obj
 0001:0001ab50       _MenuParse_fadeCycle       4001bb50 f   ui_shared.obj
 0001:0001ab50       _ItemParse_align           4001bb50 f   ui_shared.obj
 0001:0001ab70       _ItemParse_ownerdraw       4001bb70 f   ui_shared.obj
 0001:0001aba0       _MenuParse_itemDef         4001bba0 f   ui_shared.obj
 0001:0001ac70       _ItemParse_isCharacter     4001bc70 f   ui_shared.obj
 0001:0001acc0       _MenuParse_appearanceIncrement 4001bcc0 f   ui_shared.obj
 0001:0001ace0       _ItemParse_textalign       4001bce0 f   ui_shared.obj
 0001:0001ad20       _ItemParse_textaligny      4001bd20 f   ui_shared.obj
 0001:0001ad40       _ItemParse_textscale       4001bd40 f   ui_shared.obj
 0001:0001ad60       _ItemParse_textstyle       4001bd60 f   ui_shared.obj
 0001:0001ad80       _ItemParse_invertyesno     4001bd80 f   ui_shared.obj
 0001:0001ada0       _ItemParse_xoffset         4001bda0 f   ui_shared.obj
 0001:0001adc0       _ItemParse_backcolor       4001bdc0 f   ui_shared.obj
 0001:0001ae70       _ItemParse_forecolor       4001be70 f   ui_shared.obj
 0001:0001af70       _ItemParse_bordercolor     4001bf70 f   ui_shared.obj
 0001:0001b030       _Script_Show               4001c030 f   ui_shared.obj
 0001:0001b080       _MenuParse_outlinecolor    4001c080 f   ui_shared.obj
 0001:0001b080       _ItemParse_outlinecolor    4001c080 f   ui_shared.obj
 0001:0001b0a0       _Script_Hide               4001c0a0 f   ui_shared.obj
 0001:0001b0f0       _MenuParse_background      4001c0f0 f   ui_shared.obj
 0001:0001b0f0       _ItemParse_background      4001c0f0 f   ui_shared.obj
 0001:0001b140       _Script_FadeIn             4001c140 f   ui_shared.obj
 0001:0001b190       _ItemParse_cinematic       4001c190 f   ui_shared.obj
 0001:0001b190       _MenuParse_cinematic       4001c190 f   ui_shared.obj
 0001:0001b1b0       _ItemParse_doubleClick     4001c1b0 f   ui_shared.obj
 0001:0001b1f0       _Script_FadeOut            4001c1f0 f   ui_shared.obj
 0001:0001b240       _ItemParse_onFocus         4001c240 f   ui_shared.obj
 0001:0001b260       _Script_Open               4001c260 f   ui_shared.obj
 0001:0001b2a0       _ItemParse_leaveFocus      4001c2a0 f   ui_shared.obj
 0001:0001b2c0       _Script_Close              4001c2c0 f   ui_shared.obj
 0001:0001b320       _ItemParse_mouseEnter      4001c320 f   ui_shared.obj
 0001:0001b340       _ItemParse_mouseExit       4001c340 f   ui_shared.obj
 0001:0001b360       _ItemParse_mouseEnterText  4001c360 f   ui_shared.obj
 0001:0001b380       _ItemParse_mouseExitText   4001c380 f   ui_shared.obj
 0001:0001b3a0       _ItemParse_action          4001c3a0 f   ui_shared.obj
 0001:0001b3c0       _ItemParse_special         4001c3c0 f   ui_shared.obj
 0001:0001b3c0       _ItemParse_feeder          4001c3c0 f   ui_shared.obj
 0001:0001b3e0       _ItemParse_cvarTest        4001c3e0 f   ui_shared.obj
 0001:0001b400       _ItemParse_cvar            4001c400 f   ui_shared.obj
 0001:0001b480       _ItemParse_font            4001c480 f   ui_shared.obj
 0001:0001b4b0       _Script_Defer              4001c4b0 f   ui_shared.obj
 0001:0001b500       _ItemParse_maxChars        4001c500 f   ui_shared.obj
 0001:0001b550       _Script_RunDeferred        4001c550 f   ui_shared.obj
 0001:0001b580       _ItemParse_maxPaintChars   4001c580 f   ui_shared.obj
 0001:0001b5d0       _Script_Transition         4001c5d0 f   ui_shared.obj
 0001:0001b690       _ItemParse_maxLineChars    4001c690 f   ui_shared.obj
 0001:0001b6e0       _ItemParse_lineHeight      4001c6e0 f   ui_shared.obj
 0001:0001b730       _ItemParse_cvarInt         4001c730 f   ui_shared.obj
 0001:0001b7c0       _ItemParse_cvarFloat       4001c7c0 f   ui_shared.obj
 0001:0001b840       _ItemParse_cvarStrList     4001c840 f   ui_shared.obj
 0001:0001ba90       _Script_Disable            4001ca90 f   ui_shared.obj
 0001:0001bb30       _Script_Scale              4001cb30 f   ui_shared.obj
 0001:0001bc90       _Script_Orbit              4001cc90 f   ui_shared.obj
 0001:0001bdb0       _ItemParse_cvarFloatList   4001cdb0 f   ui_shared.obj
 0001:0001bed0       _Script_SetFocus           4001ced0 f   ui_shared.obj
 0001:0001bf80       _ItemParse_addColorRange   4001cf80 f   ui_shared.obj
 0001:0001c010       _Script_SetPlayerModel     4001d010 f   ui_shared.obj
 0001:0001c060       _MenuParse_ownerdrawFlag   4001d060 f   ui_shared.obj
 0001:0001c060       _ItemParse_ownerdrawFlag   4001d060 f   ui_shared.obj
 0001:0001c090       _ItemParse_enableCvar      4001d090 f   ui_shared.obj
 0001:0001c0d0       _Script_Transition2        4001d0d0 f   ui_shared.obj
 0001:0001c1a0       _ItemParse_disableCvar     4001d1a0 f   ui_shared.obj
 0001:0001c1e0       _ItemParse_showCvar        4001d1e0 f   ui_shared.obj
 0001:0001c220       _ItemParse_hideCvar        4001d220 f   ui_shared.obj
 0001:0001c260       _ItemParse_cvarSubString   4001d260 f   ui_shared.obj
 0001:0001c280       _ItemParse_Appearance_slot 4001d280 f   ui_shared.obj
 0001:0001c2a0       _ItemParse_isSaber         4001d2a0 f   ui_shared.obj
 0001:0001c300       _Script_SetCvar            4001d300 f   ui_shared.obj
 0001:0001c380       _ItemParse_isSaber2        4001d380 f   ui_shared.obj
 0001:0001c3e0       _Script_SetCvarToCvar      4001d3e0 f   ui_shared.obj
 0001:0001c490       _Script_Exec               4001d490 f   ui_shared.obj
 0001:0001c580       _Script_Play               4001d580 f   ui_shared.obj
 0001:0001c5e0       _Script_PlayVoice          4001d5e0 f   ui_shared.obj
 0001:0001c640       _Script_playLooped         4001d640 f   ui_shared.obj
 0001:0001c6b0       _ItemParse_name            4001d6b0 f   ui_shared.obj
 0001:0001c6d0       _ItemParse_focusSound      4001d6d0 f   ui_shared.obj
 0001:0001c720       _ItemParse_text            4001d720 f   ui_shared.obj
 0001:0001c740       _ItemParse_descText        4001d740 f   ui_shared.obj
 0001:0001c760       _ItemParse_text2           4001d760 f   ui_shared.obj
 0001:0001c760       _MenuParse_soundLoop       4001d760 f   ui_shared.obj
 0001:0001c780       _ItemParse_text2alignx     4001d780 f   ui_shared.obj
 0001:0001c7a0       _ItemParse_text2aligny     4001d7a0 f   ui_shared.obj
 0001:0001c7c0       _ItemParse_group           4001d7c0 f   ui_shared.obj
 0001:0001c7e0       _ItemParse_asset_model     4001d7e0 f   ui_shared.obj
 0001:0001c870       _MenuParse_font            4001d870 f   ui_shared.obj
 0001:0001c8d0       _MenuParse_name            4001d8d0 f   ui_shared.obj
 0001:0001c910       _ItemParse_asset_shader    4001d910 f   ui_shared.obj
 0001:0001c960       _MenuParse_fullscreen      4001d960 f   ui_shared.obj
 0001:0001c980       _ItemParse_model_origin    4001d980 f   ui_shared.obj
 0001:0001c9e0       _MenuParse_rect            4001d9e0 f   ui_shared.obj
 0001:0001ca40       _ItemParse_model_fovx      4001da40 f   ui_shared.obj
 0001:0001ca40       _ItemParse_elementwidth    4001da40 f   ui_shared.obj
 0001:0001ca70       _MenuParse_style           4001da70 f   ui_shared.obj
 0001:0001cab0       _ItemParse_elementheight   4001dab0 f   ui_shared.obj
 0001:0001cab0       _ItemParse_model_fovy      4001dab0 f   ui_shared.obj
 0001:0001cae0       _ItemParse_model_rotation  4001dae0 f   ui_shared.obj
 0001:0001cb10       _ItemParse_model_angle     4001db10 f   ui_shared.obj
 0001:0001cb40       _MenuParse_onOpen          4001db40 f   ui_shared.obj
 0001:0001cb60       _ItemParse_model_g2mins    4001db60 f   ui_shared.obj
 0001:0001cbc0       _MenuParse_onClose         4001dbc0 f   ui_shared.obj
 0001:0001cbe0       _MenuParse_onAccept        4001dbe0 f   ui_shared.obj
 0001:0001cc00       _ItemParse_model_g2maxs    4001dc00 f   ui_shared.obj
 0001:0001cc60       _MenuParse_onESC           4001dc60 f   ui_shared.obj
 0001:0001cc80       _ItemParse_model_g2scale   4001dc80 f   ui_shared.obj
 0001:0001cce0       _ItemParse_border          4001dce0 f   ui_shared.obj
 0001:0001cce0       _MenuParse_border          4001dce0 f   ui_shared.obj
 0001:0001cd00       _ItemParse_model_g2skin    4001dd00 f   ui_shared.obj
 0001:0001cd60       _MenuParse_borderSize      4001dd60 f   ui_shared.obj
 0001:0001cd60       _ItemParse_bordersize      4001dd60 f   ui_shared.obj
 0001:0001cd80       _MenuParse_backcolor       4001dd80 f   ui_shared.obj
 0001:0001ce30       _ItemParse_model_g2anim    4001de30 f   ui_shared.obj
 0001:0001ced0       _MenuParse_descAlignment   4001ded0 f   ui_shared.obj
 0001:0001cf10       _Script_SetColor           4001df10 f   ui_shared.obj
 0001:0001cff0       _MenuParse_descX           4001dff0 f   ui_shared.obj
 0001:0001d010       _MenuParse_descY           4001e010 f   ui_shared.obj
 0001:0001d030       _Script_SetAsset           4001e030 f   ui_shared.obj
 0001:0001d060       _MenuParse_descScale       4001e060 f   ui_shared.obj
 0001:0001d080       _ItemParse_rectcvar        4001e080 f   ui_shared.obj
 0001:0001d1b0       _Script_SetBackground      4001e1b0 f   ui_shared.obj
 0001:0001d200       _MenuParse_descColor       4001e200 f   ui_shared.obj
 0001:0001d2c0       _Script_SetItemRectCvar    4001e2c0 f   ui_shared.obj
 0001:0001d4b0       _ItemParse_rect            4001e4b0 f   ui_shared.obj
 0001:0001d510       _MenuParse_forecolor       4001e510 f   ui_shared.obj
 0001:0001d600       _ItemParse_flag            4001e600 f   ui_shared.obj
 0001:0001d6a0       _Script_SetItemBackground  4001e6a0 f   ui_shared.obj
 0001:0001d720       _MenuParse_bordercolor     4001e720 f   ui_shared.obj
 0001:0001d7e0       _ItemParse_style           4001e7e0 f   ui_shared.obj
 0001:0001d820       _Script_SetItemText        4001e820 f   ui_shared.obj
 0001:0001d8a0       _ItemParse_decoration      4001e8a0 f   ui_shared.obj
 0001:0001d8c0       _BindingFromName           4001e8c0 f   ui_shared.obj
 0001:0001d9d0       _BindingIDFromName         4001e9d0 f   ui_shared.obj
 0001:0001da10       _Color_Parse               4001ea10 f   ui_shared.obj
 0001:0001da60       _Controls_GetConfig        4001ea60 f   ui_shared.obj
 0001:0001db10       _Controls_SetConfig        4001eb10 f   ui_shared.obj
 0001:0001db60       _Display_CacheAll          4001eb60 f   ui_shared.obj
 0001:0001dd70       _Display_KeyBindPending    4001ed70 f   ui_shared.obj
 0001:0001dd80       _Display_MouseMove         4001ed80 f   ui_shared.obj
 0001:0001de80       _Float_Parse               4001ee80 f   ui_shared.obj
 0001:0001dec0       _GradientBar_Paint         4001eec0 f   ui_shared.obj
 0001:0001df10       _Init_Display              4001ef10 f   ui_shared.obj
 0001:0001df20       _Int_Parse                 4001ef20 f   ui_shared.obj
 0001:0001df60       _IsForceRank               4001ef60 f   ui_shared.obj
 0001:0001df90       _IsVisible                 4001ef90 f   ui_shared.obj
 0001:0001dfb0       _ItemParse_asset_model_go  4001efb0 f   ui_shared.obj
 0001:0001e1f0       _ItemParse_model_g2anim_go 4001f1f0 f   ui_shared.obj
 0001:0001e270       _ItemParse_model_g2skin_go 4001f270 f   ui_shared.obj
 0001:0001e2e0       _Item_Action               4001f2e0 f   ui_shared.obj
 0001:0001e300       _Item_Bind_HandleKey       4001f300 f   ui_shared.obj
 0001:0001e5d0       _Item_Bind_Paint           4001f5d0 f   ui_shared.obj
 0001:0001e890       _Item_EnableShowViaCvar    4001f890 f   ui_shared.obj
 0001:0001ea00       _Item_HandleAccept         4001fa00 f   ui_shared.obj
 0001:0001ea30       _Item_HandleKey            4001fa30 f   ui_shared.obj
 0001:0001eb90       _Item_Init                 4001fb90 f   ui_shared.obj
 0001:0001ebf0       _Item_ListBox_HandleKey    4001fbf0 f   ui_shared.obj
 0001:0001f040       _Item_ListBox_MouseEnter   40020040 f   ui_shared.obj
 0001:0001f220       _Item_ListBox_OverLB       40020220 f   ui_shared.obj
 0001:0001f680       _Item_ListBox_Paint        40020680 f   ui_shared.obj
 0001:000205a0       _Item_ListBox_ThumbDrawPosition 400215a0 f   ui_shared.obj
 0001:00020690       _Item_ListBox_ThumbPosition 40021690 f   ui_shared.obj
 0001:000207c0       _Item_Model_Paint          400217c0 f   ui_shared.obj
 0001:00020e60       _Item_MouseEnter           40021e60 f   ui_shared.obj
 0001:00021010       _Item_MouseLeave           40022010 f   ui_shared.obj
 0001:00021050       _Item_Multi_FindCvarByValue 40022050 f   ui_shared.obj
 0001:00021130       _Item_Multi_HandleKey      40022130 f   ui_shared.obj
 0001:000212e0       _Item_Multi_Paint          400222e0 f   ui_shared.obj
 0001:000214f0       _Item_Multi_Setting        400224f0 f   ui_shared.obj
 0001:000215d0       _Item_OwnerDraw_HandleKey  400225d0 f   ui_shared.obj
 0001:00021690       _Item_OwnerDraw_Paint      40022690 f   ui_shared.obj
 0001:00021ae0       _Item_Paint                40022ae0 f   ui_shared.obj
 0001:00022350       _Item_Parse                40023350 f   ui_shared.obj
 0001:000224a0       _Item_RunScript            400234a0 f   ui_shared.obj
 0001:00022590       _Item_SetFocus             40023590 f   ui_shared.obj
 0001:000226b0       _Item_SetScreenCoords      400236b0 f   ui_shared.obj
 0001:00022750       _Item_SetTextExtents       40023750 f   ui_shared.obj
 0001:000229d0       _Item_SetupKeywordHash     400239d0 f   ui_shared.obj
 0001:00022a80       _Item_Slider_HandleKey     40023a80 f   ui_shared.obj
 0001:00022c30       _Item_Slider_Paint         40023c30 f   ui_shared.obj
 0001:00022e30       _Item_Slider_ThumbPosition 40023e30 f   ui_shared.obj
 0001:00022ef0       _Item_StartCapture         40023ef0 f   ui_shared.obj
 0001:000231b0       _Item_TextColor            400241b0 f   ui_shared.obj
 0001:000233f0       _Item_TextField_HandleKey  400243f0 f   ui_shared.obj
 0001:00023860       _Item_TextField_Paint      40024860 f   ui_shared.obj
 0001:00023d60       _Item_TextScroll_HandleKey 40024d60 f   ui_shared.obj
 0001:00023ed0       _Item_TextScroll_OverLB    40024ed0 f   ui_shared.obj
 0001:000240c0       _Item_TextScroll_Paint     400250c0 f   ui_shared.obj
 0001:000243d0       _Item_TextScroll_ThumbDrawPosition 400253d0 f   ui_shared.obj
 0001:00024590       _Item_Text_AutoWrapped_Paint 40025590 f   ui_shared.obj
 0001:00024840       _Item_Text_Paint           40025840 f   ui_shared.obj
 0001:00024a00       _Item_Text_Wrapped_Paint   40025a00 f   ui_shared.obj
 0001:00024bc0       _Item_ValidateTypeData     40025bc0 f   ui_shared.obj
 0001:00024cd0       _Item_YesNo_HandleKey      40025cd0 f   ui_shared.obj
 0001:00024dc0       _Item_YesNo_Paint          40025dc0 f   ui_shared.obj
 0001:00024ff0       _Leaving_EditField         40025ff0 f   ui_shared.obj
 0001:00025020       _LerpColor                 40026020 f   ui_shared.obj
 0001:00025100       _Menu_ClearFocus           40026100 f   ui_shared.obj
 0001:00025250       _Menu_Count                40026250 f   ui_shared.obj
 0001:00025260       _Menu_FadeItemByName       40026260 f   ui_shared.obj
 0001:000252c0       _Menu_FindItemByName       400262c0 f   ui_shared.obj
 0001:00025320       _Menu_GetFocused           40026320 f   ui_shared.obj
 0001:00025360       _Menu_GetMatchingItemByNumber 40026360 f   ui_shared.obj
 0001:000253e0       _Menu_HandleKey            400263e0 f   ui_shared.obj
 0001:00025910       _Menu_HandleMouseMove      40026910 f   ui_shared.obj
 0001:00025b10       _Menu_Init                 40026b10 f   ui_shared.obj
 0001:00025ba0       _Menu_ItemDisable          40026ba0 f   ui_shared.obj
 0001:00025bf0       _Menu_ItemsMatchingGroup   40026bf0 f   ui_shared.obj
 0001:00025c70       _Menu_New                  40026c70 f   ui_shared.obj
 0001:00025ce0       _Menu_OrbitItemByName      40026ce0 f   ui_shared.obj
 0001:00025ec0       _Menu_Paint                40026ec0 f   ui_shared.obj
 0001:00026060       _Menu_PaintAll             40027060 f   ui_shared.obj
 0001:00026300       _Menu_Parse                40027300 f   ui_shared.obj
 0001:00026450       _Menu_Reset                40027450 f   ui_shared.obj
 0001:00026460       _Menu_SetFeederSelection   40027460 f   ui_shared.obj
 0001:00026530       _Menu_SetItemBackground    40027530 f   ui_shared.obj
 0001:00026590       _Menu_SetItemText          40027590 f   ui_shared.obj
 0001:00026650       _Menu_SetNextCursorItem    40027650 f   ui_shared.obj
 0001:00026750       _Menu_SetPrevCursorItem    40027750 f   ui_shared.obj
 0001:00026850       _Menu_SetupKeywordHash     40027850 f   ui_shared.obj
 0001:00026900       _Menu_ShowGroup            40027900 f   ui_shared.obj
 0001:00026950       _Menu_ShowItemByName       40027950 f   ui_shared.obj
 0001:000269c0       _Menu_TransitionItemByName 400279c0 f   ui_shared.obj
 0001:00026b20       _Menu_UpdatePosition       40027b20 f   ui_shared.obj
 0001:00026c30       _Menus_ActivateByName      40027c30 f   ui_shared.obj
 0001:00026d50       _Menus_AnyFullScreenVisible 40027d50 f   ui_shared.obj
 0001:00026d80       _Menus_CloseAll            40027d80 f   ui_shared.obj
 0001:00026e10       _Menus_CloseByName         40027e10 f   ui_shared.obj
 0001:00026e90       _Menus_FindByName          40027e90 f   ui_shared.obj
 0001:00026ee0       _Menus_HandleOOBClick      40027ee0 f   ui_shared.obj
 0001:000270b0       _Menus_OpenByName          400280b0 f   ui_shared.obj
 0001:000270c0       _PC_Color_Parse            400280c0 f   ui_shared.obj
 0001:00027160       _PC_Float_Parse            40028160 f   ui_shared.obj
 0001:00027200       _PC_Int_Parse              40028200 f   ui_shared.obj
 0001:00027290       _PC_Script_Parse           40028290 f   ui_shared.obj
 0001:000273a0       _PC_SourceError            400283a0 f   ui_shared.obj
 0001:00027400       _PC_String_Parse           40028400 f   ui_shared.obj
 0001:00027470       _ParseRect                 40028470 f   ui_shared.obj
 0001:000274d0       _Rect_ContainsPoint        400284d0 f   ui_shared.obj
 0001:00027520       _Rect_Parse                40028520 f   ui_shared.obj
 0001:00027c00       _String_Alloc              40028c00 f   ui_shared.obj
 0001:00027d10       _String_Init               40028d10 f   ui_shared.obj
 0001:00027d60       _String_Parse              40028d60 f   ui_shared.obj
 0001:00027da0       _String_Report             40028da0 f   ui_shared.obj
 0001:00027e30       _UI_Alloc                  40028e30 f   ui_shared.obj
 0001:00027e90       _UI_CleanupGhoul2          40028e90 f   ui_shared.obj
 0001:00027ed0       _UI_InitMemory             40028ed0 f   ui_shared.obj
 0001:00027ef0       _UI_InsertG2Pointer        40028ef0 f   ui_shared.obj
 0001:00027f40       _UI_OutOfMemory            40028f40 f   ui_shared.obj
 0001:00027f50       _UI_ScaleModelAxis         40028f50 f   ui_shared.obj
 0001:00028050       _Window_Paint              40029050 f   ui_shared.obj
 0001:000285c0       _dllEntry                  400295c0 f   ui_syscalls.obj
 0001:000285d0       _trap_AnyLanguage_ReadCharFromString 400295d0 f   ui_syscalls.obj
 0001:000285f0       _trap_Argc                 400295f0 f   ui_syscalls.obj
 0001:00028600       _trap_Argv                 40029600 f   ui_syscalls.obj
 0001:00028620       _trap_CIN_DrawCinematic    40029620 f   ui_syscalls.obj
 0001:00028640       _trap_CIN_PlayCinematic    40029640 f   ui_syscalls.obj
 0001:00028670       _trap_CIN_RunCinematic     40029670 f   ui_syscalls.obj
 0001:00028690       _trap_CIN_SetExtents       40029690 f   ui_syscalls.obj
 0001:000286b0       _trap_CIN_StopCinematic    400296b0 f   ui_syscalls.obj
 0001:000286d0       _trap_Cmd_ExecuteText      400296d0 f   ui_syscalls.obj
 0001:000286f0       _trap_Cvar_Register        400296f0 f   ui_syscalls.obj
 0001:00028710       _trap_Cvar_Set             40029710 f   ui_syscalls.obj
 0001:00028730       _trap_Cvar_SetValue        40029730 f   ui_syscalls.obj
 0001:00028750       _trap_Cvar_Update          40029750 f   ui_syscalls.obj
 0001:00028770       _trap_Cvar_VariableStringBuffer 40029770 f   ui_syscalls.obj
 0001:00028790       _trap_Cvar_VariableValue   40029790 f   ui_syscalls.obj
 0001:000287b0       _trap_Error                400297b0 f   ui_syscalls.obj
 0001:000287d0       _trap_FS_FCloseFile        400297d0 f   ui_syscalls.obj
 0001:000287f0       _trap_FS_FOpenFile         400297f0 f   ui_syscalls.obj
 0001:00028810       _trap_FS_GetFileList       40029810 f   ui_syscalls.obj
 0001:00028830       _trap_FS_Read              40029830 f   ui_syscalls.obj
 0001:00028850       _trap_FS_Write             40029850 f   ui_syscalls.obj
 0001:00028870       _trap_G2API_AddBolt        40029870 f   ui_syscalls.obj
 0001:00028890       _trap_G2API_AttachG2Model  40029890 f   ui_syscalls.obj
 0001:000288c0       _trap_G2API_CleanGhoul2Models 400298c0 f   ui_syscalls.obj
 0001:000288e0       _trap_G2API_GetBoltMatrix  400298e0 f   ui_syscalls.obj
 0001:00028910       _trap_G2API_GetGLAName     40029910 f   ui_syscalls.obj
 0001:00028930       _trap_G2API_HasGhoul2ModelOnIndex 40029930 f   ui_syscalls.obj
 0001:00028950       _trap_G2API_InitGhoul2Model 40029950 f   ui_syscalls.obj
 0001:00028980       _trap_G2API_RemoveGhoul2Model 40029980 f   ui_syscalls.obj
 0001:000289a0       _trap_G2API_SetBoneAnim    400299a0 f   ui_syscalls.obj
 0001:000289f0       _trap_G2API_SetSkin        400299f0 f   ui_syscalls.obj
 0001:00028a10       _trap_G2API_SetTime        40029a10 f   ui_syscalls.obj
 0001:00028a30       _trap_G2_HaveWeGhoul2Models 40029a30 f   ui_syscalls.obj
 0001:00028a50       _trap_GetClientState       40029a50 f   ui_syscalls.obj
 0001:00028a70       _trap_GetConfigString      40029a70 f   ui_syscalls.obj
 0001:00028a90       _trap_GetGlconfig          40029a90 f   ui_syscalls.obj
 0001:00028ab0       _trap_GetLanguageName      40029ab0 f   ui_syscalls.obj
 0001:00028ad0       _trap_Key_ClearStates      40029ad0 f   ui_syscalls.obj
 0001:00028ae0       _trap_Key_GetBindingBuf    40029ae0 f   ui_syscalls.obj
 0001:00028b00       _trap_Key_GetCatcher       40029b00 f   ui_syscalls.obj
 0001:00028b10       _trap_Key_GetOverstrikeMode 40029b10 f   ui_syscalls.obj
 0001:00028b20       _trap_Key_KeynumToStringBuf 40029b20 f   ui_syscalls.obj
 0001:00028b40       _trap_Key_SetBinding       40029b40 f   ui_syscalls.obj
 0001:00028b60       _trap_Key_SetCatcher       40029b60 f   ui_syscalls.obj
 0001:00028b80       _trap_Key_SetOverstrikeMode 40029b80 f   ui_syscalls.obj
 0001:00028ba0       _trap_LAN_AddServer        40029ba0 f   ui_syscalls.obj
 0001:00028bc0       _trap_LAN_CompareServers   40029bc0 f   ui_syscalls.obj
 0001:00028be0       _trap_LAN_GetServerAddressString 40029be0 f   ui_syscalls.obj
 0001:00028c00       _trap_LAN_GetServerCount   40029c00 f   ui_syscalls.obj
 0001:00028c20       _trap_LAN_GetServerInfo    40029c20 f   ui_syscalls.obj
 0001:00028c40       _trap_LAN_GetServerPing    40029c40 f   ui_syscalls.obj
 0001:00028c60       _trap_LAN_LoadCachedServers 40029c60 f   ui_syscalls.obj
 0001:00028c70       _trap_LAN_MarkServerVisible 40029c70 f   ui_syscalls.obj
 0001:00028c90       _trap_LAN_RemoveServer     40029c90 f   ui_syscalls.obj
 0001:00028cb0       _trap_LAN_ResetPings       40029cb0 f   ui_syscalls.obj
 0001:00028cd0       _trap_LAN_SaveCachedServers 40029cd0 f   ui_syscalls.obj
 0001:00028ce0       _trap_LAN_ServerIsVisible  40029ce0 f   ui_syscalls.obj
 0001:00028d00       _trap_LAN_ServerStatus     40029d00 f   ui_syscalls.obj
 0001:00028d20       _trap_LAN_UpdateVisiblePings 40029d20 f   ui_syscalls.obj
 0001:00028d40       _trap_Language_IsAsian     40029d40 f   ui_syscalls.obj
 0001:00028d50       _trap_Language_UsesSpaces  40029d50 f   ui_syscalls.obj
 0001:00028d60       _trap_Milliseconds         40029d60 f   ui_syscalls.obj
 0001:00028d70       _trap_PC_FreeSource        40029d70 f   ui_syscalls.obj
 0001:00028d90       _trap_PC_LoadGlobalDefines 40029d90 f   ui_syscalls.obj
 0001:00028db0       _trap_PC_LoadSource        40029db0 f   ui_syscalls.obj
 0001:00028dd0       _trap_PC_ReadToken         40029dd0 f   ui_syscalls.obj
 0001:00028df0       _trap_PC_RemoveAllGlobalDefines 40029df0 f   ui_syscalls.obj
 0001:00028e00       _trap_PC_SourceFileAndLine 40029e00 f   ui_syscalls.obj
 0001:00028e20       _trap_Print                40029e20 f   ui_syscalls.obj
 0001:00028e40       _trap_R_AddRefEntityToScene 40029e40 f   ui_syscalls.obj
 0001:00028e60       _trap_R_ClearScene         40029e60 f   ui_syscalls.obj
 0001:00028e70       _trap_R_DrawStretchPic     40029e70 f   ui_syscalls.obj
 0001:00028ef0       _trap_R_Font_DrawString    40029ef0 f   ui_syscalls.obj
 0001:00028f20       _trap_R_Font_HeightPixels  40029f20 f   ui_syscalls.obj
 0001:00028f40       _trap_R_Font_StrLenChars   40029f40 f   ui_syscalls.obj
 0001:00028f60       _trap_R_Font_StrLenPixels  40029f60 f   ui_syscalls.obj
 0001:00028f90       _trap_R_ModelBounds        40029f90 f   ui_syscalls.obj
 0001:00028fb0       _trap_R_RegisterFont       40029fb0 f   ui_syscalls.obj
 0001:00028fd0       _trap_R_RegisterModel      40029fd0 f   ui_syscalls.obj
 0001:00028ff0       _trap_R_RegisterShaderNoMip 40029ff0 f   ui_syscalls.obj
 0001:00029050       _trap_R_RegisterSkin       4002a050 f   ui_syscalls.obj
 0001:00029070       _trap_R_RenderScene        4002a070 f   ui_syscalls.obj
 0001:00029090       _trap_R_SetColor           4002a090 f   ui_syscalls.obj
 0001:000290b0       _trap_R_ShaderNameFromIndex 4002a0b0 f   ui_syscalls.obj
 0001:000290d0       _trap_RealTime             4002a0d0 f   ui_syscalls.obj
 0001:000290f0       _trap_SP_GetNumLanguages   4002a0f0 f   ui_syscalls.obj
 0001:00029100       _trap_SP_GetStringTextString 4002a100 f   ui_syscalls.obj
 0001:00029120       _trap_S_RegisterSound      4002a120 f   ui_syscalls.obj
 0001:00029140       _trap_S_StartBackgroundTrack 4002a140 f   ui_syscalls.obj
 0001:00029160       _trap_S_StartLocalSound    4002a160 f   ui_syscalls.obj
 0001:00029180       _trap_S_StopBackgroundTrack 4002a180 f   ui_syscalls.obj
 0001:00029190       _strchr                    4002a190 f   LIBCMT:strchr.obj
 0001:000291fe       ___from_strstr_to_strchr   4002a1fe     LIBCMT:strchr.obj
 0001:000292bb       _atoi                      4002a2bb f   LIBCMT:atox.obj
 0001:000292c4       _atol                      4002a2c4 f   LIBCMT:atox.obj
 0001:000292e0       _atan2                     4002a2e0 f   LIBCMT:87ctriga.obj
 0001:000292ea       __CIatan2                  4002a2ea f   LIBCMT:87ctriga.obj
 0001:00029300       __libm_sse2_cos_precise    4002a300 f   LIBCMT:cos_sse2_precise.obj
 0001:000294c0       __libm_sse2_sin_precise    4002a4c0 f   LIBCMT:sin_sse2_precise.obj
 0001:00029690       _memset                    4002a690 f   LIBCMT:memset.obj
 0001:00029720       __fpmath                   4002a720 f   LIBCMT:fpinit.obj
 0001:00029737       __cfltcvt_init             4002a737 f   LIBCMT:fpinit.obj
 0001:00029797       ??0_LocaleUpdate@@QAE@PAUlocaleinfo_struct@@@Z 4002a797 f i LIBCMT:atof.obj
 0001:0002981f       __atof_l                   4002a81f f   LIBCMT:atof.obj
 0001:000298bd       _atof                      4002a8bd f   LIBCMT:atof.obj
 0001:000298d0       __alloca_probe             4002a8d0 f   LIBCMT:chkstk.obj
 0001:000298d0       __chkstk                   4002a8d0 f   LIBCMT:chkstk.obj
 0001:00029900       _fmod                      4002a900 f   LIBCMT:87fmod.obj
 0001:0002990a       __CIfmod                   4002a90a f   LIBCMT:87fmod.obj
 0001:00029930       __libm_sse2_acos_precise   4002a930 f   LIBCMT:acos_sse2_precise.obj
 0001:00029e50       __libm_sse2_sqrt_precise   4002ae50 f   LIBCMT:sqrt_sse2_precise.obj
 0001:00029f50       __vsnprintf                4002af50 f   LIBCMT:vsnprint.obj
 0001:00029f6b       __vsnprintf_l              4002af6b f   LIBCMT:vsnprint.obj
 0001:0002a017       __vsprintf_l               4002b017 f   LIBCMT:vsprintf.obj
 0001:0002a09b       _vsprintf                  4002b09b f   LIBCMT:vsprintf.obj
 0001:0002a0c0       _strncpy                   4002b0c0 f   LIBCMT:strncpy.obj
 0001:0002a1e4       __toupper_l                4002b1e4 f   LIBCMT:toupper.obj
 0001:0002a328       _toupper                   4002b328 f   LIBCMT:toupper.obj
 0001:0002a354       __tolower_l                4002b354 f   LIBCMT:tolower.obj
 0001:0002a497       _tolower                   4002b497 f   LIBCMT:tolower.obj
 0001:0002a4d0       _memcpy                    4002b4d0 f   LIBCMT:memcpy.obj
 0001:0002ab20       __ftol2_sse                4002bb20 f   LIBCMT:ftol2.obj
 0001:0002ab29       __ftol2_pentium4           4002bb29 f   LIBCMT:ftol2.obj
 0001:0002ab3c       __ftol2_sse_excpt          4002bb3c f   LIBCMT:ftol2.obj
 0001:0002ab56       __ftol2                    4002bb56 f   LIBCMT:ftol2.obj
 0001:0002abd0       _strstr                    4002bbd0 f   LIBCMT:strstr.obj
 0001:0002ae33       _sprintf                   4002be33 f   LIBCMT:sprintf.obj
 0001:0002aec0       _strncat                   4002bec0 f   LIBCMT:strncat.obj
 0001:0002b000       _strrchr                   4002c000 f   LIBCMT:strrchr.obj
 0001:0002b140       _qsort                     4002c140 f   LIBCMT:qsort.obj
 0001:0002b547       _free                      4002c547 f   LIBCMT:free.obj
 0001:0002b57f       _malloc                    4002c57f f   LIBCMT:malloc.obj
 0001:0002b611       _realloc                   4002c611 f   LIBCMT:realloc.obj
 0001:0002b6c0       _ceil                      4002c6c0 f   LIBCMT:ceil_pentium4.obj
 0001:0002b700       __ceil_pentium4            4002c700 f   LIBCMT:ceil_pentium4.obj
 0001:0002b7e0       _floor                     4002c7e0 f   LIBCMT:floor_pentium4.obj
 0001:0002b820       __floor_pentium4           4002c820 f   LIBCMT:floor_pentium4.obj
 0001:0002b901       _rand                      4002c901 f   LIBCMT:rand.obj
 0001:0002b922       __strtod_l                 4002c922 f   LIBCMT:strtod.obj
 0001:0002ba39       _strtod                    4002ca39 f   LIBCMT:strtod.obj
 0001:0002ba50       _memmove                   4002ca50 f   LIBCMT:memmove.obj
 0001:0002c0a0       __libm_sse2_tan_precise    4002d0a0 f   LIBCMT:tan_sse2_precise.obj
 0001:0002c310       __CRT_INIT@12              4002d310 f   LIBCMT:dllcrt0.obj
 0001:0002c482       __DllMainCRTStartup@12     4002d482 f   LIBCMT:dllcrt0.obj
 0001:0002c5b3       ___DllXcptFilter           4002d5b3 f   LIBCMT:dllcrt0.obj
 0001:0002c5d8       ___isa_available_init      4002d5d8 f   LIBCMT:cpu_disp.obj
 0001:0002c977       _strtol                    4002d977 f   LIBCMT:strtol.obj
 0001:0002c9cc       __fFATN2                   4002d9cc     LIBCMT:87triga.obj
 0001:0002ca1c       __rtpiby2                  4002da1c     LIBCMT:87triga.obj
 0001:0002ca60       __cintrindisp2             4002da60 f   LIBCMT:87cdisp.obj
 0001:0002ca9e       __cintrindisp1             4002da9e f   LIBCMT:87cdisp.obj
 0001:0002cadb       __ctrandisp2               4002dadb f   LIBCMT:87cdisp.obj
 0001:0002cc6a       __ctrandisp1               4002dc6a f   LIBCMT:87cdisp.obj
 0001:0002cc9d       __fload                    4002dc9d f   LIBCMT:87cdisp.obj
 0001:0002cce0       _cos                       4002dce0 f   LIBCMT:cos.obj
 0001:0002cd20       __CIcos                    4002dd20 f   LIBCMT:cos.obj
 0001:0002cd5b       __CIcos_default            4002dd5b f   LIBCMT:cos.obj
 0001:0002cd6f       __cos_default              4002dd6f     LIBCMT:cos.obj
 0001:0002ce10       _sin                       4002de10 f   LIBCMT:sin.obj
 0001:0002ce50       __CIsin                    4002de50 f   LIBCMT:sin.obj
 0001:0002ce8b       __CIsin_default            4002de8b f   LIBCMT:sin.obj
 0001:0002ce9f       __sin_default              4002de9f     LIBCMT:sin.obj
 0001:0002cf39       __VEC_memset               4002df39 f   LIBCMT:p4_memset.obj
 0001:0002d001       __cfltcvt                  4002e001 f   LIBCMT:cvt.obj
 0001:0002d022       __cfltcvt_l                4002e022 f   LIBCMT:cvt.obj
 0001:0002d0a8       __cftoa_l                  4002e0a8 f   LIBCMT:cvt.obj
 0001:0002d404       __cftoe                    4002e404 f   LIBCMT:cvt.obj
 0001:0002d573       __cftoe_l                  4002e573 f   LIBCMT:cvt.obj
 0001:0002d72d       __cftof_l                  4002e72d f   LIBCMT:cvt.obj
 0001:0002d7ee       __cftog_l                  4002e7ee f   LIBCMT:cvt.obj
 0001:0002d8ed       __cropzeros                4002e8ed f   LIBCMT:cvt.obj
 0001:0002d8fe       __cropzeros_l              4002e8fe f   LIBCMT:cvt.obj
 0001:0002d97e       __fassign                  4002e97e f   LIBCMT:cvt.obj
 0001:0002d996       __fassign_l                4002e996 f   LIBCMT:cvt.obj
 0001:0002d9d8       __forcdecpt                4002e9d8 f   LIBCMT:cvt.obj
 0001:0002d9e9       __forcdecpt_l              4002e9e9 f   LIBCMT:cvt.obj
 0001:0002da5d       __positive                 4002ea5d f   LIBCMT:cvt.obj
 0001:0002da9f       __setdefaultprecision      4002ea9f f   LIBCMT:fp8.obj
 0001:0002dac6       __initp_misc_cfltcvt_tab   4002eac6 f   LIBCMT:cmiscdat.obj
 0001:0002dae5       __call_reportfault         4002eae5 f   LIBCMT:invarg.obj
 0001:0002dc0a       __initp_misc_invarg        4002ec0a f   LIBCMT:invarg.obj
 0001:0002dc17       __invalid_parameter        4002ec17 f   LIBCMT:invarg.obj
 0001:0002dc42       __invalid_parameter_noinfo 4002ec42 f   LIBCMT:invarg.obj
 0001:0002dc52       __invoke_watson            4002ec52 f   LIBCMT:invarg.obj
 0001:0002dc7d       ___doserrno                4002ec7d f   LIBCMT:dosmap.obj
 0001:0002dc90       __dosmaperr                4002ec90 f   LIBCMT:dosmap.obj
 0001:0002dcb1       __errno                    4002ecb1 f   LIBCMT:dosmap.obj
 0001:0002dcc4       __get_errno_from_oserr     4002ecc4 f   LIBCMT:dosmap.obj
 0001:0002dd05       __fltin2                   4002ed05 f   LIBCMT:cfin.obj
 0001:0002ddac       ___strgtold12_l            4002edac f   LIBCMT:strgtold.obj
 0001:0002e554       ___addlocaleref            4002f554 f   LIBCMT:localref.obj
 0001:0002e5e9       ___freetlocinfo            4002f5e9 f   LIBCMT:localref.obj
 0001:0002e743       ___removelocaleref         4002f743 f   LIBCMT:localref.obj
 0001:0002e7e3       ___updatetlocinfo          4002f7e3 f   LIBCMT:localref.obj
 0001:0002e863       __updatetlocinfoEx_nolock  4002f863 f   LIBCMT:localref.obj
 0001:0002e8ae       ___initmbctable            4002f8ae f   LIBCMT:mbctype.obj
 0001:0002eb65       ___updatetmbcinfo          4002fb65 f   LIBCMT:mbctype.obj
 0001:0002ec0b       __setmbcp                  4002fc0b f   LIBCMT:mbctype.obj
 0001:0002edb3       __setmbcp_nolock           4002fdb3 f   LIBCMT:mbctype.obj
 0001:0002ef9e       __isctype_l                4002ff9e f   LIBCMT:isctype.obj
 0001:0002f04f       __freefls@4                4003004f f   LIBCMT:tidtable.obj
 0001:0002f184       __freeptd                  40030184 f   LIBCMT:tidtable.obj
 0001:0002f1ba       __getptd                   400301ba f   LIBCMT:tidtable.obj
 0001:0002f1d2       __getptd_noexit            400301d2 f   LIBCMT:tidtable.obj
 0001:0002f241       __initptd                  40030241 f   LIBCMT:tidtable.obj
 0001:0002f2f4       __mtinit                   400302f4 f   LIBCMT:tidtable.obj
 0001:0002f36a       __mtterm                   4003036a f   LIBCMT:tidtable.obj
 0001:0002f387       @__security_check_cookie@4 40030387 f   LIBCMT:secchk.obj
 0001:0002f3a0       __trandisp1                400303a0 f   LIBCMT:87disp.obj
 0001:0002f407       __trandisp2                40030407 f   LIBCMT:87disp.obj
 0001:0002f493       __rttospopde               40030493     LIBCMT:87disp.obj
 0001:0002f498       __rttospop                 40030498     LIBCMT:87disp.obj
 0001:0002f49a       __rtnospop                 4003049a     LIBCMT:87disp.obj
 0001:0002f49c       __rttosnpop                4003049c     LIBCMT:87disp.obj
 0001:0002f49d       __rtnospopde               4003049d     LIBCMT:87disp.obj
 0001:0002f4a4       __rtzeropop                400304a4     LIBCMT:87disp.obj
 0001:0002f4a6       __rtzeronpop               400304a6     LIBCMT:87disp.obj
 0001:0002f4ab       __rtonepop                 400304ab     LIBCMT:87disp.obj
 0001:0002f4ad       __rtonenpop                400304ad     LIBCMT:87disp.obj
 0001:0002f4b2       __tosnan1                  400304b2     LIBCMT:87disp.obj
 0001:0002f4dd       __nosnan2                  400304dd     LIBCMT:87disp.obj
 0001:0002f4df       __tosnan2                  400304df     LIBCMT:87disp.obj
 0001:0002f507       __nan2                     40030507     LIBCMT:87disp.obj
 0001:0002f546       __rtindfpop                40030546     LIBCMT:87disp.obj
 0001:0002f548       __rtindfnpop               40030548     LIBCMT:87disp.obj
 0001:0002f559       __rttosnpopde              40030559     LIBCMT:87disp.obj
 0001:0002f563       __rtchsifneg               40030563     LIBCMT:87disp.obj
 0001:0002f56a       ___libm_error_support      4003056a f   LIBCMT:libm_error.obj
 0001:0002f860       _acos                      40030860 f   LIBCMT:acos.obj
 0001:0002f8a0       __CIacos                   400308a0 f   LIBCMT:acos.obj
 0001:0002f8db       __CIacos_default           400308db f   LIBCMT:acos.obj
 0001:0002f8ef       __acos_default             400308ef     LIBCMT:acos.obj
 0001:0002f9b0       __CIsqrt                   400309b0 f   LIBCMT:sqrt.obj
 0001:0002f9c4       _sqrt                      400309c4     LIBCMT:sqrt.obj
 0001:0002fa6a       __flsbuf                   40030a6a f   LIBCMT:_flsbuf.obj
 0001:0002fbb9       __output_l                 40030bb9 f   LIBCMT:output.obj
 0001:00030825       __isleadbyte_l             40031825 f i LIBCMT:_wctype.obj
 0001:0003085f       _isleadbyte                4003185f f i LIBCMT:_wctype.obj
 0001:00030a74       ___crtLCMapStringA         40031a74 f   LIBCMT:a_map.obj
 0001:00030aba       __freea                    40031aba f i LIBCMT:a_map.obj
 0001:00030ad8       __locterm                  40031ad8 f   LIBCMT:wsetloca.obj
 0001:00030b2a       __heap_init                40031b2a f   LIBCMT:heapinit.obj
 0001:00030b3f       __heap_term                40031b3f f   LIBCMT:heapinit.obj
 0001:00030b47       __callnewh                 40031b47 f   LIBCMT:handler.obj
 0001:00030b6d       __initp_heap_handler       40031b6d f   LIBCMT:handler.obj
 0001:00030b7a       ___crtCorExitProcess       40031b7a f   LIBCMT:crt0dat.obj
 0001:00030bae       ___crtExitProcess          40031bae f   LIBCMT:crt0dat.obj
 0001:00030bc4       ___freeCrtMemory           40031bc4 f   LIBCMT:crt0dat.obj
 0001:00030cd1       __amsg_exit                40031cd1 f   LIBCMT:crt0dat.obj
 0001:00030ced       __cexit                    40031ced f   LIBCMT:crt0dat.obj
 0001:00030cfc       __cinit                    40031cfc f   LIBCMT:crt0dat.obj
 0001:00030d80       __exit                     40031d80 f   LIBCMT:crt0dat.obj
 0001:00030d94       __init_pointers            40031d94 f   LIBCMT:crt0dat.obj
 0001:00030e02       __initterm_e               40031e02 f   LIBCMT:crt0dat.obj
 0001:00030e24       __lockexit                 40031e24 f   LIBCMT:crt0dat.obj
 0001:00030e2d       __unlockexit               40031e2d f   LIBCMT:crt0dat.obj
 0001:00030f65       __FF_MSGBANNER             40031f65 f   LIBCMT:crt0msg.obj
 0001:00030f9e       __GET_RTERRMSG             40031f9e f   LIBCMT:crt0msg.obj
 0001:00030fc2       __NMSG_WRITE               40031fc2 f   LIBCMT:crt0msg.obj
 0001:0003117f       __sse2_mathfcns_init       4003217f f   LIBCMT:mathfcns.obj
 0001:0003118e       __ceil_default             4003218e f   LIBCMT:ceil.obj
 0001:00031265       __floor_default            40032265 f   LIBCMT:floor.obj
 0001:00031340       _tan                       40032340 f   LIBCMT:tan.obj
 0001:00031380       __CItan                    40032380 f   LIBCMT:tan.obj
 0001:000313bb       __CItan_default            400323bb f   LIBCMT:tan.obj
 0001:000313cf       __tan_default              400323cf     LIBCMT:tan.obj
 0001:0003146d       __XcptFilter               4003246d f   LIBCMT:winxfltr.obj
 0001:000315c8       ___CppXcptFilter           400325c8 f   LIBCMT:winxfltr.obj
 0001:000315e6       __ioinit                   400325e6 f   LIBCMT:ioinit.obj
 0001:0003189a       __ioterm                   4003289a f   LIBCMT:ioinit.obj
 0001:000318ec       __setargv                  400328ec f   LIBCMT:stdargv.obj
 0001:00031b1b       __setenvp                  40032b1b f   LIBCMT:stdenvp.obj
 0001:00031bfc       ___security_init_cookie    40032bfc f   LIBCMT:gs_support.obj
 0001:00031c98       _DllMain@12                40032c98 f   LIBCMT:dllmain.obj
 0001:00031c9e       ___crtGetEnvironmentStringsA 40032c9e f   LIBCMT:a_env.obj
 0001:00031d2b       ___crtFlsAlloc             40032d2b f   LIBCMT:winapisupp.obj
 0001:00031d49       ___crtFlsFree              40032d49 f   LIBCMT:winapisupp.obj
 0001:00031d68       ___crtFlsGetValue          40032d68 f   LIBCMT:winapisupp.obj
 0001:00031d87       ___crtFlsSetValue          40032d87 f   LIBCMT:winapisupp.obj
 0001:00031da9       ___crtInitializeCriticalSectionEx 40032da9 f   LIBCMT:winapisupp.obj
 0001:00031dd7       ___crtIsPackagedApp        40032dd7 f   LIBCMT:winapisupp.obj
 0001:00031e19       ___crtLoadWinApiPointers   40032e19 f   LIBCMT:winapisupp.obj
 0001:000320a4       ___crtSleep                400330a4 f   LIBCMT:winapisupp.obj
 0001:000320b2       ___crtTerminateProcess     400330b2 f   LIBCMT:winapisupp.obj
 0001:000320c7       ___crtUnhandledException   400330c7 f   LIBCMT:winapisupp.obj
 0001:000320dd       __calloc_crt               400330dd f   LIBCMT:crtheap.obj
 0001:00032125       __malloc_crt               40033125 f   LIBCMT:crtheap.obj
 0001:0003216c       __realloc_crt              4003316c f   LIBCMT:crtheap.obj
 0001:000321b6       __RTC_Initialize           400331b6 f   LIBCMT:initsect.obj
 0001:000321d6       __RTC_Terminate            400331d6 f   LIBCMT:initsect.obj
 0001:00032200       __SEH_prolog4              40033200 f   LIBCMT:sehprolg4.obj
 0001:00032245       __SEH_epilog4              40033245 f   LIBCMT:sehprolg4.obj
 0001:00032260       __except_handler4          40033260 f   LIBCMT:chandler4.obj
 0001:000323f4       ___crt_atoflt_l            400333f4 f   LIBCMT:atodbl.obj
 0001:00032498       __atodbl_l                 40033498 f   LIBCMT:atodbl.obj
 0001:00032526       __atoflt_l                 40033526 f   LIBCMT:atodbl.obj
 0001:00032540       __allmul                   40033540 f   LIBCMT:llmul.obj
 0001:00032580       __aulldvrm                 40033580 f   LIBCMT:ulldvrm.obj
 0001:00032615       __87except                 40033615 f   LIBCMT:87except.obj
 0001:00032720       __CIcos_pentium4           40033720 f   LIBCMT:cos_pentium4.obj
 0001:00032738       __cos_pentium4             40033738     LIBCMT:cos_pentium4.obj
 0001:000328d0       __twoToTOS                 400338d0 f   LIBCMT:common.obj
 0001:000328e5       __load_CW                  400338e5 f   LIBCMT:common.obj
 0001:000328fc       __convertTOStoQNaN         400338fc f   LIBCMT:common.obj
 0001:00032915       __fload_withFB             40033915 f   LIBCMT:common.obj
 0001:00032958       __checkTOS_withFB          40033958 f   LIBCMT:common.obj
 0001:0003296e       __fast_exit                4003396e f   LIBCMT:common.obj
 0001:0003297b       __math_exit                4003397b f   LIBCMT:common.obj
 0001:000329a5       __check_overflow_exit      400339a5 f   LIBCMT:common.obj
 0001:000329b9       __check_range_exit         400339b9 f   LIBCMT:common.obj
 0001:00032a60       __startTwoArgErrorHandling 40033a60 f   LIBCMT:genexcep.obj
 0001:00032a77       __startOneArgErrorHandling 40033a77 f   LIBCMT:genexcep.obj
 0001:00032ac0       __CIsin_pentium4           40033ac0 f   LIBCMT:sin_pentium4.obj
 0001:00032ad8       __sin_pentium4             40033ad8     LIBCMT:sin_pentium4.obj
 0001:00032c88       __isdigit_l                40033c88 f i LIBCMT:_ctype.obj
 0001:00032cda       _isdigit                   40033cda f i LIBCMT:_ctype.obj
 0001:00032d05       _strcpy_s                  40033d05 f   LIBCMT:strcpy_s.obj
 0001:00032d60       _strlen                    40033d60 f   LIBCMT:strlen.obj
 0001:00032deb       __fptostr                  40033deb f   LIBCMT:_fptostr.obj
 0001:00032e9b       ___dtold                   40033e9b f   LIBCMT:cfout.obj
 0001:00032f63       __fltout2                  40033f63 f   LIBCMT:cfout.obj
 0001:00033000       __alldvrm                  40034000 f   LIBCMT:lldvrm.obj
 0001:000330e0       __aullshr                  400340e0 f   LIBCMT:ullshr.obj
 0001:000330ff       __controlfp_s              400340ff f   LIBCMT:contrlfp.obj
 0001:0003315c       __fptrap                   4003415c f   LIBCMT:crt0fp.obj
 0001:00033165       __crt_debugger_hook        40034165 f   LIBCMT:dbghook.obj
 0001:0003316d       __ld12tod                  4003416d f   LIBCMT:intrncvt.obj
 0001:000336df       __ld12tof                  400346df f   LIBCMT:intrncvt.obj
 0001:00033c51       ___mtold12                 40034c51 f   LIBCMT:mantold.obj
 0001:00033e31       __lock                     40034e31 f   LIBCMT:mlock.obj
 0001:00033e65       __mtdeletelocks            40034e65 f   LIBCMT:mlock.obj
 0001:00033eb9       __mtinitlocknum            40034eb9 f   LIBCMT:mlock.obj
 0001:00033f62       __mtinitlocks              40034f62 f   LIBCMT:mlock.obj
 0001:00033f9b       __unlock                   40034f9b f   LIBCMT:mlock.obj
 0001:00033fb0       ___free_lconv_mon          40034fb0 f   LIBCMT:initmon.obj
 0001:000340ac       ___free_lconv_num          400350ac f   LIBCMT:initnum.obj
 0001:00034113       ___free_lc_time            40035113 f   LIBCMT:inittime.obj
 0001:0003458b       ___crtGetStringTypeA       4003558b f   LIBCMT:a_str.obj
 0001:000345cb       ___raise_securityfailure   400355cb f   LIBCMT:gs_report.obj
 0001:00034608       ___report_gsfailure        40035608 f   LIBCMT:gs_report.obj
 0001:00034703       __matherr                  40035703 f   LIBCMT:matherr.obj
 0001:00034710       __CIacos_pentium4          40035710 f   LIBCMT:acos_pentium4.obj
 0001:00034728       __acos_pentium4            40035728     LIBCMT:acos_pentium4.obj
 0001:00034c64       ___initstdio               40035c64 f   LIBCMT:_file.obj
 0001:00034cd7       ___endstdio                40035cd7 f   LIBCMT:_file.obj
 0001:00034cfe       ___iob_func                40035cfe f   LIBCMT:_file.obj
 0001:00034d04       __lock_file                40035d04 f   LIBCMT:_file.obj
 0001:00034d43       __lock_file2               40035d43 f   LIBCMT:_file.obj
 0001:00034d73       __unlock_file              40035d73 f   LIBCMT:_file.obj
 0001:00034dad       __unlock_file2             40035dad f   LIBCMT:_file.obj
 0001:00034dda       __fileno                   40035dda f   LIBCMT:fileno.obj
 0001:00034dfe       __isatty                   40035dfe f   LIBCMT:isatty.obj
 0001:00034e52       __write                    40035e52 f   LIBCMT:write.obj
 0001:00034f41       __write_nolock             40035f41 f   LIBCMT:write.obj
 0001:000357a6       __lseeki64                 400367a6 f   LIBCMT:lseeki64.obj
 0001:000358a2       __lseeki64_nolock          400368a2 f   LIBCMT:lseeki64.obj
 0001:00035915       __getbuf                   40036915 f   LIBCMT:_getbuf.obj
 0001:0003595b       __get_printf_count_output  4003695b f   LIBCMT:printf.obj
 0001:00035970       __wctomb_s_l               40036970 f   LIBCMT:wctomb.obj
 0001:00035a94       _wctomb_s                  40036a94 f   LIBCMT:wctomb.obj
 0001:00035aaf       _GetTableIndexFromLocaleName 40036aaf f   LIBCMT:winapinls.obj
 0001:00035afd       ___crtDownlevelLocaleNameToLCID 40036afd f   LIBCMT:winapinls.obj
 0001:00035b27       ___crtLCMapStringEx        40036b27 f   LIBCMT:winapinls.obj
 0001:00035b73       ___wcsnicmp_ascii          40036b73 f   LIBCMT:winapinls.obj
 0001:00035bf0       __alloca_probe_16          40036bf0 f   LIBCMT:alloca16.obj
 0001:00035c06       __alloca_probe_8           40036c06     LIBCMT:alloca16.obj
 0001:00035c1c       _wcscat_s                  40036c1c f   LIBCMT:wcscat_s.obj
 0001:00035c88       _wcscpy_s                  40036c88 f   LIBCMT:wcscpy_s.obj
 0001:00035ce4       _wcslen                    40036ce4 f   LIBCMT:wcslen.obj
 0001:00035cfd       _wcsncpy_s                 40036cfd f   LIBCMT:wcsncpy_s.obj
 0001:00035dc0       __FindPESection            40036dc0 f   LIBCMT:pesect.obj
 0001:00035e10       __IsNonwritableInCurrentImage 40036e10 f   LIBCMT:pesect.obj
 0001:00035ed0       __ValidateImageBase        40036ed0 f   LIBCMT:pesect.obj
 0001:00035f01       ___onexitinit              40036f01 f   LIBCMT:onexit.obj
 0001:00035f30       __onexit                   40036f30 f   LIBCMT:onexit.obj
 0001:0003602c       _atexit                    4003702c f   LIBCMT:onexit.obj
 0001:00036041       ?terminate@@YAXXZ          40037041 f   LIBCMT:hooks.obj
 0001:00036075       __initp_eh_hooks           40037075 f   LIBCMT:hooks.obj
 0001:00036086       __initp_misc_purevirt      40037086 f   LIBCMT:inithelp.obj
 0001:00036093       ___get_sigabrt             40037093 f   LIBCMT:winsig.obj
 0001:000360a0       __initp_misc_winsig        400370a0 f   LIBCMT:winsig.obj
 0001:000360bc       _raise                     400370bc f   LIBCMT:winsig.obj
 0001:000362b1       __initp_misc_rand_s        400372b1 f   LIBCMT:rand_s.obj
 0001:000362be       __set_error_mode           400372be f   LIBCMT:errmode.obj
 0001:000362fe       ___crtMessageBoxW          400372fe f   LIBCMT:crtmboxw.obj
 0001:000364e4       __frnd                     400374e4 f   LIBCMT:frnd.obj
 0001:000364f8       __errcode                  400374f8 f   LIBCMT:fpexcept.obj
 0001:0003652a       __except1                  4003752a f   LIBCMT:fpexcept.obj
 0001:000365f2       __handle_exc               400375f2 f   LIBCMT:fpexcept.obj
 0001:000367d0       __handle_qnan1             400377d0 f   LIBCMT:fpexcept.obj
 0001:00036820       __raise_exc                40037820 f   LIBCMT:fpexcept.obj
 0001:00036841       __raise_exc_ex             40037841 f   LIBCMT:fpexcept.obj
 0001:00036b26       __set_errno_from_matherr   40037b26 f   LIBCMT:fpexcept.obj
 0001:00036b53       __umatherr                 40037b53 f   LIBCMT:fpexcept.obj
 0001:00036bf3       __decomp                   40037bf3 f   LIBCMT:util.obj
 0001:00036cc5       __set_exp                  40037cc5 f   LIBCMT:util.obj
 0001:00036cf4       __sptype                   40037cf4 f   LIBCMT:util.obj
 0001:00036d4f       ___set_fpsr_sse2           40037d4f f   LIBCMT:fpctrl.obj
 0001:00036dc5       __clrfp                    40037dc5 f   LIBCMT:fpctrl.obj
 0001:00036dd6       __ctrlfp                   40037dd6 f   LIBCMT:fpctrl.obj
 0001:00036e01       __set_statfp               40037e01 f   LIBCMT:fpctrl.obj
 0001:00036e59       __statfp                   40037e59 f   LIBCMT:fpctrl.obj
 0001:00036e70       __CItan_pentium4           40037e70 f   LIBCMT:tan_pentium4.obj
 0001:00036e88       __tan_pentium4             40037e88     LIBCMT:tan_pentium4.obj
 0001:000370d0       __local_unwind4            400380d0 f   LIBCMT:exsup4.obj
 0001:000371a6       __seh_longjmp_unwind4@4    400381a6 f   LIBCMT:exsup4.obj
 0001:000371c2       @_EH4_CallFilterFunc@8     400381c2 f   LIBCMT:exsup4.obj
 0001:000371d9       @_EH4_TransferToHandler@8  400381d9 f   LIBCMT:exsup4.obj
 0001:000371f2       @_EH4_GlobalUnwind2@8      400381f2 f   LIBCMT:exsup4.obj
 0001:0003720b       @_EH4_LocalUnwind@16       4003820b f   LIBCMT:exsup4.obj
 0001:0003727c       __ismbblead                4003827c f   LIBCMT:ismbbyte.obj
 0001:00037292       __calloc_impl              40038292 f   LIBCMT:calloc_impl.obj
 0001:0003730c       _$I10_OUTPUT               4003830c f   LIBCMT:x10fout.obj
 0001:00037d89       __control87                40038d89 f i LIBCMT:ieee87.obj
 0001:00038122       __fcloseall                40039122 f   LIBCMT:closeall.obj
 0001:000381bf       __fflush_nolock            400391bf f   LIBCMT:fflush.obj
 0001:00038205       __flush                    40039205 f   LIBCMT:fflush.obj
 0001:00038269       __flushall                 40039269 f   LIBCMT:fflush.obj
 0001:00038356       ___lock_fhandle            40039356 f   LIBCMT:osfinfo.obj
 0001:000383e4       __free_osfhnd              400393e4 f   LIBCMT:osfinfo.obj
 0001:0003846a       __get_osfhandle            4003946a f   LIBCMT:osfinfo.obj
 0001:000384d1       __unlock_fhandle           400394d1 f   LIBCMT:osfinfo.obj
 0001:000384f7       __mbtowc_l                 400394f7 f   LIBCMT:mbtowc.obj
 0001:000385ec       _mbtowc                    400395ec f   LIBCMT:mbtowc.obj
 0001:00038604       __putwch_nolock            40039604 f   LIBCMT:putwch.obj
 0001:00038647       __msize                    40039647 f   LIBCMT:msize.obj
 0001:00038678       _abort                     40039678 f   LIBCMT:abort.obj
 0001:000386c0       __global_unwind2           400396c0 f   LIBCMT:exsup.obj
 0001:00038725       __local_unwind2            40039725 f   LIBCMT:exsup.obj
 0001:000387a9       __abnormal_termination     400397a9 f   LIBCMT:exsup.obj
 0001:000387cc       __NLG_Notify1              400397cc f   LIBCMT:exsup.obj
 0001:000387d5       __NLG_Notify               400397d5 f   LIBCMT:exsup.obj
 0001:000387ec       __NLG_Dispatch             400397ec     LIBCMT:exsup.obj
 0001:000387ec       __NLG_Dispatch2            400397ec     LIBCMT:exsup.obj
 0001:000387f4       __NLG_Call                 400397f4 f   LIBCMT:exsup.obj
 0001:000387f6       __NLG_Return2              400397f6     LIBCMT:exsup.obj
 0001:000387f7       __fclose_nolock            400397f7 f   LIBCMT:fclose.obj
 0001:00038863       _fclose                    40039863 f   LIBCMT:fclose.obj
 0001:000388da       __commit                   400398da f   LIBCMT:commit.obj
 0001:000389c3       ___termconout              400399c3 f   LIBCMT:initcon.obj
 0001:000389da       ___initconout              400399da f   LIBCMT:initcon.obj
 0001:000389f9       __close                    400399f9 f   LIBCMT:close.obj
 0001:00038ad4       __close_nolock             40039ad4 f   LIBCMT:close.obj
 0001:00038b6e       __freebuf                  40039b6e f   LIBCMT:_freebuf.obj
 0001:00038b9e       _IsProcessorFeaturePresent@4 40039b9e f   kernel32:KERNEL32.dll
 0001:00038ba4       _RtlUnwind@16              40039ba4 f   kernel32:KERNEL32.dll
 0001:00038baa       ___ascii_stricmp           40039baa f   LIBCMT:stricmp.obj
 0001:00038be3       __stricmp                  40039be3 f   LIBCMT:stricmp.obj
 0001:00038be3       _stricmp                   40039be3 f   LIBCMT:stricmp.obj
 0001:00038c2a       __stricmp_l                40039c2a f   LIBCMT:stricmp.obj
 0001:00038cbf       __strnicmp                 40039cbf f   LIBCMT:strnicmp.obj
 0001:00038cbf       _strnicmp                  40039cbf f   LIBCMT:strnicmp.obj
 0001:00038d2a       __strnicmp_l               40039d2a f   LIBCMT:strnicmp.obj
 0001:00038f50       _strupr                    40039f50 f   LIBCMT:strupr.obj
 0001:00038f50       __strupr                   40039f50 f   LIBCMT:strupr.obj
 0001:00038fab       __strupr_s_l               40039fab f   LIBCMT:strupr.obj
 0001:00038fe0       ___ascii_strnicmp          40039fe0 f   LIBCMT:_strnicm.obj
 0001:00039041       _strnlen                   4003a041 f   LIBCMT:strlen_s.obj
 0002:00000000       __imp__GetLastError@0      4003b000     kernel32:KERNEL32.dll
 0002:00000004       __imp__HeapFree@12         4003b004     kernel32:KERNEL32.dll
 0002:00000008       __imp__HeapAlloc@12        4003b008     kernel32:KERNEL32.dll
 0002:0000000c       __imp__HeapReAlloc@16      4003b00c     kernel32:KERNEL32.dll
 0002:00000010       __imp__GetCommandLineA@0   4003b010     kernel32:KERNEL32.dll
 0002:00000014       __imp__GetCurrentThreadId@0 4003b014     kernel32:KERNEL32.dll
 0002:00000018       __imp__IsProcessorFeaturePresent@4 4003b018     kernel32:KERNEL32.dll
 0002:0000001c       __imp__EncodePointer@4     4003b01c     kernel32:KERNEL32.dll
 0002:00000020       __imp__IsDebuggerPresent@0 4003b020     kernel32:KERNEL32.dll
 0002:00000024       __imp__DecodePointer@4     4003b024     kernel32:KERNEL32.dll
 0002:00000028       __imp__IsValidCodePage@4   4003b028     kernel32:KERNEL32.dll
 0002:0000002c       __imp__GetACP@0            4003b02c     kernel32:KERNEL32.dll
 0002:00000030       __imp__GetOEMCP@0          4003b030     kernel32:KERNEL32.dll
 0002:00000034       __imp__GetCPInfo@8         4003b034     kernel32:KERNEL32.dll
 0002:00000038       __imp__SetLastError@4      4003b038     kernel32:KERNEL32.dll
 0002:0000003c       __imp__MultiByteToWideChar@24 4003b03c     kernel32:KERNEL32.dll
 0002:00000040       __imp__WideCharToMultiByte@32 4003b040     kernel32:KERNEL32.dll
 0002:00000044       __imp__GetProcessHeap@0    4003b044     kernel32:KERNEL32.dll
 0002:00000048       __imp__ExitProcess@4       4003b048     kernel32:KERNEL32.dll
 0002:0000004c       __imp__GetModuleHandleExW@12 4003b04c     kernel32:KERNEL32.dll
 0002:00000050       __imp__GetProcAddress@8    4003b050     kernel32:KERNEL32.dll
 0002:00000054       __imp__GetStdHandle@4      4003b054     kernel32:KERNEL32.dll
 0002:00000058       __imp__WriteFile@20        4003b058     kernel32:KERNEL32.dll
 0002:0000005c       __imp__GetModuleFileNameW@12 4003b05c     kernel32:KERNEL32.dll
 0002:00000060       __imp__GetFileType@4       4003b060     kernel32:KERNEL32.dll
 0002:00000064       __imp__DeleteCriticalSection@4 4003b064     kernel32:KERNEL32.dll
 0002:00000068       __imp__GetStartupInfoW@4   4003b068     kernel32:KERNEL32.dll
 0002:0000006c       __imp__GetModuleFileNameA@12 4003b06c     kernel32:KERNEL32.dll
 0002:00000070       __imp__QueryPerformanceCounter@4 4003b070     kernel32:KERNEL32.dll
 0002:00000074       __imp__GetCurrentProcessId@0 4003b074     kernel32:KERNEL32.dll
 0002:00000078       __imp__GetSystemTimeAsFileTime@4 4003b078     kernel32:KERNEL32.dll
 0002:0000007c       __imp__GetEnvironmentStringsW@0 4003b07c     kernel32:KERNEL32.dll
 0002:00000080       __imp__FreeEnvironmentStringsW@4 4003b080     kernel32:KERNEL32.dll
 0002:00000084       __imp__UnhandledExceptionFilter@4 4003b084     kernel32:KERNEL32.dll
 0002:00000088       __imp__SetUnhandledExceptionFilter@4 4003b088     kernel32:KERNEL32.dll
 0002:0000008c       __imp__InitializeCriticalSectionAndSpinCount@8 4003b08c     kernel32:KERNEL32.dll
 0002:00000090       __imp__Sleep@4             4003b090     kernel32:KERNEL32.dll
 0002:00000094       __imp__GetCurrentProcess@0 4003b094     kernel32:KERNEL32.dll
 0002:00000098       __imp__TerminateProcess@8  4003b098     kernel32:KERNEL32.dll
 0002:0000009c       __imp__TlsAlloc@0          4003b09c     kernel32:KERNEL32.dll
 0002:000000a0       __imp__TlsGetValue@4       4003b0a0     kernel32:KERNEL32.dll
 0002:000000a4       __imp__TlsSetValue@8       4003b0a4     kernel32:KERNEL32.dll
 0002:000000a8       __imp__TlsFree@4           4003b0a8     kernel32:KERNEL32.dll
 0002:000000ac       __imp__GetModuleHandleW@4  4003b0ac     kernel32:KERNEL32.dll
 0002:000000b0       __imp__EnterCriticalSection@4 4003b0b0     kernel32:KERNEL32.dll
 0002:000000b4       __imp__LeaveCriticalSection@4 4003b0b4     kernel32:KERNEL32.dll
 0002:000000b8       __imp__GetStringTypeW@16   4003b0b8     kernel32:KERNEL32.dll
 0002:000000bc       __imp__GetConsoleCP@0      4003b0bc     kernel32:KERNEL32.dll
 0002:000000c0       __imp__GetConsoleMode@8    4003b0c0     kernel32:KERNEL32.dll
 0002:000000c4       __imp__SetFilePointerEx@20 4003b0c4     kernel32:KERNEL32.dll
 0002:000000c8       __imp__LCMapStringW@24     4003b0c8     kernel32:KERNEL32.dll
 0002:000000cc       __imp__LoadLibraryExW@12   4003b0cc     kernel32:KERNEL32.dll
 0002:000000d0       __imp__OutputDebugStringW@4 4003b0d0     kernel32:KERNEL32.dll
 0002:000000d4       __imp__RaiseException@16   4003b0d4     kernel32:KERNEL32.dll
 0002:000000d8       __imp__RtlUnwind@16        4003b0d8     kernel32:KERNEL32.dll
 0002:000000dc       __imp__SetStdHandle@8      4003b0dc     kernel32:KERNEL32.dll
 0002:000000e0       __imp__WriteConsoleW@20    4003b0e0     kernel32:KERNEL32.dll
 0002:000000e4       __imp__HeapSize@12         4003b0e4     kernel32:KERNEL32.dll
 0002:000000e8       __imp__FlushFileBuffers@4  4003b0e8     kernel32:KERNEL32.dll
 0002:000000ec       __imp__CreateFileW@28      4003b0ec     kernel32:KERNEL32.dll
 0002:000000f0       __imp__CloseHandle@4       4003b0f0     kernel32:KERNEL32.dll
 0002:000000f4       \177KERNEL32_NULL_THUNK_DATA 4003b0f4     kernel32:KERNEL32.dll
 0002:000000f8       ___xc_a                    4003b0f8     LIBCMT:crt0init.obj
 0002:000000fc       ___xc_z                    4003b0fc     LIBCMT:crt0init.obj
 0002:00000100       ___xi_a                    4003b100     LIBCMT:crt0init.obj
 0002:00000118       ___xi_z                    4003b118     LIBCMT:crt0init.obj
 0002:0000011c       ___xp_a                    4003b11c     LIBCMT:crt0init.obj
 0002:0000012c       ___xp_z                    4003b12c     LIBCMT:crt0init.obj
 0002:00000130       ___xt_a                    4003b130     LIBCMT:crt0init.obj
 0002:00000134       ___xt_z                    4003b134     LIBCMT:crt0init.obj
 0002:00000140       ??_C@_0CK@OFDEGMIN@models?1weapons2?1bowcaster?1bowcas@ 4003b140     bg_misc.obj
 0002:0000016c       ??_C@_0CI@MANABGJH@models?1weapons2?1bowcaster?1bowcas@ 4003b16c     bg_misc.obj
 0002:00000194       ??_C@_0BJ@CHKJPOAH@gfx?1hud?1w_icon_bowcaster?$AA@ 4003b194     bg_misc.obj
 0002:000001b0       ??_C@_0BM@MHHBLDA@?$EAMENUS_THIS_ARCHAIC_LOOKING?$AA@ 4003b1b0     bg_misc.obj
 0002:000001cc       ??_C@_0BA@BKCKPFDA@weapon_repeater?$AA@ 4003b1cc     bg_misc.obj
 0002:000001dc       ??_C@_0DE@LBIFBLHF@models?1weapons2?1heavy_repeater?1h@ 4003b1dc     bg_misc.obj
 0002:00000210       ??_C@_0DC@FAHGABEB@models?1weapons2?1heavy_repeater?1h@ 4003b210     bg_misc.obj
 0002:00000244       ??_C@_0BI@LOPKELCD@gfx?1hud?1w_icon_repeater?$AA@ 4003b244     bg_misc.obj
 0002:0000025c       ??_C@_0CD@FCKGGFFG@?$EAMENUS_THIS_DESTRUCTIVE_PROJECTI@ 4003b25c     bg_misc.obj
 0002:00000280       ??_C@_0N@MBLCNHPF@weapon_demp2?$AA@ 4003b280     bg_misc.obj
 0002:00000290       ??_C@_0CC@DIKAHCC@models?1weapons2?1demp2?1demp2_w?4gl@ 4003b290     bg_misc.obj
 0002:000002b4       ??_C@_0CA@PKACJAPI@models?1weapons2?1demp2?1demp2?4md3?$AA@ 4003b2b4     bg_misc.obj
 0002:000002d4       ??_C@_0BF@BPEBOIFE@gfx?1hud?1w_icon_demp2?$AA@ 4003b2d4     bg_misc.obj
 0002:000002ec       ??_C@_0BM@BCDPDFEB@?$EAMENUS_COMMONLY_REFERRED_TO?$AA@ 4003b2ec     bg_misc.obj
 0002:00000308       ??_C@_0BB@HNIDLLLF@weapon_flechette?$AA@ 4003b308     bg_misc.obj
 0002:0000031c       ??_C@_0CM@GDMOBBJ@models?1weapons2?1golan_arms?1golan@ 4003b31c     bg_misc.obj
 0002:00000348       ??_C@_0CK@CNAHGKMH@models?1weapons2?1golan_arms?1golan@ 4003b348     bg_misc.obj
 0002:00000374       ??_C@_0BJ@PJJJCKNF@gfx?1hud?1w_icon_flechette?$AA@ 4003b374     bg_misc.obj
 0002:00000390       ??_C@_0CE@HHDMNMLP@?$EAMENUS_WIDELY_USED_BY_THE_CORPOR@ 4003b390     bg_misc.obj
 0002:000003b4       ??_C@_0BH@CFPMIEJH@weapon_rocket_launcher?$AA@ 4003b3b4     bg_misc.obj
 0002:000003cc       ??_C@_0CK@IJJCBMNO@models?1weapons2?1merr_sonn?1merr_s@ 4003b3cc     bg_misc.obj
 0002:000003f8       ??_C@_0CI@CPIMDKHH@models?1weapons2?1merr_sonn?1merr_s@ 4003b3f8     bg_misc.obj
 0002:00000420       ??_C@_0BI@DDNFEDEJ@gfx?1hud?1w_icon_merrsonn?$AA@ 4003b420     bg_misc.obj
 0002:00000438       ??_C@_0CC@EJOKBHDJ@?$EAMENUS_THE_PLX_2M_IS_AN_EXTREMEL@ 4003b438     bg_misc.obj
 0002:0000045c       ??_C@_0N@IBCNMHOJ@ammo_thermal?$AA@ 4003b45c     bg_misc.obj
 0002:0000046c       ??_C@_0CH@BBPIBDBM@models?1weapons2?1thermal?1thermal_@ 4003b46c     bg_misc.obj
 0002:00000494       ??_C@_0CG@CCBCCJGG@models?1weapons2?1thermal?1thermal_@ 4003b494     bg_misc.obj
 0002:000004bc       ??_C@_0CE@PJGNCPEG@models?1weapons2?1thermal?1thermal?4@ 4003b4bc     bg_misc.obj
 0002:000004e0       ??_C@_0BH@OIMKPGPF@gfx?1hud?1w_icon_thermal?$AA@ 4003b4e0     bg_misc.obj
 0002:000004f8       ??_C@_0BN@FMFLLCGL@?$EAMENUS_THE_THERMAL_DETONATOR?$AA@ 4003b4f8     bg_misc.obj
 0002:00000518       ??_C@_0O@GAPOPCOE@ammo_tripmine?$AA@ 4003b518     bg_misc.obj
 0002:00000528       ??_C@_0CN@JOEHJLGB@models?1weapons2?1laser_trap?1laser@ 4003b528     bg_misc.obj
 0002:00000558       ??_C@_0CM@PIAEKLLK@models?1weapons2?1laser_trap?1laser@ 4003b558     bg_misc.obj
 0002:00000584       ??_C@_0CK@BPCANEAG@models?1weapons2?1laser_trap?1laser@ 4003b584     bg_misc.obj
 0002:000005b0       ??_C@_0BI@HEJGEJJK@gfx?1hud?1w_icon_tripmine?$AA@ 4003b5b0     bg_misc.obj
 0002:000005c8       ??_C@_0BN@CMMDBNGF@?$EAMENUS_TRIP_MINES_CONSIST_OF?$AA@ 4003b5c8     bg_misc.obj
 0002:000005e8       ??_C@_0N@CIBIOIEN@ammo_detpack?$AA@ 4003b5e8     bg_misc.obj
[...]
 0002:00015640       SC_4                       40050640     LIBCMT:cos_pentium4.obj
 0002:00015650       PI32INV                    40050650     LIBCMT:cos_pentium4.obj
 0002:00015658       SHIFTER                    40050658     LIBCMT:cos_pentium4.obj
 0002:00015660       P_2                        40050660     LIBCMT:cos_pentium4.obj
 0002:00015670       P_1                        40050670     LIBCMT:cos_pentium4.obj
 0002:00015678       P_3                        40050678     LIBCMT:cos_pentium4.obj
 0002:00015680       TWO_POW_55                 40050680     LIBCMT:cos_pentium4.obj
 0002:00015688       TWO_POW_M55                40050688     LIBCMT:cos_pentium4.obj
 0002:00015690       ALL_ONES                   40050690     LIBCMT:cos_pentium4.obj
 0002:00015698       NEG_ZERO                   40050698     LIBCMT:cos_pentium4.obj
 0002:000156a0       ONE                        400506a0     LIBCMT:cos_pentium4.obj
 0002:000156b0       SIGN_MASK                  400506b0     LIBCMT:cos_pentium4.obj
 0002:000156c0       One                        400506c0     LIBCMT:common.obj
 0002:000156d4       DblMax                     400506d4     LIBCMT:common.obj
 0002:000156dc       DblMin                     400506dc     LIBCMT:common.obj
 0002:000156e4       IeeeAdjO                   400506e4     LIBCMT:common.obj
 0002:000156ec       IeeeAdjU                   400506ec     LIBCMT:common.obj
 0002:000156f4       _infinity                  400506f4     LIBCMT:common.obj
 0002:000156fc       _zero                      400506fc     LIBCMT:common.obj
 0002:00015710       Ctable                     40050710     LIBCMT:sin_pentium4.obj
 0002:00015f10       SC_1                       40050f10     LIBCMT:sin_pentium4.obj
 0002:00015f20       SC_2                       40050f20     LIBCMT:sin_pentium4.obj
 0002:00015f30       SC_3                       40050f30     LIBCMT:sin_pentium4.obj
 0002:00015f40       SC_4                       40050f40     LIBCMT:sin_pentium4.obj
 0002:00015f50       PI32INV                    40050f50     LIBCMT:sin_pentium4.obj
 0002:00015f58       SHIFTER                    40050f58     LIBCMT:sin_pentium4.obj
 0002:00015f60       P_2                        40050f60     LIBCMT:sin_pentium4.obj
 0002:00015f70       P_1                        40050f70     LIBCMT:sin_pentium4.obj
 0002:00015f78       P_3                        40050f78     LIBCMT:sin_pentium4.obj
 0002:00015f80       TWO_POW_55                 40050f80     LIBCMT:sin_pentium4.obj
 0002:00015f88       TWO_POW_M55                40050f88     LIBCMT:sin_pentium4.obj
 0002:00015f90       ALL_ONES                   40050f90     LIBCMT:sin_pentium4.obj
 0002:00015f98       NEG_ZERO                   40050f98     LIBCMT:sin_pentium4.obj
 0002:00015fa0       ONE                        40050fa0     LIBCMT:sin_pentium4.obj
 0002:00015fb0       _GS_ExceptionPointers      40050fb0     LIBCMT:gs_report.obj
 0002:000167c0       Shifter                    400517c0     LIBCMT:acos_pentium4.obj
 0002:000167d0       Tbl_addr                   400517d0     LIBCMT:acos_pentium4.obj
 0002:000176d0       T_table                    400526d0     LIBCMT:acos_pentium4.obj
 0002:00017ed0       PI_BY_2                    40052ed0     LIBCMT:acos_pentium4.obj
 0002:00017ee0       NEG_PI                     40052ee0     LIBCMT:acos_pentium4.obj
 0002:00017ef0       PI                         40052ef0     LIBCMT:acos_pentium4.obj
 0002:00017f00       SIGNMASK                   40052f00     LIBCMT:acos_pentium4.obj
 0002:00017f10       HALFMASK                   40052f10     LIBCMT:acos_pentium4.obj
 0002:00017f20       HALFMASK2                  40052f20     LIBCMT:acos_pentium4.obj
 0002:00017f30       cv                         40052f30     LIBCMT:acos_pentium4.obj
 0002:00017f50       cv2                        40052f50     LIBCMT:acos_pentium4.obj
 0002:00017f90       ABSVALMASK                 40052f90     LIBCMT:acos_pentium4.obj
 0002:00017f98       TMASK                      40052f98     LIBCMT:acos_pentium4.obj
 0002:00017fa0       ONEMASK                    40052fa0     LIBCMT:acos_pentium4.obj
 0002:00017fa8       ONE_BY_2                   40052fa8     LIBCMT:acos_pentium4.obj
 0002:00017fb0       EMIN                       40052fb0     LIBCMT:acos_pentium4.obj
 0002:00017fb8       MAX_ARG                    40052fb8     LIBCMT:acos_pentium4.obj
 0002:00017fc0       MIN_ARG                    40052fc0     LIBCMT:acos_pentium4.obj
 0002:00017fc8       INF                        40052fc8     LIBCMT:acos_pentium4.obj
 0002:00017fd0       ZERO                       40052fd0     LIBCMT:acos_pentium4.obj
 0002:00017fd8       ALPHA                      40052fd8     LIBCMT:acos_pentium4.obj
 0002:0001a1b0       Ctable                     400551b0     LIBCMT:tan_pentium4.obj
 0002:0001b7b0       PI32INV                    400567b0     LIBCMT:tan_pentium4.obj
 0002:0001b7c0       SHIFTER                    400567c0     LIBCMT:tan_pentium4.obj
 0002:0001b7d0       P_1                        400567d0     LIBCMT:tan_pentium4.obj
 0002:0001b7e0       P_2                        400567e0     LIBCMT:tan_pentium4.obj
 0002:0001b7f0       P_3                        400567f0     LIBCMT:tan_pentium4.obj
 0002:0001b800       QQ_2                       40056800     LIBCMT:tan_pentium4.obj
 0002:0001b808       ONE                        40056808     LIBCMT:tan_pentium4.obj
 0002:0001b810       MASK_35                    40056810     LIBCMT:tan_pentium4.obj
 0002:0001b820       sign_mask                  40056820     LIBCMT:tan_pentium4.obj
 0002:0001b828       TWO_POW_55                 40056828     LIBCMT:tan_pentium4.obj
 0002:0001b830       TWO_POW_M55                40056830     LIBCMT:tan_pentium4.obj
 0002:0001b838       TWO_POW_M53                40056838     LIBCMT:tan_pentium4.obj
 0002:0001b840       INF                        40056840     LIBCMT:tan_pentium4.obj
 0002:0001b8f0       __sehtable$__CRT_INIT@12   400568f0     LIBCMT:dllcrt0.obj
 0002:0001b910       __sehtable$___DllMainCRTStartup 40056910     LIBCMT:dllcrt0.obj
 0002:0001b930       __sehtable$___updatetlocinfo 40056930     LIBCMT:localref.obj
 0002:0001b950       __sehtable$___updatetmbcinfo 40056950     LIBCMT:mbctype.obj
 0002:0001b970       __sehtable$__setmbcp       40056970     LIBCMT:mbctype.obj
 0002:0001b990       __sehtable$__freefls@4     40056990     LIBCMT:tidtable.obj
 0002:0001b9b8       __sehtable$__initptd       400569b8     LIBCMT:tidtable.obj
 0002:0001b9e0       __sehtable$__locterm       400569e0     LIBCMT:wsetloca.obj
 0002:0001ba00       __sehtable$_doexit         40056a00     LIBCMT:crt0dat.obj
 0002:0001ba20       __sehtable$__ioinit        40056a20     LIBCMT:ioinit.obj
 0002:0001ba40       __sehtable$__mtinitlocknum 40056a40     LIBCMT:mlock.obj
 0002:0001ba60       __sehtable$__write         40056a60     LIBCMT:write.obj
 0002:0001ba80       __sehtable$__lseeki64      40056a80     LIBCMT:lseeki64.obj
 0002:0001baa0       __sehtable$__IsNonwritableInCurrentImage 40056aa0     LIBCMT:pesect.obj
 0002:0001bac0       __sehtable$__onexit        40056ac0     LIBCMT:onexit.obj
 0002:0001bae0       __sehtable$?terminate@@YAXXZ 40056ae0     LIBCMT:hooks.obj
 0002:0001bb00       __sehtable$_raise          40056b00     LIBCMT:winsig.obj
 0002:0001bb20       __sehtable$___set_fpsr_sse2 40056b20     LIBCMT:fpctrl.obj
 0002:0001bb40       __sehtable$__fcloseall     40056b40     LIBCMT:closeall.obj
 0002:0001bb60       __sehtable$_flsall         40056b60     LIBCMT:fflush.obj
 0002:0001bb88       __sehtable$___lock_fhandle 40056b88     LIBCMT:osfinfo.obj
 0002:0001bba8       __sehtable$_fclose         40056ba8     LIBCMT:fclose.obj
 0002:0001bbc8       __sehtable$__commit        40056bc8     LIBCMT:commit.obj
 0002:0001bbe8       __sehtable$__close         40056be8     LIBCMT:close.obj
 0002:0001bc10       .edata                     40056c10     uix86.exp
 0002:0001bc38       rgpv                       40056c38     uix86.exp
 0002:0001bc40       rgszName                   40056c40     uix86.exp
 0002:0001bc48       rgwOrd                     40056c48     uix86.exp
 0002:0001bc4c       szName                     40056c4c     uix86.exp
 0002:0001bc56       $N00001                    40056c56     uix86.exp
 0002:0001bc5f       $N00002                    40056c5f     uix86.exp
 0002:0001c1ee       .idata$6                   400571ee     kernel32:KERNEL32.dll
 0003:00000b9c       _bg_poolTail               40058b9c     bg_misc.obj
 0003:00001e40       _holdrand                  40059e40     q_math.obj
 0003:000027b0       ?lastColumn@?1??UI_FeederItemText@@9@9 4005a7b0     ui_main.obj
 0003:000027b4       _cvarTableSize             4005a7b4     ui_main.obj
 0003:000027b8       _cvarTable                 4005a7b8     ui_main.obj
 0003:00002f18       _datapadMoveData           4005af18     ui_main.obj
 0003:00003518       _handicapValues            4005b518     ui_main.obj
 0003:000066cc       _skillLevels               4005e6cc     ui_main.obj
 0003:00006b20       _teamArenaGameTypes        4005eb20     ui_main.obj
 0003:00006b4c       _netnames                  4005eb4c     ui_main.obj
 0003:00006b5c       _gamecodetoui              4005eb5c     ui_main.obj
 0003:00006b78       _uitogamecode              4005eb78     ui_main.obj
 0003:00006d84       ?staticNULL@?1??String_Alloc@@9@9 4005ed84     ui_shared.obj
 0003:000072d0       ?squiggy@?1??PC_String_Parse@@9@9 4005f2d0     ui_shared.obj
 0003:000072d8       _g_bindings                4005f2d8     ui_shared.obj
 0003:00007c20       _syscall                   4005fc20     ui_syscalls.obj
 0003:00007c50       _NAME_                     4005fc50     LIBCMT:cos.obj
 0003:00007c60       _NAME_                     4005fc60     LIBCMT:sin.obj
 0003:00007c90       _errtable                  4005fc90     LIBCMT:dosmap.obj
 0003:00007df8       _ErrnoNoMem                4005fdf8     LIBCMT:dosmap.obj
 0003:00007dfc       _DoserrorNoMem             4005fdfc     LIBCMT:dosmap.obj
 0003:00008228       ___rgctypeflag             40060228     LIBCMT:mbctype.obj
 0003:00008230       ___rgcode_page_info        40060230     LIBCMT:mbctype.obj
 0003:00008570       _NAME_                     40060570     LIBCMT:acos.obj
 0003:00008580       _NAME_                     40060580     LIBCMT:sqrt.obj
 0003:00008590       __ctype_loc_style          40060590     LIBCMT:wsetloca.obj
 0003:00008594       _newcw                     40060594     LIBCMT:ceil.obj
 0003:00008598       _newcw                     40060598     LIBCMT:floor.obj
 0003:000085b0       _NAME_                     400605b0     LIBCMT:tan.obj
 0003:000085f8       ?isPackaged@?1??__crtIsPackagedApp@@9@9 400605f8     LIBCMT:winapisupp.obj
 0003:00008600       _DoubleFormat              40060600     LIBCMT:intrncvt.obj
 0003:00008618       _FloatFormat               40060618     LIBCMT:intrncvt.obj
 0003:000088f0       __locktable                400608f0     LIBCMT:mlock.obj
 0003:00008d00       ?_names@?1??_get_fname@@9@9 40060d00     LIBCMT:fpexcept.obj
 0003:00008e10       _over                      40060e10     LIBCMT:fpctrl.obj
 0003:00008e1c       _under                     40060e1c     LIBCMT:fpctrl.obj
 0003:00008e28       ?__DAZ_ENABLED@?1??__set_fpsr_sse2@@9@9 40060e28     LIBCMT:fpctrl.obj
 0003:00008e60       _bg_poolSize               40060e60     bg_misc.obj
 0003:00008e64       ?i@?1??SnapVector@@9@9     40060e64     bg_misc.obj
 0003:00008e68       ?f@?1??SnapVector@@9@9     40060e68     bg_misc.obj
 0003:00008e70       _bg_pool                   40060e70     bg_misc.obj
 0003:00085ea0       ?bops_initialized@?1??BoxOnPlaneSide@@9@9 400ddea0     q_math.obj
 0003:00085ea4       ?Ljmptab@?1??BoxOnPlaneSide@@9@9 400ddea4     q_math.obj
 0003:00085ec4       ?sr@?1??AngleVectors@@9@9  400ddec4     q_math.obj
 0003:00085ec8       ?sp@?1??AngleVectors@@9@9  400ddec8     q_math.obj
 0003:00085ecc       ?sy@?1??AngleVectors@@9@9  400ddecc     q_math.obj
 0003:00085ed0       ?cr@?1??AngleVectors@@9@9  400dded0     q_math.obj
 0003:00085ed4       ?cp@?1??AngleVectors@@9@9  400dded4     q_math.obj
 0003:00085ed8       ?cy@?1??AngleVectors@@9@9  400dded8     q_math.obj
 0003:00085ee0       ?final@?1??Q_StrReplace@@9@9 400ddee0     q_shared.obj
 0003:000862e0       ?index@?1??va@@9@9         400de2e0     q_shared.obj
 0003:000862e4       ?valueindex@?1??Info_ValueForKey@@9@9 400de2e4     q_shared.obj
 0003:000862e8       _com_token                 400de2e8     q_shared.obj
 0003:000866e8       _com_parsename             400de6e8     q_shared.obj
 0003:00086ae8       _com_lines                 400deae8     q_shared.obj
 0003:00086af0       ?string@?1??COM_ParseError@@9@9 400deaf0     q_shared.obj
 0003:00087af0       ?string@?1??COM_ParseWarning@@9@9 400dfaf0     q_shared.obj
 0003:00088af0       ?temp_buffer@?1??va@@9@9   400e0af0     q_shared.obj
 0003:000907f0       ?string@?1??va@@9@9        400e87f0     q_shared.obj
 0003:000984f0       ?value@?1??Info_ValueForKey@@9@9 400f04f0     q_shared.obj
 0003:0009c4f8       ?buffer@?1??UI_Argv@@9@9   400f44f8     ui_atoms.obj
 0003:0009c8f8       ?buffer@?1??UI_Cvar_VariableString@@9@9 400f48f8     ui_atoms.obj
 0003:0009cd10       _ui_botInfos               400f4d10     ui_gameinfo.obj
 0003:0009dd10       _ui_numArenas              400f5d10     ui_gameinfo.obj
 0003:0009dd18       _ui_arenaInfos             400f5d18     ui_gameinfo.obj
 0003:0009ed18       ?lastTime@?1??UI_FeederItemText@@9@9 400f6d18     ui_main.obj
 0003:0009ed20       ?text@?1??UI_GetStringEdString@@9@9 400f6d20     ui_main.obj
 0003:0009f940       ?cur@?1??siege_Str@@9@9    400f7940     ui_main.obj
 0003:0009f944       ?index@?1??_UI_Refresh@@9@9 400f7944     ui_main.obj
 0003:0009f948       ?strings@?1??siege_Str@@9@9 400f7948     ui_main.obj
 0003:000df948       _UIPAFtext                 40137948     ui_main.obj
 0003:000ee3a8       ?sTemp@?1??GetCRDelineatedString@@9@9 401463a8     ui_main.obj
 0003:000ee4a8       ?previousTimes@?1??_UI_Refresh@@9@9 401464a8     ui_main.obj
 0003:000ee4b8       ?buf@?1??GetMenuBuffer@@9@9 401464b8     ui_main.obj
 0003:000f64b8       ?numinvisible@?1??UI_BuildServerDisplayList@@9@9 4014e4b8     ui_main.obj
 0003:000f64bc       ?numFound@?1??UI_BuildFindPlayerList@@9@9 4014e4bc     ui_main.obj
 0003:000f64c0       ?info@?1??UI_CheckPassword@@9@9 4014e4c0     ui_main.obj
 0003:000f68c0       ?numTimeOuts@?1??UI_BuildFindPlayerList@@9@9 4014e8c0     ui_main.obj
 0003:000f68c4       _lastConnState             4014e8c4     ui_main.obj
 0003:000f68c8       ?info@?1??UI_FeederCount@@9@9 4014e8c8     ui_main.obj
 0003:000f6cc8       ?info@?1??UI_FeederItemText@@9@9 4014ecc8     ui_main.obj
 0003:000f70c8       ?hostname@?1??UI_FeederItemText@@9@9 4014f0c8     ui_main.obj
 0003:000f74c8       ?clientBuff@?1??UI_FeederItemText@@9@9 4014f4c8     ui_main.obj
 0003:000f74e8       ?needPass@?1??UI_FeederItemText@@9@9 4014f4e8     ui_main.obj
 0003:000f7508       ?info@?1??UI_FeederItemImage@@9@9 4014f508     ui_main.obj
 0003:000f7908       ?info2@?CO@??UI_FeederItemImage@@9@9 4014f908     ui_main.obj
 0003:000f7d08       ?info@?1??UI_FeederSelection@@9@9 4014fd08     ui_main.obj
 0003:000f8108       _lastLoadingText           40150108     ui_main.obj
 0003:000f8670       _redSaberGlowShader        40150670     ui_saber.obj
 0003:000f8674       _redSaberCoreShader        40150674     ui_saber.obj
 0003:000f8678       _orangeSaberGlowShader     40150678     ui_saber.obj
 0003:000f867c       _orangeSaberCoreShader     4015067c     ui_saber.obj
 0003:000f8680       _yellowSaberGlowShader     40150680     ui_saber.obj
 0003:000f8684       _yellowSaberCoreShader     40150684     ui_saber.obj
 0003:000f8688       _greenSaberGlowShader      40150688     ui_saber.obj
 0003:000f868c       _greenSaberCoreShader      4015068c     ui_saber.obj
 0003:000f8690       _blueSaberGlowShader       40150690     ui_saber.obj
 0003:000f8694       _blueSaberCoreShader       40150694     ui_saber.obj
 0003:000f8698       _purpleSaberGlowShader     40150698     ui_saber.obj
 0003:000f869c       _purpleSaberCoreShader     4015069c     ui_saber.obj
 0003:000f86a0       _rgbSaberCoreShader        401506a0     ui_saber.obj
 0003:000f86a4       _rgbSaberGlowShader        401506a4     ui_saber.obj
 0003:000f86a8       _rgbSaberCore2Shader       401506a8     ui_saber.obj
 0003:000f86ac       _blackSaberGlowShader      401506ac     ui_saber.obj
 0003:000f86b4       _captureFunc               401506b4     ui_shared.obj
 0003:000f86b8       _captureData               401506b8     ui_shared.obj
 0003:000f86bc       _itemCapture               401506bc     ui_shared.obj
 0003:000f86c4       _g_waitingForKey           401506c4     ui_shared.obj
 0003:000f86c8       _g_editingField            401506c8     ui_shared.obj
 0003:000f86cc       _g_bindItem                401506cc     ui_shared.obj
 0003:000f86d0       _g_editItem                401506d0     ui_shared.obj
 0003:000f86dc       _debugMode                 401506dc     ui_shared.obj
 0003:000f86e0       _lastListBoxClickTime      401506e0     ui_shared.obj
 0003:000f86e4       _strPoolIndex              401506e4     ui_shared.obj
 0003:000f86e8       _strHandleCount            401506e8     ui_shared.obj
 0003:000f86ec       ?inHandleKey@?9??Menu_HandleKey@@9@9 401506ec     ui_shared.obj
 0003:000f86f4       _scrollInfo                401506f4     ui_shared.obj
 0003:000f8714       _allocPoint                40150714     ui_shared.obj
 0003:000f8718       _memoryPool                40150718     ui_shared.obj
 0003:002f8718       _outOfMemory               40350718     ui_shared.obj
 0003:002f8720       _strPool                   40350720     ui_shared.obj
 0003:00358720       _strHandle                 403b0720     ui_shared.obj
 0003:0035a720       ?string@?1??PC_SourceWarning@@9@9 403b2720     ui_shared.obj
 0003:0035b720       ?string@?1??PC_SourceError@@9@9 403b3720     ui_shared.obj
 0003:0035c724       ___proc_attached           403b4724     LIBCMT:dllcrt0.obj
 0003:0035c754       _fSystemSet                403b4754     LIBCMT:mbctype.obj
 0003:0035c758       __pmatherr_set             403b4758     LIBCMT:libm_error.obj
 0003:0035c7a8       ?outmsg@?8??_NMSG_WRITE@@9@9 403b47a8     LIBCMT:crt0msg.obj
 0003:0035ced8       ?_pgmname@?1??_setargv@@9@9 403b4ed8     LIBCMT:stdargv.obj
 0003:0035cfe8       _lclcritsects              403b4fe8     LIBCMT:mlock.obj
 0003:0035d140       _GS_ExceptionRecord        403b5140     LIBCMT:gs_report.obj
 0003:0035d190       _GS_ContextRecord          403b5190     LIBCMT:gs_report.obj
 0003:0035d45c       _DebuggerWasPresent        403b545c     LIBCMT:gs_report.obj
 0003:0035d464       ___enable_percent_n        403b5464     LIBCMT:printf.obj
 0003:0035d468       ___crtCallProc             403b5468     LIBCMT:winapinls.obj
 0003:0035d474       _ctrlc_action              403b5474     LIBCMT:winsig.obj
 0003:0035d478       _ctrlbreak_action          403b5478     LIBCMT:winsig.obj
 0003:0035d47c       _abort_action              403b547c     LIBCMT:winsig.obj
 0003:0035d480       _term_action               403b5480     LIBCMT:winsig.obj
 0003:0035d484       _ConsoleCtrlHandler_Installed 403b5484     LIBCMT:winsig.obj
 0003:0035d488       _g_pfnRtlGenRandom         403b5488     LIBCMT:rand_s.obj
 0003:0035d498       ?pfnMessageBox@?1??__crtMessageBoxW@@9@9 403b5498     LIBCMT:crtmboxw.obj
 0003:0035d49c       ?pfnGetActiveWindow@?1??__crtMessageBoxW@@9@9 403b549c     LIBCMT:crtmboxw.obj
 0003:0035d4a0       ?pfnGetLastActivePopup@?1??__crtMessageBoxW@@9@9 403b54a0     LIBCMT:crtmboxw.obj
 0003:0035d4a4       ?pfnGetProcessWindowStation@?1??__crtMessageBoxW@@9@9 403b54a4     LIBCMT:crtmboxw.obj
 0003:0035d4a8       ?pfnGetUserObjectInformation@?1??__crtMessageBoxW@@9@9 403b54a8     LIBCMT:crtmboxw.obj
 0004:00000060       $R000000                   404e6060     * linker generated manifest res *
